<html>
<body>
<pre>
<h1>µVision Build Log</h1>
<h2>Tool Versions:</h2>
IDE-Version: µVision V5.41.0.0
Copyright (C) 2024 ARM Ltd and ARM Germany GmbH. All rights reserved.
License Information: Danaë Zutterman Vives Student Flex license: MDK Professional 5.41 (Flex) (mdk_pro) Operation stops: 20 Jun 2027
 
Tool Versions:
Toolchain:       MDK Professional 5.41 (Flex)  Version: 5.41.0.0
Toolchain Path:  C:\Users\Gebruiker\AppData\Local\Keil_v5\ARM\ARMCLANG\Bin
C Compiler:      ArmClang.exe V6.22
Assembler:       Armasm.exe V6.22
Linker/Locator:  ArmLink.exe V6.22
Library Manager: ArmAr.exe V6.22
Hex Converter:   FromElf.exe V6.22
CPU DLL:         
Dialog DLL:      
Target DLL:      STLink\ST-LINKIII-KEIL_SWO.dll V3.3.0.0
Dialog DLL:      TCM.DLL V1.56.4.0
 
<h2>Project:</h2>
C:\Users\Gebruiker\Documents\Vives\Fase 2\Fase 2 - Semester 2\Entertainment Tech\Labo-opdrachten\USB_MIDI_H533RE\MDK-ARM\USB_MIDI2.uvprojx
Project File Date:  04/03/2026

<h2>Output:</h2>
*** Using Compiler 'V6.22', folder: 'C:\Users\Gebruiker\AppData\Local\Keil_v5\ARM\ARMCLANG\Bin'
Rebuild target 'USB_MIDI2'
assembling startup_stm32h533xx.s...
compiling stm32h5xx_hal_msp.c...
compiling stm32h5xx_nucleo.c...
compiling stm32h5xx_it.c...
compiling stm32h5xx_hal_gpio.c...
compiling stm32h5xx_hal_flash.c...
compiling stm32h5xx_hal_flash_ex.c...
compiling main.c...
compiling stm32h5xx_hal_dma.c...
compiling stm32h5xx_hal_rcc.c...
compiling stm32h5xx_hal_adc_ex.c...
compiling stm32h5xx_hal_pwr.c...
compiling stm32h5xx_hal_pwr_ex.c...
compiling stm32h5xx_hal_adc.c...
compiling stm32h5xx_hal_cortex.c...
compiling stm32h5xx_hal_rcc_ex.c...
compiling stm32h5xx_hal_spi_ex.c...
compiling stm32h5xx_hal_exti.c...
compiling stm32h5xx_hal.c...
compiling stm32h5xx_hal_dma_ex.c...
compiling stm32h5xx_hal_pcd_ex.c...
compiling stm32h5xx_hal_usart.c...
compiling stm32h5xx_hal_usart_ex.c...
compiling tusb_port.c...
compiling usb_descriptors.c...
compiling stm32h5xx_hal_uart_ex.c...
compiling stm32h5xx_hal_pcd.c...
compiling system_stm32h5xx.c...
compiling stm32h5xx_hal_tim_ex.c...
compiling stm32h5xx_hal_spi.c...
compiling tusb.c...
compiling stm32h5xx_ll_usb.c...
compiling usbd_control.c...
compiling tusb_fifo.c...
compiling midi_device.c...
compiling fsdev_common.c...
compiling usbd.c...
compiling dcd_stm32_fsdev.c...
compiling stm32h5xx_hal_tim.c...
compiling stm32h5xx_hal_uart.c...
linking...
Program Size: Code=31964 RO-data=900 RW-data=68 ZI-data=3404  
FromELF: creating hex file...
"USB_MIDI2\USB_MIDI2.axf" - 0 Error(s), 0 Warning(s).

<h2>Software Packages used:</h2>

Package Vendor: ARM
                https://www.keil.com/pack/ARM.CMSIS.6.1.0.pack
                ARM::CMSIS@6.1.0
                CMSIS (Common Microcontroller Software Interface Standard)
   * Component: CORE Version: 6.1.0

Package Vendor: Keil
                https://www.keil.com/pack/Keil.STM32H5xx_DFP.2.1.1.pack
                Keil::STM32H5xx_DFP@2.1.1
                STMicroelectronics STM32H5 Series Device Support

<h2>Collection of Component include folders:</h2>
  ./RTE/_USB_MIDI2
  C:/Users/Gebruiker/AppData/Local/Arm/Packs/ARM/CMSIS/6.1.0/CMSIS/Core/Include

<h2>Collection of Component Files used:</h2>

   * Component: ARM::CMSIS:CORE@6.1.0
      Include file:  CMSIS/Core/Include/tz_context.h
Build Time Elapsed:  00:00:02
</pre>
</body>
</html>
