Component: Arm Compiler for Embedded 6.22 Tool: armlink [5ee90200]

==============================================================================

Section Cross References

    startup_stm32h533xx.o(RESET) refers to startup_stm32h533xx.o(STACK) for __initial_sp
    startup_stm32h533xx.o(RESET) refers to startup_stm32h533xx.o(.text) for Reset_Handler
    startup_stm32h533xx.o(RESET) refers to stm32h5xx_it.o(.text.NMI_Handler) for NMI_Handler
    startup_stm32h533xx.o(RESET) refers to stm32h5xx_it.o(.text.HardFault_Handler) for HardFault_Handler
    startup_stm32h533xx.o(RESET) refers to stm32h5xx_it.o(.text.MemManage_Handler) for MemManage_Handler
    startup_stm32h533xx.o(RESET) refers to stm32h5xx_it.o(.text.BusFault_Handler) for BusFault_Handler
    startup_stm32h533xx.o(RESET) refers to stm32h5xx_it.o(.text.UsageFault_Handler) for UsageFault_Handler
    startup_stm32h533xx.o(RESET) refers to stm32h5xx_it.o(.text.SVC_Handler) for SVC_Handler
    startup_stm32h533xx.o(RESET) refers to stm32h5xx_it.o(.text.DebugMon_Handler) for DebugMon_Handler
    startup_stm32h533xx.o(RESET) refers to stm32h5xx_it.o(.text.PendSV_Handler) for PendSV_Handler
    startup_stm32h533xx.o(RESET) refers to stm32h5xx_it.o(.text.SysTick_Handler) for SysTick_Handler
    startup_stm32h533xx.o(RESET) refers to stm32h5xx_it.o(.text.EXTI13_IRQHandler) for EXTI13_IRQHandler
    startup_stm32h533xx.o(RESET) refers to stm32h5xx_it.o(.text.GPDMA1_Channel0_IRQHandler) for GPDMA1_Channel0_IRQHandler
    startup_stm32h533xx.o(RESET) refers to stm32h5xx_it.o(.text.USB_DRD_FS_IRQHandler) for USB_DRD_FS_IRQHandler
    startup_stm32h533xx.o(.text) refers to system_stm32h5xx.o(.text.SystemInit) for SystemInit
    startup_stm32h533xx.o(.text) refers to entry.o(.ARM.Collect$$$$00000000) for __main
    main.o(.text.main) refers to stm32h5xx_hal.o(.text.HAL_Init) for HAL_Init
    main.o(.text.main) refers to main.o(.text.SystemClock_Config) for SystemClock_Config
    main.o(.text.main) refers to memseta.o(.text) for __aeabi_memclr4
    main.o(.text.main) refers to stm32h5xx_hal_gpio.o(.text.HAL_GPIO_WritePin) for HAL_GPIO_WritePin
    main.o(.text.main) refers to stm32h5xx_hal_gpio.o(.text.HAL_GPIO_Init) for HAL_GPIO_Init
    main.o(.text.main) refers to stm32h5xx_hal_cortex.o(.text.HAL_NVIC_SetPriority) for HAL_NVIC_SetPriority
    main.o(.text.main) refers to stm32h5xx_hal_cortex.o(.text.HAL_NVIC_EnableIRQ) for HAL_NVIC_EnableIRQ
    main.o(.text.main) refers to stm32h5xx_hal_adc.o(.text.HAL_ADC_Init) for HAL_ADC_Init
    main.o(.text.main) refers to stm32h5xx_hal_adc.o(.text.HAL_ADC_ConfigChannel) for HAL_ADC_ConfigChannel
    main.o(.text.main) refers to stm32h5xx_hal_tim.o(.text.HAL_TIM_Base_Init) for HAL_TIM_Base_Init
    main.o(.text.main) refers to stm32h5xx_hal_tim_ex.o(.text.HAL_TIMEx_MasterConfigSynchronization) for HAL_TIMEx_MasterConfigSynchronization
    main.o(.text.main) refers to stm32h5xx_hal_spi.o(.text.HAL_SPI_Init) for HAL_SPI_Init
    main.o(.text.main) refers to stm32h5xx_hal_pcd.o(.text.HAL_PCD_Init) for HAL_PCD_Init
    main.o(.text.main) refers to tusb.o(.text.tusb_rhport_init) for tusb_rhport_init
    main.o(.text.main) refers to tusb_port.o(.text.tusb_hal_init) for tusb_hal_init
    main.o(.text.main) refers to stm32h5xx_hal.o(.text.HAL_Delay) for HAL_Delay
    main.o(.text.main) refers to main.o(.text.mcp23s17_init) for mcp23s17_init
    main.o(.text.main) refers to stm32h5xx_hal_tim.o(.text.HAL_TIM_Base_Start) for HAL_TIM_Base_Start
    main.o(.text.main) refers to stm32h5xx_hal_adc.o(.text.HAL_ADC_Start_DMA) for HAL_ADC_Start_DMA
    main.o(.text.main) refers to stm32h5xx_nucleo.o(.text.BSP_PB_Init) for BSP_PB_Init
    main.o(.text.main) refers to stm32h5xx_nucleo.o(.text.BSP_COM_Init) for BSP_COM_Init
    main.o(.text.main) refers to usbd.o(.text.tud_task_ext) for tud_task_ext
    main.o(.text.main) refers to main.o(.text.scan_matrix) for scan_matrix
    main.o(.text.main) refers to main.o(.text.scan_potentiometer) for scan_potentiometer
    main.o(.text.main) refers to main.o(.text.midi_task) for midi_task
    main.o(.text.main) refers to main.o(.bss.hadc1) for hadc1
    main.o(.text.main) refers to main.o(.bss.htim6) for htim6
    main.o(.text.main) refers to main.o(.bss.hspi1) for hspi1
    main.o(.text.main) refers to main.o(.bss.hpcd_USB_DRD_FS) for hpcd_USB_DRD_FS
    main.o(.text.main) refers to main.o(.bss..L_MergedGlobals) for [Anonymous Symbol]
    main.o(.ARM.exidx.text.main) refers to main.o(.text.main) for [Anonymous Symbol]
    main.o(.text.SystemClock_Config) refers to memseta.o(.text) for __aeabi_memclr4
    main.o(.text.SystemClock_Config) refers to stm32h5xx_hal_rcc.o(.text.HAL_RCC_OscConfig) for HAL_RCC_OscConfig
    main.o(.text.SystemClock_Config) refers to stm32h5xx_hal_rcc.o(.text.HAL_RCC_ClockConfig) for HAL_RCC_ClockConfig
    main.o(.ARM.exidx.text.SystemClock_Config) refers to main.o(.text.SystemClock_Config) for [Anonymous Symbol]
[...]
    _printf_longlong_oct                     0x00000000   Number         0  printfstubs.o ABSOLUTE
    _printf_ls                               0x00000000   Number         0  printfstubs.o ABSOLUTE
    _printf_mbtowc                           0x00000000   Number         0  printfstubs.o ABSOLUTE
    _printf_n                                0x00000000   Number         0  printfstubs.o ABSOLUTE
    _printf_o                                0x00000000   Number         0  printfstubs.o ABSOLUTE
    _printf_p                                0x00000000   Number         0  printfstubs.o ABSOLUTE
    _printf_percent                          0x00000000   Number         0  printfstubs.o ABSOLUTE
    _printf_pre_padding                      0x00000000   Number         0  printfstubs.o ABSOLUTE
    _printf_return_value                     0x00000000   Number         0  printfstubs.o ABSOLUTE
    _printf_s                                0x00000000   Number         0  printfstubs.o ABSOLUTE
    _printf_sizespec                         0x00000000   Number         0  printfstubs.o ABSOLUTE
    _printf_str                              0x00000000   Number         0  printfstubs.o ABSOLUTE
    _printf_truncate_signed                  0x00000000   Number         0  printfstubs.o ABSOLUTE
    _printf_truncate_unsigned                0x00000000   Number         0  printfstubs.o ABSOLUTE
    _printf_u                                0x00000000   Number         0  printfstubs.o ABSOLUTE
    _printf_wc                               0x00000000   Number         0  printfstubs.o ABSOLUTE
    _printf_wctomb                           0x00000000   Number         0  printfstubs.o ABSOLUTE
    _printf_widthprec                        0x00000000   Number         0  printfstubs.o ABSOLUTE
    _printf_x                                0x00000000   Number         0  printfstubs.o ABSOLUTE
    __cpp_initialize__aeabi_                  - Undefined Weak Reference
    __cxa_finalize                            - Undefined Weak Reference
    __decompress                              - Undefined Weak Reference
    _clock_init                               - Undefined Weak Reference
    _microlib_exit                            - Undefined Weak Reference
    __Vectors_Size                           0x00000254   Number         0  startup_stm32h533xx.o ABSOLUTE
    __Vectors                                0x08000000   Data           4  startup_stm32h533xx.o(RESET)
    __Vectors_End                            0x08000254   Data           0  startup_stm32h533xx.o(RESET)
    __main                                   0x08000255   Thumb Code     0  entry.o(.ARM.Collect$$$$00000000)
    _main_stk                                0x08000255   Thumb Code     0  entry2.o(.ARM.Collect$$$$00000001)
    _main_scatterload                        0x08000259   Thumb Code     0  entry5.o(.ARM.Collect$$$$00000004)
    __main_after_scatterload                 0x0800025d   Thumb Code     0  entry5.o(.ARM.Collect$$$$00000004)
    _main_clock                              0x0800025d   Thumb Code     0  entry7b.o(.ARM.Collect$$$$00000008)
    _main_cpp_init                           0x0800025d   Thumb Code     0  entry8b.o(.ARM.Collect$$$$0000000A)
    _main_init                               0x0800025d   Thumb Code     0  entry9a.o(.ARM.Collect$$$$0000000B)
    __rt_final_cpp                           0x08000265   Thumb Code     0  entry10a.o(.ARM.Collect$$$$0000000D)
    __rt_final_exit                          0x08000265   Thumb Code     0  entry11a.o(.ARM.Collect$$$$0000000F)
    Reset_Handler                            0x08000269   Thumb Code     8  startup_stm32h533xx.o(.text)
    SecureFault_Handler                      0x0800027b   Thumb Code     2  startup_stm32h533xx.o(.text)
    ADC1_IRQHandler                          0x08000285   Thumb Code     0  startup_stm32h533xx.o(.text)
    ADC2_IRQHandler                          0x08000285   Thumb Code     0  startup_stm32h533xx.o(.text)
    AES_IRQHandler                           0x08000285   Thumb Code     0  startup_stm32h533xx.o(.text)
    CEC_IRQHandler                           0x08000285   Thumb Code     0  startup_stm32h533xx.o(.text)
    CRS_IRQHandler                           0x08000285   Thumb Code     0  startup_stm32h533xx.o(.text)
    DAC1_IRQHandler                          0x08000285   Thumb Code     0  startup_stm32h533xx.o(.text)
    DCACHE1_IRQHandler                       0x08000285   Thumb Code     0  startup_stm32h533xx.o(.text)
    DCMI_PSSI_IRQHandler                     0x08000285   Thumb Code     0  startup_stm32h533xx.o(.text)
    DTS_IRQHandler                           0x08000285   Thumb Code     0  startup_stm32h533xx.o(.text)
    EXTI0_IRQHandler                         0x08000285   Thumb Code     0  startup_stm32h533xx.o(.text)
    EXTI10_IRQHandler                        0x08000285   Thumb Code     0  startup_stm32h533xx.o(.text)
    EXTI11_IRQHandler                        0x08000285   Thumb Code     0  startup_stm32h533xx.o(.text)
    EXTI12_IRQHandler                        0x08000285   Thumb Code     0  startup_stm32h533xx.o(.text)
    EXTI14_IRQHandler                        0x08000285   Thumb Code     0  startup_stm32h533xx.o(.text)
    EXTI15_IRQHandler                        0x08000285   Thumb Code     0  startup_stm32h533xx.o(.text)
    EXTI1_IRQHandler                         0x08000285   Thumb Code     0  startup_stm32h533xx.o(.text)
    EXTI2_IRQHandler                         0x08000285   Thumb Code     0  startup_stm32h533xx.o(.text)
    EXTI3_IRQHandler                         0x08000285   Thumb Code     0  startup_stm32h533xx.o(.text)
    EXTI4_IRQHandler                         0x08000285   Thumb Code     0  startup_stm32h533xx.o(.text)
    EXTI5_IRQHandler                         0x08000285   Thumb Code     0  startup_stm32h533xx.o(.text)
    EXTI6_IRQHandler                         0x08000285   Thumb Code     0  startup_stm32h533xx.o(.text)
    EXTI7_IRQHandler                         0x08000285   Thumb Code     0  startup_stm32h533xx.o(.text)
    EXTI8_IRQHandler                         0x08000285   Thumb Code     0  startup_stm32h533xx.o(.text)
    EXTI9_IRQHandler                         0x08000285   Thumb Code     0  startup_stm32h533xx.o(.text)
    FDCAN1_IT0_IRQHandler                    0x08000285   Thumb Code     0  startup_stm32h533xx.o(.text)
    FDCAN1_IT1_IRQHandler                    0x08000285   Thumb Code     0  startup_stm32h533xx.o(.text)
    FDCAN2_IT0_IRQHandler                    0x08000285   Thumb Code     0  startup_stm32h533xx.o(.text)
    FDCAN2_IT1_IRQHandler                    0x08000285   Thumb Code     0  startup_stm32h533xx.o(.text)
    FLASH_IRQHandler                         0x08000285   Thumb Code     0  startup_stm32h533xx.o(.text)
    FLASH_S_IRQHandler                       0x08000285   Thumb Code     0  startup_stm32h533xx.o(.text)
    FMC_IRQHandler                           0x08000285   Thumb Code     0  startup_stm32h533xx.o(.text)
    FPU_IRQHandler                           0x08000285   Thumb Code     0  startup_stm32h533xx.o(.text)
    GPDMA1_Channel1_IRQHandler               0x08000285   Thumb Code     0  startup_stm32h533xx.o(.text)
    GPDMA1_Channel2_IRQHandler               0x08000285   Thumb Code     0  startup_stm32h533xx.o(.text)
    GPDMA1_Channel3_IRQHandler               0x08000285   Thumb Code     0  startup_stm32h533xx.o(.text)
    GPDMA1_Channel4_IRQHandler               0x08000285   Thumb Code     0  startup_stm32h533xx.o(.text)
    GPDMA1_Channel5_IRQHandler               0x08000285   Thumb Code     0  startup_stm32h533xx.o(.text)
    GPDMA1_Channel6_IRQHandler               0x08000285   Thumb Code     0  startup_stm32h533xx.o(.text)
    GPDMA1_Channel7_IRQHandler               0x08000285   Thumb Code     0  startup_stm32h533xx.o(.text)
    GPDMA2_Channel0_IRQHandler               0x08000285   Thumb Code     0  startup_stm32h533xx.o(.text)
    GPDMA2_Channel1_IRQHandler               0x08000285   Thumb Code     0  startup_stm32h533xx.o(.text)
    GPDMA2_Channel2_IRQHandler               0x08000285   Thumb Code     0  startup_stm32h533xx.o(.text)
    GPDMA2_Channel3_IRQHandler               0x08000285   Thumb Code     0  startup_stm32h533xx.o(.text)
    GPDMA2_Channel4_IRQHandler               0x08000285   Thumb Code     0  startup_stm32h533xx.o(.text)
    GPDMA2_Channel5_IRQHandler               0x08000285   Thumb Code     0  startup_stm32h533xx.o(.text)
    GPDMA2_Channel6_IRQHandler               0x08000285   Thumb Code     0  startup_stm32h533xx.o(.text)
    GPDMA2_Channel7_IRQHandler               0x08000285   Thumb Code     0  startup_stm32h533xx.o(.text)
    GTZC_IRQHandler                          0x08000285   Thumb Code     0  startup_stm32h533xx.o(.text)
    HASH_IRQHandler                          0x08000285   Thumb Code     0  startup_stm32h533xx.o(.text)
    I2C1_ER_IRQHandler                       0x08000285   Thumb Code     0  startup_stm32h533xx.o(.text)
    I2C1_EV_IRQHandler                       0x08000285   Thumb Code     0  startup_stm32h533xx.o(.text)
    I2C2_ER_IRQHandler                       0x08000285   Thumb Code     0  startup_stm32h533xx.o(.text)
    I2C2_EV_IRQHandler                       0x08000285   Thumb Code     0  startup_stm32h533xx.o(.text)
    I2C3_ER_IRQHandler                       0x08000285   Thumb Code     0  startup_stm32h533xx.o(.text)
    I2C3_EV_IRQHandler                       0x08000285   Thumb Code     0  startup_stm32h533xx.o(.text)
    I3C1_ER_IRQHandler                       0x08000285   Thumb Code     0  startup_stm32h533xx.o(.text)
    I3C1_EV_IRQHandler                       0x08000285   Thumb Code     0  startup_stm32h533xx.o(.text)
    I3C2_ER_IRQHandler                       0x08000285   Thumb Code     0  startup_stm32h533xx.o(.text)
    I3C2_EV_IRQHandler                       0x08000285   Thumb Code     0  startup_stm32h533xx.o(.text)
    ICACHE_IRQHandler                        0x08000285   Thumb Code     0  startup_stm32h533xx.o(.text)
    IWDG_IRQHandler                          0x08000285   Thumb Code     0  startup_stm32h533xx.o(.text)
    LPTIM1_IRQHandler                        0x08000285   Thumb Code     0  startup_stm32h533xx.o(.text)
    LPTIM2_IRQHandler                        0x08000285   Thumb Code     0  startup_stm32h533xx.o(.text)
    LPUART1_IRQHandler                       0x08000285   Thumb Code     0  startup_stm32h533xx.o(.text)
    OCTOSPI1_IRQHandler                      0x08000285   Thumb Code     0  startup_stm32h533xx.o(.text)
    OTFDEC1_IRQHandler                       0x08000285   Thumb Code     0  startup_stm32h533xx.o(.text)
    PKA_IRQHandler                           0x08000285   Thumb Code     0  startup_stm32h533xx.o(.text)
    PVD_AVD_IRQHandler                       0x08000285   Thumb Code     0  startup_stm32h533xx.o(.text)
    RAMCFG_IRQHandler                        0x08000285   Thumb Code     0  startup_stm32h533xx.o(.text)
    RCC_IRQHandler                           0x08000285   Thumb Code     0  startup_stm32h533xx.o(.text)
    RCC_S_IRQHandler                         0x08000285   Thumb Code     0  startup_stm32h533xx.o(.text)
    RNG_IRQHandler                           0x08000285   Thumb Code     0  startup_stm32h533xx.o(.text)
    RTC_IRQHandler                           0x08000285   Thumb Code     0  startup_stm32h533xx.o(.text)
    RTC_S_IRQHandler                         0x08000285   Thumb Code     0  startup_stm32h533xx.o(.text)
    SAES_IRQHandler                          0x08000285   Thumb Code     0  startup_stm32h533xx.o(.text)
    SDMMC1_IRQHandler                        0x08000285   Thumb Code     0  startup_stm32h533xx.o(.text)
    SPI1_IRQHandler                          0x08000285   Thumb Code     0  startup_stm32h533xx.o(.text)
    SPI2_IRQHandler                          0x08000285   Thumb Code     0  startup_stm32h533xx.o(.text)
    SPI3_IRQHandler                          0x08000285   Thumb Code     0  startup_stm32h533xx.o(.text)
    SPI4_IRQHandler                          0x08000285   Thumb Code     0  startup_stm32h533xx.o(.text)
    TAMP_IRQHandler                          0x08000285   Thumb Code     0  startup_stm32h533xx.o(.text)
    TIM12_IRQHandler                         0x08000285   Thumb Code     0  startup_stm32h533xx.o(.text)
    TIM15_IRQHandler                         0x08000285   Thumb Code     0  startup_stm32h533xx.o(.text)
    TIM1_BRK_IRQHandler                      0x08000285   Thumb Code     0  startup_stm32h533xx.o(.text)
    TIM1_CC_IRQHandler                       0x08000285   Thumb Code     0  startup_stm32h533xx.o(.text)
    TIM1_TRG_COM_IRQHandler                  0x08000285   Thumb Code     0  startup_stm32h533xx.o(.text)
    TIM1_UP_IRQHandler                       0x08000285   Thumb Code     0  startup_stm32h533xx.o(.text)
    TIM2_IRQHandler                          0x08000285   Thumb Code     0  startup_stm32h533xx.o(.text)
    TIM3_IRQHandler                          0x08000285   Thumb Code     0  startup_stm32h533xx.o(.text)
    TIM4_IRQHandler                          0x08000285   Thumb Code     0  startup_stm32h533xx.o(.text)
    TIM5_IRQHandler                          0x08000285   Thumb Code     0  startup_stm32h533xx.o(.text)
    TIM6_IRQHandler                          0x08000285   Thumb Code     0  startup_stm32h533xx.o(.text)
    TIM7_IRQHandler                          0x08000285   Thumb Code     0  startup_stm32h533xx.o(.text)
    TIM8_BRK_IRQHandler                      0x08000285   Thumb Code     0  startup_stm32h533xx.o(.text)
    TIM8_CC_IRQHandler                       0x08000285   Thumb Code     0  startup_stm32h533xx.o(.text)
    TIM8_TRG_COM_IRQHandler                  0x08000285   Thumb Code     0  startup_stm32h533xx.o(.text)
    TIM8_UP_IRQHandler                       0x08000285   Thumb Code     0  startup_stm32h533xx.o(.text)
    UART4_IRQHandler                         0x08000285   Thumb Code     0  startup_stm32h533xx.o(.text)
    UART5_IRQHandler                         0x08000285   Thumb Code     0  startup_stm32h533xx.o(.text)
    UCPD1_IRQHandler                         0x08000285   Thumb Code     0  startup_stm32h533xx.o(.text)
    USART1_IRQHandler                        0x08000285   Thumb Code     0  startup_stm32h533xx.o(.text)
    USART2_IRQHandler                        0x08000285   Thumb Code     0  startup_stm32h533xx.o(.text)
    USART3_IRQHandler                        0x08000285   Thumb Code     0  startup_stm32h533xx.o(.text)
    USART6_IRQHandler                        0x08000285   Thumb Code     0  startup_stm32h533xx.o(.text)
    WWDG_IRQHandler                          0x08000285   Thumb Code     0  startup_stm32h533xx.o(.text)
    __aeabi_uldivmod                         0x08000291   Thumb Code    98  uldiv.o(.text)
    __aeabi_memcpy                           0x080002f3   Thumb Code    36  memcpya.o(.text)
    __aeabi_memcpy4                          0x080002f3   Thumb Code     0  memcpya.o(.text)
    __aeabi_memcpy8                          0x080002f3   Thumb Code     0  memcpya.o(.text)
    __aeabi_memset                           0x08000317   Thumb Code    14  memseta.o(.text)
    __aeabi_memset4                          0x08000317   Thumb Code     0  memseta.o(.text)
    __aeabi_memset8                          0x08000317   Thumb Code     0  memseta.o(.text)
    __aeabi_memclr                           0x08000325   Thumb Code     4  memseta.o(.text)
    __aeabi_memclr4                          0x08000325   Thumb Code     0  memseta.o(.text)
    __aeabi_memclr8                          0x08000325   Thumb Code     0  memseta.o(.text)
    _memset$wrapper                          0x08000329   Thumb Code    18  memseta.o(.text)
    strlen                                   0x0800033b   Thumb Code    14  strlen.o(.text)
    __aeabi_uidiv                            0x08000349   Thumb Code     0  uidiv.o(.text)
    __aeabi_uidivmod                         0x08000349   Thumb Code    44  uidiv.o(.text)
    __aeabi_llsl                             0x08000375   Thumb Code    30  llshl.o(.text)
    _ll_shift_l                              0x08000375   Thumb Code     0  llshl.o(.text)
    __aeabi_llsr                             0x08000393   Thumb Code    32  llushr.o(.text)
    _ll_ushift_r                             0x08000393   Thumb Code     0  llushr.o(.text)
    __scatterload                            0x080003b5   Thumb Code    38  init.o(.text)
    __scatterload_rt2                        0x080003b5   Thumb Code     0  init.o(.text)
    ADC_DMAConvCplt                          0x080003e5   Thumb Code    92  stm32h5xx_hal_adc.o(.text.ADC_DMAConvCplt)
    ADC_DMAError                             0x08000441   Thumb Code    22  stm32h5xx_hal_adc.o(.text.ADC_DMAError)
    ADC_DMAHalfConvCplt                      0x08000457   Thumb Code     6  stm32h5xx_hal_adc.o(.text.ADC_DMAHalfConvCplt)
    ADC_Enable                               0x0800045d   Thumb Code   128  stm32h5xx_hal_adc.o(.text.ADC_Enable)
    BSP_COM_Init                             0x080004ed   Thumb Code   116  stm32h5xx_nucleo.o(.text.BSP_COM_Init)
    BSP_PB_Callback                          0x08000569   Thumb Code     2  stm32h5xx_nucleo.o(.text.BSP_PB_Callback)
    BSP_PB_IRQHandler                        0x0800056d   Thumb Code    16  stm32h5xx_nucleo.o(.text.BSP_PB_IRQHandler)
    BSP_PB_Init                              0x0800057d   Thumb Code   116  stm32h5xx_nucleo.o(.text.BSP_PB_Init)
    BusFault_Handler                         0x0800060f   Thumb Code     2  stm32h5xx_it.o(.text.BusFault_Handler)
    DebugMon_Handler                         0x08000705   Thumb Code     2  stm32h5xx_it.o(.text.DebugMon_Handler)
    EXTI13_IRQHandler                        0x08000707   Thumb Code     6  stm32h5xx_it.o(.text.EXTI13_IRQHandler)
    Error_Handler                            0x0800070d   Thumb Code     4  main.o(.text.Error_Handler)
    GPDMA1_Channel0_IRQHandler               0x08000711   Thumb Code     8  stm32h5xx_it.o(.text.GPDMA1_Channel0_IRQHandler)
    HAL_ADC_ConfigChannel                    0x0800071d   Thumb Code   832  stm32h5xx_hal_adc.o(.text.HAL_ADC_ConfigChannel)
    HAL_ADC_ConvCpltCallback                 0x08000a89   Thumb Code     2  stm32h5xx_hal_adc.o(.text.HAL_ADC_ConvCpltCallback)
    HAL_ADC_ConvHalfCpltCallback             0x08000a8b   Thumb Code     2  stm32h5xx_hal_adc.o(.text.HAL_ADC_ConvHalfCpltCallback)
    HAL_ADC_ErrorCallback                    0x08000a8d   Thumb Code     2  stm32h5xx_hal_adc.o(.text.HAL_ADC_ErrorCallback)
    HAL_ADC_Init                             0x08000a91   Thumb Code   356  stm32h5xx_hal_adc.o(.text.HAL_ADC_Init)
    HAL_ADC_MspInit                          0x08000c0d   Thumb Code   244  stm32h5xx_hal_msp.o(.text.HAL_ADC_MspInit)
    HAL_ADC_Start_DMA                        0x08000d19   Thumb Code   276  stm32h5xx_hal_adc.o(.text.HAL_ADC_Start_DMA)
    HAL_DMAEx_List_BuildNode                 0x08000e41   Thumb Code   348  stm32h5xx_hal_dma_ex.o(.text.HAL_DMAEx_List_BuildNode)
    HAL_DMAEx_List_GetNodeConfig             0x08000fa1   Thumb Code   296  stm32h5xx_hal_dma_ex.o(.text.HAL_DMAEx_List_GetNodeConfig)
    HAL_DMAEx_List_Init                      0x080010cd   Thumb Code   364  stm32h5xx_hal_dma_ex.o(.text.HAL_DMAEx_List_Init)
    HAL_DMAEx_List_InsertNode                0x08001299   Thumb Code   208  stm32h5xx_hal_dma_ex.o(.text.HAL_DMAEx_List_InsertNode)
    HAL_DMAEx_List_LinkQ                     0x08001369   Thumb Code   144  stm32h5xx_hal_dma_ex.o(.text.HAL_DMAEx_List_LinkQ)
    HAL_DMAEx_List_SetCircularMode           0x08001419   Thumb Code   108  stm32h5xx_hal_dma_ex.o(.text.HAL_DMAEx_List_SetCircularMode)
    HAL_DMAEx_List_Start_IT                  0x08001485   Thumb Code   164  stm32h5xx_hal_dma_ex.o(.text.HAL_DMAEx_List_Start_IT)
    HAL_DMA_ConfigChannelAttributes          0x0800152d   Thumb Code    52  stm32h5xx_hal_dma.o(.text.HAL_DMA_ConfigChannelAttributes)
    HAL_DMA_IRQHandler                       0x08001561   Thumb Code   366  stm32h5xx_hal_dma.o(.text.HAL_DMA_IRQHandler)
    HAL_DMA_Start_IT                         0x080016cf   Thumb Code   128  stm32h5xx_hal_dma.o(.text.HAL_DMA_Start_IT)
    HAL_Delay                                0x08001751   Thumb Code    32  stm32h5xx_hal.o(.text.HAL_Delay)
    HAL_EXTI_GetHandle                       0x08001771   Thumb Code    12  stm32h5xx_hal_exti.o(.text.HAL_EXTI_GetHandle)
    HAL_EXTI_IRQHandler                      0x0800177d   Thumb Code    68  stm32h5xx_hal_exti.o(.text.HAL_EXTI_IRQHandler)
    HAL_EXTI_RegisterCallback                0x080017c5   Thumb Code    28  stm32h5xx_hal_exti.o(.text.HAL_EXTI_RegisterCallback)
    HAL_GPIO_Init                            0x080017e1   Thumb Code   360  stm32h5xx_hal_gpio.o(.text.HAL_GPIO_Init)
    HAL_GPIO_TogglePin                       0x08001951   Thumb Code    16  stm32h5xx_hal_gpio.o(.text.HAL_GPIO_TogglePin)
    HAL_GPIO_WritePin                        0x08001961   Thumb Code    12  stm32h5xx_hal_gpio.o(.text.HAL_GPIO_WritePin)
    HAL_GetTick                              0x0800196d   Thumb Code     8  stm32h5xx_hal.o(.text.HAL_GetTick)
    HAL_IncTick                              0x08001975   Thumb Code    16  stm32h5xx_hal.o(.text.HAL_IncTick)
    HAL_Init                                 0x08001989   Thumb Code    56  stm32h5xx_hal.o(.text.HAL_Init)
    HAL_InitTick                             0x080019c9   Thumb Code   124  stm32h5xx_hal.o(.text.HAL_InitTick)
    HAL_MspInit                              0x08001a51   Thumb Code     2  stm32h5xx_hal_msp.o(.text.HAL_MspInit)
    HAL_NVIC_EnableIRQ                       0x08001a55   Thumb Code    28  stm32h5xx_hal_cortex.o(.text.HAL_NVIC_EnableIRQ)
    HAL_NVIC_SetPriority                     0x08001a75   Thumb Code    72  stm32h5xx_hal_cortex.o(.text.HAL_NVIC_SetPriority)
    HAL_NVIC_SetPriorityGrouping             0x08001ac1   Thumb Code    24  stm32h5xx_hal_cortex.o(.text.HAL_NVIC_SetPriorityGrouping)
    HAL_PCDEx_ActivateLPM                    0x08001ae1   Thumb Code    34  stm32h5xx_hal_pcd_ex.o(.text.HAL_PCDEx_ActivateLPM)
    HAL_PCDEx_LPM_Callback                   0x08001b03   Thumb Code     2  stm32h5xx_hal_pcd_ex.o(.text.HAL_PCDEx_LPM_Callback)
    HAL_PCD_DataInStageCallback              0x08001b05   Thumb Code     2  stm32h5xx_hal_pcd.o(.text.HAL_PCD_DataInStageCallback)
    HAL_PCD_DataOutStageCallback             0x08001b07   Thumb Code     2  stm32h5xx_hal_pcd.o(.text.HAL_PCD_DataOutStageCallback)
    HAL_PCD_IRQHandler                       0x08001b09   Thumb Code  1668  stm32h5xx_hal_pcd.o(.text.HAL_PCD_IRQHandler)
    HAL_PCD_Init                             0x08002191   Thumb Code   190  stm32h5xx_hal_pcd.o(.text.HAL_PCD_Init)
    HAL_PCD_MspInit                          0x08002251   Thumb Code    88  stm32h5xx_hal_msp.o(.text.HAL_PCD_MspInit)
    HAL_PCD_ResetCallback                    0x080022b1   Thumb Code     2  stm32h5xx_hal_pcd.o(.text.HAL_PCD_ResetCallback)
    HAL_PCD_ResumeCallback                   0x080022b3   Thumb Code     2  stm32h5xx_hal_pcd.o(.text.HAL_PCD_ResumeCallback)
    HAL_PCD_SOFCallback                      0x080022b5   Thumb Code     2  stm32h5xx_hal_pcd.o(.text.HAL_PCD_SOFCallback)
    HAL_PCD_SetAddress                       0x080022b7   Thumb Code    26  stm32h5xx_hal_pcd.o(.text.HAL_PCD_SetAddress)
    HAL_PCD_SetupStageCallback               0x080022d1   Thumb Code     2  stm32h5xx_hal_pcd.o(.text.HAL_PCD_SetupStageCallback)
    HAL_PCD_SuspendCallback                  0x080022d3   Thumb Code     2  stm32h5xx_hal_pcd.o(.text.HAL_PCD_SuspendCallback)
    HAL_PWREx_EnableVddUSB                   0x080022d5   Thumb Code    12  stm32h5xx_hal_pwr_ex.o(.text.HAL_PWREx_EnableVddUSB)
    HAL_RCCEx_GetPLL1ClockFreq               0x080022e5   Thumb Code   192  stm32h5xx_hal_rcc_ex.o(.text.HAL_RCCEx_GetPLL1ClockFreq)
    HAL_RCCEx_GetPLL2ClockFreq               0x080023b5   Thumb Code   192  stm32h5xx_hal_rcc_ex.o(.text.HAL_RCCEx_GetPLL2ClockFreq)
    HAL_RCCEx_GetPLL3ClockFreq               0x08002485   Thumb Code   192  stm32h5xx_hal_rcc_ex.o(.text.HAL_RCCEx_GetPLL3ClockFreq)
    HAL_RCCEx_GetPeriphCLKFreq               0x08002559   Thumb Code  2116  stm32h5xx_hal_rcc_ex.o(.text.HAL_RCCEx_GetPeriphCLKFreq)
    HAL_RCCEx_PeriphCLKConfig                0x08002db1   Thumb Code  2036  stm32h5xx_hal_rcc_ex.o(.text.HAL_RCCEx_PeriphCLKConfig)
    HAL_RCC_ClockConfig                      0x080035a9   Thumb Code   500  stm32h5xx_hal_rcc.o(.text.HAL_RCC_ClockConfig)
    HAL_RCC_GetHCLKFreq                      0x080037a9   Thumb Code    32  stm32h5xx_hal_rcc.o(.text.HAL_RCC_GetHCLKFreq)
    HAL_RCC_GetPCLK1Freq                     0x080037d1   Thumb Code    20  stm32h5xx_hal_rcc.o(.text.HAL_RCC_GetPCLK1Freq)
    HAL_RCC_GetPCLK2Freq                     0x080037e5   Thumb Code    20  stm32h5xx_hal_rcc.o(.text.HAL_RCC_GetPCLK2Freq)
    HAL_RCC_GetPCLK3Freq                     0x080037f9   Thumb Code    20  stm32h5xx_hal_rcc.o(.text.HAL_RCC_GetPCLK3Freq)
    HAL_RCC_GetSysClockFreq                  0x08003815   Thumb Code   236  stm32h5xx_hal_rcc.o(.text.HAL_RCC_GetSysClockFreq)
    HAL_RCC_OscConfig                        0x08003921   Thumb Code  1336  stm32h5xx_hal_rcc.o(.text.HAL_RCC_OscConfig)
    HAL_SPI_Init                             0x08003e65   Thumb Code   372  stm32h5xx_hal_spi.o(.text.HAL_SPI_Init)
    HAL_SPI_MspInit                          0x08003fe1   Thumb Code   108  stm32h5xx_hal_msp.o(.text.HAL_SPI_MspInit)
    HAL_SPI_Transmit                         0x08004055   Thumb Code   492  stm32h5xx_hal_spi.o(.text.HAL_SPI_Transmit)
    HAL_SPI_TransmitReceive                  0x08004259   Thumb Code   772  stm32h5xx_hal_spi.o(.text.HAL_SPI_TransmitReceive)
    HAL_SYSTICK_CLKSourceConfig              0x08004575   Thumb Code    76  stm32h5xx_hal_cortex.o(.text.HAL_SYSTICK_CLKSourceConfig)
    HAL_SYSTICK_Config                       0x080045c1   Thumb Code    32  stm32h5xx_hal_cortex.o(.text.HAL_SYSTICK_Config)
    HAL_SYSTICK_GetCLKSourceConfig           0x080045e1   Thumb Code    36  stm32h5xx_hal_cortex.o(.text.HAL_SYSTICK_GetCLKSourceConfig)
    HAL_TIMEx_MasterConfigSynchronization    0x0800460d   Thumb Code   192  stm32h5xx_hal_tim_ex.o(.text.HAL_TIMEx_MasterConfigSynchronization)
    HAL_TIM_Base_Init                        0x080046d1   Thumb Code    30  stm32h5xx_hal_tim.o(.text.HAL_TIM_Base_Init)
    HAL_TIM_Base_MspInit                     0x080046f1   Thumb Code    36  stm32h5xx_hal_msp.o(.text.HAL_TIM_Base_MspInit)
    HAL_TIM_Base_Start                       0x0800471d   Thumb Code   144  stm32h5xx_hal_tim.o(.text.HAL_TIM_Base_Start)
    HAL_UART_Init                            0x080047e9   Thumb Code    58  stm32h5xx_hal_uart.o(.text.HAL_UART_Init)
    HAL_UART_MspInit                         0x08004823   Thumb Code     2  stm32h5xx_hal_uart.o(.text.HAL_UART_MspInit)
    HAL_UART_Transmit                        0x08004825   Thumb Code   194  stm32h5xx_hal_uart.o(.text.HAL_UART_Transmit)
    HardFault_Handler                        0x080048e7   Thumb Code     2  stm32h5xx_it.o(.text.HardFault_Handler)
    MX_USART_Init                            0x08004909   Thumb Code    44  stm32h5xx_nucleo.o(.text.MX_USART_Init)
    MemManage_Handler                        0x08004939   Thumb Code     2  stm32h5xx_it.o(.text.MemManage_Handler)
    NMI_Handler                              0x0800493b   Thumb Code     2  stm32h5xx_it.o(.text.NMI_Handler)
    PendSV_Handler                           0x0800505d   Thumb Code     2  stm32h5xx_it.o(.text.PendSV_Handler)
    SVC_Handler                              0x08005217   Thumb Code     2  stm32h5xx_it.o(.text.SVC_Handler)
    SysTick_Handler                          0x08005219   Thumb Code     4  stm32h5xx_it.o(.text.SysTick_Handler)
    SystemClock_Config                       0x0800521d   Thumb Code   160  main.o(.text.SystemClock_Config)
    SystemInit                               0x080052c5   Thumb Code   124  system_stm32h5xx.o(.text.SystemInit)
    TIM_Base_SetConfig                       0x0800535d   Thumb Code   276  stm32h5xx_hal_tim.o(.text.TIM_Base_SetConfig)
    UART_AdvFeatureConfig                    0x080054a9   Thumb Code   168  stm32h5xx_hal_uart.o(.text.UART_AdvFeatureConfig)
    UART_CheckIdleState                      0x08005551   Thumb Code   146  stm32h5xx_hal_uart.o(.text.UART_CheckIdleState)
    UART_SetConfig                           0x08005621   Thumb Code   336  stm32h5xx_hal_uart.o(.text.UART_SetConfig)
    UART_WaitOnFlagUntilTimeout              0x080057a1   Thumb Code   136  stm32h5xx_hal_uart.o(.text.UART_WaitOnFlagUntilTimeout)
    USB_CoreInit                             0x08005829   Thumb Code    30  stm32h5xx_ll_usb.o(.text.USB_CoreInit)
    USB_DRD_FS_IRQHandler                    0x08005849   Thumb Code     8  stm32h5xx_it.o(.text.USB_DRD_FS_IRQHandler)
    USB_DevDisconnect                        0x08005855   Thumb Code    12  stm32h5xx_ll_usb.o(.text.USB_DevDisconnect)
    USB_DevInit                              0x08005861   Thumb Code    28  stm32h5xx_ll_usb.o(.text.USB_DevInit)
    USB_DisableGlobalInt                     0x0800587d   Thumb Code    12  stm32h5xx_ll_usb.o(.text.USB_DisableGlobalInt)
    USB_EPStartXfer                          0x08005889   Thumb Code   716  stm32h5xx_ll_usb.o(.text.USB_EPStartXfer)
    USB_ReadInterrupts                       0x08005b59   Thumb Code     4  stm32h5xx_ll_usb.o(.text.USB_ReadInterrupts)
    USB_ReadPMA                              0x08005b5d   Thumb Code    52  stm32h5xx_ll_usb.o(.text.USB_ReadPMA)
    USB_SetCurrentMode                       0x08005b91   Thumb Code    28  stm32h5xx_ll_usb.o(.text.USB_SetCurrentMode)
    USB_SetDevAddress                        0x08005bad   Thumb Code    10  stm32h5xx_ll_usb.o(.text.USB_SetDevAddress)
    USB_WritePMA                             0x08005bb9   Thumb Code    56  stm32h5xx_ll_usb.o(.text.USB_WritePMA)
    UsageFault_Handler                       0x08005bf1   Thumb Code     2  stm32h5xx_it.o(.text.UsageFault_Handler)
    btable_set_rx_bufsize                    0x08005c09   Thumb Code    64  fsdev_common.o(.text.btable_set_rx_bufsize)
    dcd_edpt0_status_complete                0x08005d15   Thumb Code    36  dcd_stm32_fsdev.o(.text.dcd_edpt0_status_complete)
    dcd_edpt_clear_stall                     0x08005d3d   Thumb Code   128  dcd_stm32_fsdev.o(.text.dcd_edpt_clear_stall)
    dcd_edpt_close_all                       0x08005dc1   Thumb Code    64  dcd_stm32_fsdev.o(.text.dcd_edpt_close_all)
    dcd_edpt_open                            0x08005e05   Thumb Code   236  dcd_stm32_fsdev.o(.text.dcd_edpt_open)
    dcd_edpt_stall                           0x08005ef5   Thumb Code    96  dcd_stm32_fsdev.o(.text.dcd_edpt_stall)
    dcd_edpt_xfer                            0x08005f5d   Thumb Code    40  dcd_stm32_fsdev.o(.text.dcd_edpt_xfer)
    dcd_edpt_xfer_fifo                       0x08005f85   Thumb Code    40  dcd_stm32_fsdev.o(.text.dcd_edpt_xfer_fifo)
    dcd_init                                 0x08006031   Thumb Code    36  dcd_stm32_fsdev.o(.text.dcd_init)
    dcd_int_disable                          0x08006055   Thumb Code    20  dcd_stm32_fsdev.o(.text.dcd_int_disable)
    dcd_int_enable                           0x0800606d   Thumb Code    20  dcd_stm32_fsdev.o(.text.dcd_int_enable)
    dcd_set_address                          0x080060cd   Thumb Code    18  dcd_stm32_fsdev.o(.text.dcd_set_address)
    dcd_sof_enable                           0x080060e1   Thumb Code    16  dcd_stm32_fsdev.o(.text.dcd_sof_enable)
    fputc                                    0x0800622d   Thumb Code    32  stm32h5xx_nucleo.o(.text.fputc)
    fsdev_core_reset                         0x08006255   Thumb Code    60  fsdev_common.o(.text.fsdev_core_reset)
    main                                     0x08006359   Thumb Code   584  main.o(.text.main)
    mcp23s17_init                            0x080065bd   Thumb Code    52  main.o(.text.mcp23s17_init)
    mcp23s17_read_reg                        0x080065f5   Thumb Code    76  main.o(.text.mcp23s17_read_reg)
    mcp23s17_write_reg                       0x08006641   Thumb Code    52  main.o(.text.mcp23s17_write_reg)
    midi_task                                0x0800667d   Thumb Code    72  main.o(.text.midi_task)
    midid_control_xfer_cb                    0x080066cd   Thumb Code     4  midi_device.o(.text.midid_control_xfer_cb)
    midid_deinit                             0x080066d1   Thumb Code     4  midi_device.o(.text.midid_deinit)
    midid_init                               0x080066d5   Thumb Code    68  midi_device.o(.text.midid_init)
    midid_open                               0x08006719   Thumb Code   292  midi_device.o(.text.midid_open)
    midid_reset                              0x0800683d   Thumb Code    40  midi_device.o(.text.midid_reset)
    midid_xfer_cb                            0x08006865   Thumb Code   156  midi_device.o(.text.midid_xfer_cb)
    pma_align_buffer_size                    0x08006909   Thumb Code    36  fsdev_common.o(.text.pma_align_buffer_size)
    scan_matrix                              0x0800692d   Thumb Code   240  main.o(.text.scan_matrix)
    scan_potentiometer                       0x08006a1d   Thumb Code    84  main.o(.text.scan_potentiometer)
    send_midi_cc                             0x08006a85   Thumb Code    44  main.o(.text.send_midi_cc)
    send_midi_note                           0x08006ab1   Thumb Code    58  main.o(.text.send_midi_note)
    tu_bind_driver_to_ep_itf                 0x08006b59   Thumb Code    84  tusb.o(.text.tu_bind_driver_to_ep_itf)
    tu_edpt_claim                            0x08006bb1   Thumb Code    40  tusb.o(.text.tu_edpt_claim)
    tu_edpt_release                          0x08006bd9   Thumb Code    28  tusb.o(.text.tu_edpt_release)
    tu_edpt_stream_init                      0x08006bf5   Thumb Code    38  tusb.o(.text.tu_edpt_stream_init)
    tu_edpt_stream_read                      0x08006c1b   Thumb Code    26  tusb.o(.text.tu_edpt_stream_read)
    tu_edpt_stream_read_xfer                 0x08006c35   Thumb Code   120  tusb.o(.text.tu_edpt_stream_read_xfer)
    tu_edpt_stream_write                     0x08006cb1   Thumb Code    64  tusb.o(.text.tu_edpt_stream_write)
    tu_edpt_stream_write_available           0x08006cf1   Thumb Code    24  tusb.o(.text.tu_edpt_stream_write_available)
    tu_edpt_stream_write_xfer                0x08006d09   Thumb Code   112  tusb.o(.text.tu_edpt_stream_write_xfer)
    tu_edpt_stream_write_zlp_if_needed       0x08006d79   Thumb Code    60  tusb.o(.text.tu_edpt_stream_write_zlp_if_needed)
    tu_fifo_clear                            0x08006db9   Thumb Code     8  tusb_fifo.o(.text.tu_fifo_clear)
    tu_fifo_config                           0x08006dc1   Thumb Code    36  tusb_fifo.o(.text.tu_fifo_config)
    tu_fifo_peek_n_access_mode               0x08006de5   Thumb Code   304  tusb_fifo.o(.text.tu_fifo_peek_n_access_mode)
    tu_fifo_read_n_access_mode               0x08006f15   Thumb Code    38  tusb_fifo.o(.text.tu_fifo_read_n_access_mode)
    tu_fifo_write_n_access_mode              0x08006f3b   Thumb Code   406  tusb_fifo.o(.text.tu_fifo_write_n_access_mode)
    tu_hwfifo_read                           0x080070d1   Thumb Code    48  tusb_fifo.o(.text.tu_hwfifo_read)
    tu_hwfifo_write                          0x08007101   Thumb Code    52  tusb_fifo.o(.text.tu_hwfifo_write)
    tud_control_status                       0x08007135   Thumb Code    24  usbd_control.o(.text.tud_control_status)
    tud_control_xfer                         0x0800714d   Thumb Code    92  usbd_control.o(.text.tud_control_xfer)
    tud_descriptor_bos_cb                    0x080071ad   Thumb Code     4  usbd.o(.text.tud_descriptor_bos_cb)
    tud_descriptor_configuration_cb          0x080071b1   Thumb Code     4  usb_descriptors.o(.text.tud_descriptor_configuration_cb)
    tud_descriptor_device_cb                 0x080071b9   Thumb Code     4  usb_descriptors.o(.text.tud_descriptor_device_cb)
    tud_descriptor_device_qualifier_cb       0x080071c1   Thumb Code     4  usbd.o(.text.tud_descriptor_device_qualifier_cb)
    tud_descriptor_other_speed_configuration_cb 0x080071c5   Thumb Code     4  usbd.o(.text.tud_descriptor_other_speed_configuration_cb)
    tud_descriptor_string_cb                 0x080071c9   Thumb Code    88  usb_descriptors.o(.text.tud_descriptor_string_cb)
    tud_midi_n_available                     0x08007229   Thumb Code    44  midi_device.o(.text.tud_midi_n_available)
    tud_midi_n_mounted                       0x08007255   Thumb Code    32  midi_device.o(.text.tud_midi_n_mounted)
    tud_midi_n_packet_read                   0x08007275   Thumb Code    32  midi_device.o(.text.tud_midi_n_packet_read)
    tud_midi_n_stream_write                  0x08007295   Thumb Code   324  midi_device.o(.text.tud_midi_n_stream_write)
    tud_midi_rx_cb                           0x080073e5   Thumb Code     2  midi_device.o(.text.tud_midi_rx_cb)
    tud_mount_cb                             0x080073e7   Thumb Code     2  usbd.o(.text.tud_mount_cb)
    tud_resume_cb                            0x080073e9   Thumb Code     2  usbd.o(.text.tud_resume_cb)
    tud_rhport_init                          0x080073ed   Thumb Code   196  usbd.o(.text.tud_rhport_init)
    tud_sof_cb                               0x080074b9   Thumb Code     2  usbd.o(.text.tud_sof_cb)
    tud_suspend_cb                           0x080074bb   Thumb Code     2  usbd.o(.text.tud_suspend_cb)
    tud_task_ext                             0x080074bd   Thumb Code  1600  usbd.o(.text.tud_task_ext)
    tud_umount_cb                            0x08007b05   Thumb Code     2  usbd.o(.text.tud_umount_cb)
    tud_vendor_control_xfer_cb               0x08007b07   Thumb Code     4  usbd.o(.text.tud_vendor_control_xfer_cb)
    tusb_hal_init                            0x08007b0b   Thumb Code     2  tusb_port.o(.text.tusb_hal_init)
    tusb_rhport_init                         0x08007b0d   Thumb Code    96  tusb.o(.text.tusb_rhport_init)
    usbd_app_driver_get_cb                   0x08007b71   Thumb Code     8  usbd.o(.text.usbd_app_driver_get_cb)
    usbd_control_reset                       0x08007b79   Thumb Code    12  usbd_control.o(.text.usbd_control_reset)
    usbd_control_set_complete_callback       0x08007b85   Thumb Code     8  usbd_control.o(.text.usbd_control_set_complete_callback)
    usbd_control_set_request                 0x08007b8d   Thumb Code    20  usbd_control.o(.text.usbd_control_set_request)
    usbd_control_xfer_cb                     0x08007ba1   Thumb Code   180  usbd_control.o(.text.usbd_control_xfer_cb)
    usbd_edpt_claim                          0x08007c59   Thumb Code    24  usbd.o(.text.usbd_edpt_claim)
    usbd_edpt_clear_stall                    0x08007c71   Thumb Code    40  usbd.o(.text.usbd_edpt_clear_stall)
    usbd_edpt_open                           0x08007c99   Thumb Code    28  usbd.o(.text.usbd_edpt_open)
    usbd_edpt_release                        0x08007cb5   Thumb Code    24  usbd.o(.text.usbd_edpt_release)
    usbd_edpt_stall                          0x08007ccd   Thumb Code    40  usbd.o(.text.usbd_edpt_stall)
    usbd_edpt_xfer                           0x08007cf5   Thumb Code    60  usbd.o(.text.usbd_edpt_xfer)
    usbd_edpt_xfer_fifo                      0x08007d35   Thumb Code    60  usbd.o(.text.usbd_edpt_xfer_fifo)
    usbd_int_set                             0x08007d79   Thumb Code    16  usbd.o(.text.usbd_int_set)
    __0printf$1                              0x08007d9d   Thumb Code    22  printf1.o(i.__0printf$1)
    __1printf$1                              0x08007d9d   Thumb Code     0  printf1.o(i.__0printf$1)
    __2printf                                0x08007d9d   Thumb Code     0  printf1.o(i.__0printf$1)
    __scatterload_copy                       0x08007dbd   Thumb Code    14  handlers.o(i.__scatterload_copy)
    __scatterload_null                       0x08007dcb   Thumb Code     2  handlers.o(i.__scatterload_null)
    __scatterload_zeroinit                   0x08007dcd   Thumb Code    14  handlers.o(i.__scatterload_zeroinit)
    AHBPrescTable                            0x08007f32   Data          16  system_stm32h5xx.o(.rodata.AHBPrescTable)
    APBPrescTable                            0x08007f42   Data           8  system_stm32h5xx.o(.rodata.APBPrescTable)
    UARTPrescTable                           0x08007f4a   Data          24  stm32h5xx_hal_uart.o(.rodata.UARTPrescTable)
    desc_device                              0x08007f88   Data          18  usb_descriptors.o(.rodata.desc_device)
    desc_fs_configuration                    0x08007f9a   Data         101  usb_descriptors.o(.rodata.desc_fs_configuration)
    Region$$Table$$Base                      0x08008040   Number         0  anon$$obj.o(Region$$Table)
    Region$$Table$$Limit                     0x08008060   Number         0  anon$$obj.o(Region$$Table)
    __stdout                                 0x20000000   Data           4  stdout.o(.data)
    uwTickFreq                               0x20000004   Data           1  stm32h5xx_hal.o(.data..L_MergedGlobals)
    uwTickPrio                               0x20000008   Data           4  stm32h5xx_hal.o(.data..L_MergedGlobals)
    _usbd_qdef                               0x20000010   Data          20  usbd.o(.data..L_MergedGlobals)
    COM_USART                                0x20000024   Data           4  stm32h5xx_nucleo.o(.data.COM_USART)
    SystemCoreClock                          0x20000028   Data           4  system_stm32h5xx.o(.data.SystemCoreClock)
    string_desc_arr                          0x20000030   Data          20  usb_descriptors.o(.data.string_desc_arr)
    BspCOMInit                               0x20000058   Data          16  main.o(.bss..L_MergedGlobals)
    List_GPDMA1_Channel0                     0x20000144   Data          24  main.o(.bss.List_GPDMA1_Channel0)
    Node_GPDMA1_Channel0                     0x2000015c   Data          36  main.o(.bss.Node_GPDMA1_Channel0)
    _tusb_rhport_role                        0x20000280   Data           2  tusb.o(.bss._tusb_rhport_role)
    _usbd_qdef_buf                           0x20000282   Data         192  usbd.o(.bss._usbd_qdef_buf)
    hadc1                                    0x20000344   Data         104  main.o(.bss.hadc1)
    handle_GPDMA1_Channel0                   0x200003ac   Data         120  main.o(.bss.handle_GPDMA1_Channel0)
    hcom_uart                                0x20000424   Data         148  stm32h5xx_nucleo.o(.bss.hcom_uart)
    hpb_exti                                 0x200004b8   Data          12  stm32h5xx_nucleo.o(.bss.hpb_exti)
    hpcd_USB_DRD_FS                          0x200004c4   Data         740  main.o(.bss.hpcd_USB_DRD_FS)
    hspi1                                    0x200007a8   Data         144  main.o(.bss.hspi1)
    htim6                                    0x20000838   Data          76  main.o(.bss.htim6)
    uwTick                                   0x20000888   Data           4  stm32h5xx_hal.o(.bss.uwTick)
    __initial_sp                             0x20000d90   Data           0  startup_stm32h533xx.o(STACK)



==============================================================================

Memory Map of the image

  Image Entry point : 0x08000255

  Load Region LR_IROM1 (Base: 0x08000000, Size: 0x000080a8, Max: 0x00080000, ABSOLUTE)

    Execution Region ER_IROM1 (Exec base: 0x08000000, Load base: 0x08000000, Size: 0x00008060, Max: 0x00080000, ABSOLUTE)

    Exec Addr    Load Addr    Size         Type   Attr      Idx    E Section Name        Object

    0x08000000   0x08000000   0x00000254   Data   RO            3    RESET               startup_stm32h533xx.o
    0x08000254   0x08000254   0x00000000   Code   RO         2907  * .ARM.Collect$$$$00000000  mc_w.l(entry.o)
    0x08000254   0x08000254   0x00000004   Code   RO         3181    .ARM.Collect$$$$00000001  mc_w.l(entry2.o)
    0x08000258   0x08000258   0x00000004   Code   RO         3184    .ARM.Collect$$$$00000004  mc_w.l(entry5.o)
    0x0800025c   0x0800025c   0x00000000   Code   RO         3186    .ARM.Collect$$$$00000008  mc_w.l(entry7b.o)
    0x0800025c   0x0800025c   0x00000000   Code   RO         3188    .ARM.Collect$$$$0000000A  mc_w.l(entry8b.o)
    0x0800025c   0x0800025c   0x00000008   Code   RO         3189    .ARM.Collect$$$$0000000B  mc_w.l(entry9a.o)
    0x08000264   0x08000264   0x00000000   Code   RO         3191    .ARM.Collect$$$$0000000D  mc_w.l(entry10a.o)
    0x08000264   0x08000264   0x00000000   Code   RO         3193    .ARM.Collect$$$$0000000F  mc_w.l(entry11a.o)
    0x08000264   0x08000264   0x00000004   Code   RO         3182    .ARM.Collect$$$$00002712  mc_w.l(entry2.o)
    0x08000268   0x08000268   0x00000028   Code   RO            4    .text               startup_stm32h533xx.o
    0x08000290   0x08000290   0x00000062   Code   RO         2910    .text               mc_w.l(uldiv.o)
    0x080002f2   0x080002f2   0x00000024   Code   RO         2912    .text               mc_w.l(memcpya.o)
    0x08000316   0x08000316   0x00000024   Code   RO         2914    .text               mc_w.l(memseta.o)
    0x0800033a   0x0800033a   0x0000000e   Code   RO         2916    .text               mc_w.l(strlen.o)
    0x08000348   0x08000348   0x0000002c   Code   RO         3205    .text               mc_w.l(uidiv.o)
    0x08000374   0x08000374   0x0000001e   Code   RO         3207    .text               mc_w.l(llshl.o)
    0x08000392   0x08000392   0x00000020   Code   RO         3209    .text               mc_w.l(llushr.o)
    0x080003b2   0x080003b2   0x00000002   PAD
    0x080003b4   0x080003b4   0x00000030   Code   RO         3222    .text               mc_w.l(init.o)
    0x080003e4   0x080003e4   0x0000005c   Code   RO          199    .text.ADC_DMAConvCplt  stm32h5xx_hal_adc.o
    0x08000440   0x08000440   0x00000016   Code   RO          203    .text.ADC_DMAError  stm32h5xx_hal_adc.o
    0x08000456   0x08000456   0x00000006   Code   RO          201    .text.ADC_DMAHalfConvCplt  stm32h5xx_hal_adc.o
    0x0800045c   0x0800045c   0x00000090   Code   RO          185    .text.ADC_Enable    stm32h5xx_hal_adc.o
    0x080004ec   0x080004ec   0x0000007c   Code   RO          145    .text.BSP_COM_Init  stm32h5xx_nucleo.o
    0x08000568   0x08000568   0x00000002   Code   RO          143    .text.BSP_PB_Callback  stm32h5xx_nucleo.o
    0x0800056a   0x0800056a   0x00000002   PAD
    0x0800056c   0x0800056c   0x00000010   Code   RO          141    .text.BSP_PB_IRQHandler  stm32h5xx_nucleo.o
    0x0800057c   0x0800057c   0x0000008c   Code   RO          133    .text.BSP_PB_Init   stm32h5xx_nucleo.o
    0x08000608   0x08000608   0x00000006   Code   RO          135    .text.BUTTON_USER_EXTI_Callback  stm32h5xx_nucleo.o
    0x0800060e   0x0800060e   0x00000002   Code   RO           60    .text.BusFault_Handler  stm32h5xx_it.o
    0x08000610   0x08000610   0x0000001e   Code   RO          421    .text.DMA_List_CheckNodesBaseAddresses  stm32h5xx_hal_dma_ex.o
    0x0800062e   0x0800062e   0x0000002e   Code   RO          423    .text.DMA_List_CheckNodesTypes  stm32h5xx_hal_dma_ex.o
    0x0800065c   0x0800065c   0x000000a8   Code   RO          425    .text.DMA_List_FindNode  stm32h5xx_hal_dma_ex.o
    0x08000704   0x08000704   0x00000002   Code   RO           66    .text.DebugMon_Handler  stm32h5xx_it.o
    0x08000706   0x08000706   0x00000006   Code   RO           72    .text.EXTI13_IRQHandler  stm32h5xx_it.o
    0x0800070c   0x0800070c   0x00000004   Code   RO           17    .text.Error_Handler  main.o
    0x08000710   0x08000710   0x0000000c   Code   RO           74    .text.GPDMA1_Channel0_IRQHandler  stm32h5xx_it.o
    0x0800071c   0x0800071c   0x0000036c   Code   RO          223    .text.HAL_ADC_ConfigChannel  stm32h5xx_hal_adc.o
    0x08000a88   0x08000a88   0x00000002   Code   RO          215    .text.HAL_ADC_ConvCpltCallback  stm32h5xx_hal_adc.o
    0x08000a8a   0x08000a8a   0x00000002   Code   RO          221    .text.HAL_ADC_ConvHalfCpltCallback  stm32h5xx_hal_adc.o
    0x08000a8c   0x08000a8c   0x00000002   Code   RO          219    .text.HAL_ADC_ErrorCallback  stm32h5xx_hal_adc.o
    0x08000a8e   0x08000a8e   0x00000002   PAD
    0x08000a90   0x08000a90   0x0000017c   Code   RO          171    .text.HAL_ADC_Init  stm32h5xx_hal_adc.o
    0x08000c0c   0x08000c0c   0x0000010c   Code   RO           87    .text.HAL_ADC_MspInit  stm32h5xx_hal_msp.o
    0x08000d18   0x08000d18   0x00000128   Code   RO          197    .text.HAL_ADC_Start_DMA  stm32h5xx_hal_adc.o
    0x08000e40   0x08000e40   0x00000160   Code   RO          415    .text.HAL_DMAEx_List_BuildNode  stm32h5xx_hal_dma_ex.o
    0x08000fa0   0x08000fa0   0x0000012c   Code   RO          417    .text.HAL_DMAEx_List_GetNodeConfig  stm32h5xx_hal_dma_ex.o
    0x080010cc   0x080010cc   0x000001cc   Code   RO          407    .text.HAL_DMAEx_List_Init  stm32h5xx_hal_dma_ex.o
    0x08001298   0x08001298   0x000000d0   Code   RO          419    .text.HAL_DMAEx_List_InsertNode  stm32h5xx_hal_dma_ex.o
    0x08001368   0x08001368   0x000000b0   Code   RO          467    .text.HAL_DMAEx_List_LinkQ  stm32h5xx_hal_dma_ex.o
    0x08001418   0x08001418   0x0000006c   Code   RO          453    .text.HAL_DMAEx_List_SetCircularMode  stm32h5xx_hal_dma_ex.o
    0x08001484   0x08001484   0x000000a8   Code   RO          413    .text.HAL_DMAEx_List_Start_IT  stm32h5xx_hal_dma_ex.o
    0x0800152c   0x0800152c   0x00000034   Code   RO          389    .text.HAL_DMA_ConfigChannelAttributes  stm32h5xx_hal_dma.o
    0x08001560   0x08001560   0x0000016e   Code   RO          379    .text.HAL_DMA_IRQHandler  stm32h5xx_hal_dma.o
    0x080016ce   0x080016ce   0x00000080   Code   RO          371    .text.HAL_DMA_Start_IT  stm32h5xx_hal_dma.o
    0x0800174e   0x0800174e   0x00000002   PAD
    0x08001750   0x08001750   0x00000020   Code   RO         1049    .text.HAL_Delay     stm32h5xx_hal.o
    0x08001770   0x08001770   0x0000000c   Code   RO         1183    .text.HAL_EXTI_GetHandle  stm32h5xx_hal_exti.o
    0x0800177c   0x0800177c   0x00000048   Code   RO         1185    .text.HAL_EXTI_IRQHandler  stm32h5xx_hal_exti.o
    0x080017c4   0x080017c4   0x0000001c   Code   RO         1181    .text.HAL_EXTI_RegisterCallback  stm32h5xx_hal_exti.o
    0x080017e0   0x080017e0   0x00000170   Code   RO          793    .text.HAL_GPIO_Init  stm32h5xx_hal_gpio.o
    0x08001950   0x08001950   0x00000010   Code   RO          803    .text.HAL_GPIO_TogglePin  stm32h5xx_hal_gpio.o
    0x08001960   0x08001960   0x0000000c   Code   RO          799    .text.HAL_GPIO_WritePin  stm32h5xx_hal_gpio.o
    0x0800196c   0x0800196c   0x00000008   Code   RO         1041    .text.HAL_GetTick   stm32h5xx_hal.o
    0x08001974   0x08001974   0x00000014   Code   RO         1039    .text.HAL_IncTick   stm32h5xx_hal.o
    0x08001988   0x08001988   0x00000040   Code   RO         1029    .text.HAL_Init      stm32h5xx_hal.o
    0x080019c8   0x080019c8   0x00000088   Code   RO         1031    .text.HAL_InitTick  stm32h5xx_hal.o
    0x08001a50   0x08001a50   0x00000002   Code   RO           85    .text.HAL_MspInit   stm32h5xx_hal_msp.o
    0x08001a52   0x08001a52   0x00000002   PAD
    0x08001a54   0x08001a54   0x00000020   Code   RO          973    .text.HAL_NVIC_EnableIRQ  stm32h5xx_hal_cortex.o
    0x08001a74   0x08001a74   0x0000004c   Code   RO          971    .text.HAL_NVIC_SetPriority  stm32h5xx_hal_cortex.o
    0x08001ac0   0x08001ac0   0x00000020   Code   RO          969    .text.HAL_NVIC_SetPriorityGrouping  stm32h5xx_hal_cortex.o
    0x08001ae0   0x08001ae0   0x00000022   Code   RO         2087    .text.HAL_PCDEx_ActivateLPM  stm32h5xx_hal_pcd_ex.o
    0x08001b02   0x08001b02   0x00000002   Code   RO         2091    .text.HAL_PCDEx_LPM_Callback  stm32h5xx_hal_pcd_ex.o
    0x08001b04   0x08001b04   0x00000002   Code   RO         2005    .text.HAL_PCD_DataInStageCallback  stm32h5xx_hal_pcd.o
    0x08001b06   0x08001b06   0x00000002   Code   RO         2003    .text.HAL_PCD_DataOutStageCallback  stm32h5xx_hal_pcd.o
    0x08001b08   0x08001b08   0x00000688   Code   RO         1991    .text.HAL_PCD_IRQHandler  stm32h5xx_hal_pcd.o
    0x08002190   0x08002190   0x000000be   Code   RO         1979    .text.HAL_PCD_Init  stm32h5xx_hal_pcd.o
    0x0800224e   0x0800224e   0x00000002   PAD
    0x08002250   0x08002250   0x00000060   Code   RO           99    .text.HAL_PCD_MspInit  stm32h5xx_hal_msp.o
    0x080022b0   0x080022b0   0x00000002   Code   RO         1993    .text.HAL_PCD_ResetCallback  stm32h5xx_hal_pcd.o
    0x080022b2   0x080022b2   0x00000002   Code   RO         1997    .text.HAL_PCD_ResumeCallback  stm32h5xx_hal_pcd.o
    0x080022b4   0x080022b4   0x00000002   Code   RO         2001    .text.HAL_PCD_SOFCallback  stm32h5xx_hal_pcd.o
    0x080022b6   0x080022b6   0x0000001a   Code   RO         1995    .text.HAL_PCD_SetAddress  stm32h5xx_hal_pcd.o
    0x080022d0   0x080022d0   0x00000002   Code   RO         2007    .text.HAL_PCD_SetupStageCallback  stm32h5xx_hal_pcd.o
    0x080022d2   0x080022d2   0x00000002   Code   RO         1999    .text.HAL_PCD_SuspendCallback  stm32h5xx_hal_pcd.o
    0x080022d4   0x080022d4   0x00000010   Code   RO          897    .text.HAL_PWREx_EnableVddUSB  stm32h5xx_hal_pwr_ex.o
    0x080022e4   0x080022e4   0x000000d0   Code   RO          590    .text.HAL_RCCEx_GetPLL1ClockFreq  stm32h5xx_hal_rcc_ex.o
    0x080023b4   0x080023b4   0x000000d0   Code   RO          592    .text.HAL_RCCEx_GetPLL2ClockFreq  stm32h5xx_hal_rcc_ex.o
    0x08002484   0x08002484   0x000000d4   Code   RO          594    .text.HAL_RCCEx_GetPLL3ClockFreq  stm32h5xx_hal_rcc_ex.o
    0x08002558   0x08002558   0x00000858   Code   RO          596    .text.HAL_RCCEx_GetPeriphCLKFreq  stm32h5xx_hal_rcc_ex.o
    0x08002db0   0x08002db0   0x000007f8   Code   RO          582    .text.HAL_RCCEx_PeriphCLKConfig  stm32h5xx_hal_rcc_ex.o
    0x080035a8   0x080035a8   0x00000200   Code   RO          530    .text.HAL_RCC_ClockConfig  stm32h5xx_hal_rcc.o
    0x080037a8   0x080037a8   0x00000028   Code   RO          528    .text.HAL_RCC_GetHCLKFreq  stm32h5xx_hal_rcc.o
    0x080037d0   0x080037d0   0x00000014   Code   RO          536    .text.HAL_RCC_GetPCLK1Freq  stm32h5xx_hal_rcc.o
    0x080037e4   0x080037e4   0x00000014   Code   RO          538    .text.HAL_RCC_GetPCLK2Freq  stm32h5xx_hal_rcc.o
    0x080037f8   0x080037f8   0x0000001c   Code   RO          540    .text.HAL_RCC_GetPCLK3Freq  stm32h5xx_hal_rcc.o
    0x08003814   0x08003814   0x0000010c   Code   RO          532    .text.HAL_RCC_GetSysClockFreq  stm32h5xx_hal_rcc.o
    0x08003920   0x08003920   0x00000544   Code   RO          526    .text.HAL_RCC_OscConfig  stm32h5xx_hal_rcc.o
    0x08003e64   0x08003e64   0x0000017c   Code   RO         1205    .text.HAL_SPI_Init  stm32h5xx_hal_spi.o
    0x08003fe0   0x08003fe0   0x00000074   Code   RO           91    .text.HAL_SPI_MspInit  stm32h5xx_hal_msp.o
    0x08004054   0x08004054   0x00000204   Code   RO         1213    .text.HAL_SPI_Transmit  stm32h5xx_hal_spi.o
    0x08004258   0x08004258   0x0000031c   Code   RO         1221    .text.HAL_SPI_TransmitReceive  stm32h5xx_hal_spi.o
    0x08004574   0x08004574   0x0000004c   Code   RO          995    .text.HAL_SYSTICK_CLKSourceConfig  stm32h5xx_hal_cortex.o
    0x080045c0   0x080045c0   0x00000020   Code   RO          993    .text.HAL_SYSTICK_Config  stm32h5xx_hal_cortex.o
    0x080045e0   0x080045e0   0x0000002c   Code   RO          997    .text.HAL_SYSTICK_GetCLKSourceConfig  stm32h5xx_hal_cortex.o
    0x0800460c   0x0800460c   0x000000c4   Code   RO         1836    .text.HAL_TIMEx_MasterConfigSynchronization  stm32h5xx_hal_tim_ex.o
    0x080046d0   0x080046d0   0x0000001e   Code   RO         1379    .text.HAL_TIM_Base_Init  stm32h5xx_hal_tim.o
    0x080046ee   0x080046ee   0x00000002   PAD
    0x080046f0   0x080046f0   0x0000002c   Code   RO           95    .text.HAL_TIM_Base_MspInit  stm32h5xx_hal_msp.o
    0x0800471c   0x0800471c   0x000000cc   Code   RO         1389    .text.HAL_TIM_Base_Start  stm32h5xx_hal_tim.o
    0x080047e8   0x080047e8   0x0000003a   Code   RO         2250    .text.HAL_UART_Init  stm32h5xx_hal_uart.o
    0x08004822   0x08004822   0x00000002   Code   RO         2252    .text.HAL_UART_MspInit  stm32h5xx_hal_uart.o
    0x08004824   0x08004824   0x000000c2   Code   RO         2270    .text.HAL_UART_Transmit  stm32h5xx_hal_uart.o
    0x080048e6   0x080048e6   0x00000002   Code   RO           56    .text.HardFault_Handler  stm32h5xx_it.o
    0x080048e8   0x080048e8   0x0000001e   Code   RO          225    .text.LL_ADC_SetChannelSamplingTime  stm32h5xx_hal_adc.o
    0x08004906   0x08004906   0x00000002   PAD
    0x08004908   0x08004908   0x00000030   Code   RO          147    .text.MX_USART_Init  stm32h5xx_nucleo.o
    0x08004938   0x08004938   0x00000002   Code   RO           58    .text.MemManage_Handler  stm32h5xx_it.o
    0x0800493a   0x0800493a   0x00000002   Code   RO           54    .text.NMI_Handler   stm32h5xx_it.o
    0x0800493c   0x0800493c   0x0000000c   Code   RO           33    .text.OUTLINED_FUNCTION_0  main.o
    0x08004948   0x08004948   0x00000008   Code   RO          103    .text.OUTLINED_FUNCTION_0  stm32h5xx_hal_msp.o
    0x08004950   0x08004950   0x00000014   Code   RO          155    .text.OUTLINED_FUNCTION_0  stm32h5xx_nucleo.o
    0x08004964   0x08004964   0x00000014   Code   RO          235    .text.OUTLINED_FUNCTION_0  stm32h5xx_hal_adc.o
    0x08004978   0x08004978   0x0000000e   Code   RO          395    .text.OUTLINED_FUNCTION_0  stm32h5xx_hal_dma.o
    0x08004986   0x08004986   0x00000006   Code   RO          558    .text.OUTLINED_FUNCTION_0  stm32h5xx_hal_rcc.o
    0x0800498c   0x0800498c   0x0000001a   Code   RO          642    .text.OUTLINED_FUNCTION_0  stm32h5xx_hal_rcc_ex.o
    0x080049a6   0x080049a6   0x00000038   Code   RO         1303    .text.OUTLINED_FUNCTION_0  stm32h5xx_hal_spi.o
    0x080049de   0x080049de   0x0000002c   Code   RO         2051    .text.OUTLINED_FUNCTION_0  stm32h5xx_hal_pcd.o
    0x08004a0a   0x08004a0a   0x00000006   Code   RO         2167    .text.OUTLINED_FUNCTION_0  stm32h5xx_ll_usb.o
    0x08004a10   0x08004a10   0x00000010   Code   RO         2736    .text.OUTLINED_FUNCTION_0  usbd.o
    0x08004a20   0x08004a20   0x0000000a   Code   RO         2879    .text.OUTLINED_FUNCTION_0  dcd_stm32_fsdev.o
    0x08004a2a   0x08004a2a   0x00000010   Code   RO          105    .text.OUTLINED_FUNCTION_1  stm32h5xx_hal_msp.o
    0x08004a3a   0x08004a3a   0x00000006   Code   RO          157    .text.OUTLINED_FUNCTION_1  stm32h5xx_nucleo.o
    0x08004a40   0x08004a40   0x00000008   Code   RO          560    .text.OUTLINED_FUNCTION_1  stm32h5xx_hal_rcc.o
    0x08004a48   0x08004a48   0x0000002e   Code   RO          644    .text.OUTLINED_FUNCTION_1  stm32h5xx_hal_rcc_ex.o
    0x08004a76   0x08004a76   0x0000001c   Code   RO         1305    .text.OUTLINED_FUNCTION_1  stm32h5xx_hal_spi.o
    0x08004a92   0x08004a92   0x00000036   Code   RO         1619    .text.OUTLINED_FUNCTION_1  stm32h5xx_hal_tim.o
    0x08004ac8   0x08004ac8   0x0000000a   Code   RO         2053    .text.OUTLINED_FUNCTION_1  stm32h5xx_hal_pcd.o
    0x08004ad2   0x08004ad2   0x00000014   Code   RO         2738    .text.OUTLINED_FUNCTION_1  usbd.o
    0x08004ae6   0x08004ae6   0x00000008   Code   RO          255    .text.OUTLINED_FUNCTION_10  stm32h5xx_hal_adc.o
    0x08004aee   0x08004aee   0x0000000e   Code   RO          507    .text.OUTLINED_FUNCTION_10  stm32h5xx_hal_dma_ex.o
    0x08004afc   0x08004afc   0x0000000c   Code   RO          662    .text.OUTLINED_FUNCTION_10  stm32h5xx_hal_rcc_ex.o
    0x08004b08   0x08004b08   0x00000012   Code   RO         1323    .text.OUTLINED_FUNCTION_10  stm32h5xx_hal_spi.o
    0x08004b1a   0x08004b1a   0x00000014   Code   RO         2408    .text.OUTLINED_FUNCTION_10  stm32h5xx_hal_uart.o
    0x08004b2e   0x08004b2e   0x0000000e   Code   RO          509    .text.OUTLINED_FUNCTION_11  stm32h5xx_hal_dma_ex.o
    0x08004b3c   0x08004b3c   0x00000012   Code   RO          664    .text.OUTLINED_FUNCTION_11  stm32h5xx_hal_rcc_ex.o
    0x08004b4e   0x08004b4e   0x0000000c   Code   RO         2410    .text.OUTLINED_FUNCTION_11  stm32h5xx_hal_uart.o
    0x08004b5a   0x08004b5a   0x0000000e   Code   RO          511    .text.OUTLINED_FUNCTION_12  stm32h5xx_hal_dma_ex.o
    0x08004b68   0x08004b68   0x0000001e   Code   RO          666    .text.OUTLINED_FUNCTION_12  stm32h5xx_hal_rcc_ex.o
    0x08004b86   0x08004b86   0x0000000e   Code   RO          261    .text.OUTLINED_FUNCTION_13  stm32h5xx_hal_adc.o
    0x08004b94   0x08004b94   0x0000001e   Code   RO          668    .text.OUTLINED_FUNCTION_13  stm32h5xx_hal_rcc_ex.o
    0x08004bb2   0x08004bb2   0x0000000c   Code   RO         1329    .text.OUTLINED_FUNCTION_13  stm32h5xx_hal_spi.o
    0x08004bbe   0x08004bbe   0x0000000a   Code   RO          670    .text.OUTLINED_FUNCTION_14  stm32h5xx_hal_rcc_ex.o
    0x08004bc8   0x08004bc8   0x00000010   Code   RO         1331    .text.OUTLINED_FUNCTION_14  stm32h5xx_hal_spi.o
    0x08004bd8   0x08004bd8   0x00000006   Code   RO          672    .text.OUTLINED_FUNCTION_15  stm32h5xx_hal_rcc_ex.o
    0x08004bde   0x08004bde   0x0000000a   Code   RO         1333    .text.OUTLINED_FUNCTION_15  stm32h5xx_hal_spi.o
    0x08004be8   0x08004be8   0x0000000a   Code   RO          674    .text.OUTLINED_FUNCTION_16  stm32h5xx_hal_rcc_ex.o
    0x08004bf2   0x08004bf2   0x0000000e   Code   RO         1335    .text.OUTLINED_FUNCTION_16  stm32h5xx_hal_spi.o
    0x08004c00   0x08004c00   0x0000000a   Code   RO          676    .text.OUTLINED_FUNCTION_17  stm32h5xx_hal_rcc_ex.o
    0x08004c0a   0x08004c0a   0x00000008   Code   RO          678    .text.OUTLINED_FUNCTION_18  stm32h5xx_hal_rcc_ex.o
    0x08004c12   0x08004c12   0x0000000a   Code   RO          562    .text.OUTLINED_FUNCTION_2  stm32h5xx_hal_rcc.o
    0x08004c1c   0x08004c1c   0x00000008   Code   RO          646    .text.OUTLINED_FUNCTION_2  stm32h5xx_hal_rcc_ex.o
    0x08004c24   0x08004c24   0x00000020   Code   RO         2055    .text.OUTLINED_FUNCTION_2  stm32h5xx_hal_pcd.o
    0x08004c44   0x08004c44   0x00000012   Code   RO         2171    .text.OUTLINED_FUNCTION_2  stm32h5xx_ll_usb.o
    0x08004c56   0x08004c56   0x00000008   Code   RO         2392    .text.OUTLINED_FUNCTION_2  stm32h5xx_hal_uart.o
    0x08004c5e   0x08004c5e   0x00000012   Code   RO         2740    .text.OUTLINED_FUNCTION_2  usbd.o
    0x08004c70   0x08004c70   0x00000008   Code   RO         1343    .text.OUTLINED_FUNCTION_20  stm32h5xx_hal_spi.o
    0x08004c78   0x08004c78   0x00000008   Code   RO          684    .text.OUTLINED_FUNCTION_21  stm32h5xx_hal_rcc_ex.o
    0x08004c80   0x08004c80   0x00000008   Code   RO          686    .text.OUTLINED_FUNCTION_22  stm32h5xx_hal_rcc_ex.o
    0x08004c88   0x08004c88   0x0000000a   Code   RO         1347    .text.OUTLINED_FUNCTION_22  stm32h5xx_hal_spi.o
    0x08004c92   0x08004c92   0x0000000e   Code   RO          688    .text.OUTLINED_FUNCTION_23  stm32h5xx_hal_rcc_ex.o
    0x08004ca0   0x08004ca0   0x0000000e   Code   RO          690    .text.OUTLINED_FUNCTION_24  stm32h5xx_hal_rcc_ex.o
    0x08004cae   0x08004cae   0x0000000a   Code   RO         1665    .text.OUTLINED_FUNCTION_24  stm32h5xx_hal_tim.o
    0x08004cb8   0x08004cb8   0x0000000e   Code   RO         1353    .text.OUTLINED_FUNCTION_25  stm32h5xx_hal_spi.o
    0x08004cc6   0x08004cc6   0x0000000c   Code   RO         2438    .text.OUTLINED_FUNCTION_25  stm32h5xx_hal_uart.o
    0x08004cd2   0x08004cd2   0x0000000a   Code   RO         1355    .text.OUTLINED_FUNCTION_26  stm32h5xx_hal_spi.o
    0x08004cdc   0x08004cdc   0x00000008   Code   RO          493    .text.OUTLINED_FUNCTION_3  stm32h5xx_hal_dma_ex.o
    0x08004ce4   0x08004ce4   0x00000012   Code   RO          564    .text.OUTLINED_FUNCTION_3  stm32h5xx_hal_rcc.o
    0x08004cf6   0x08004cf6   0x00000048   Code   RO          648    .text.OUTLINED_FUNCTION_3  stm32h5xx_hal_rcc_ex.o
    0x08004d3e   0x08004d3e   0x00000014   Code   RO         1309    .text.OUTLINED_FUNCTION_3  stm32h5xx_hal_spi.o
    0x08004d52   0x08004d52   0x00000012   Code   RO         2057    .text.OUTLINED_FUNCTION_3  stm32h5xx_hal_pcd.o
    0x08004d64   0x08004d64   0x00000016   Code   RO         2394    .text.OUTLINED_FUNCTION_3  stm32h5xx_hal_uart.o
    0x08004d7a   0x08004d7a   0x0000000e   Code   RO         2452    .text.OUTLINED_FUNCTION_32  stm32h5xx_hal_uart.o
    0x08004d88   0x08004d88   0x0000000a   Code   RO         2454    .text.OUTLINED_FUNCTION_33  stm32h5xx_hal_uart.o
    0x08004d92   0x08004d92   0x0000000e   Code   RO         2458    .text.OUTLINED_FUNCTION_35  stm32h5xx_hal_uart.o
    0x08004da0   0x08004da0   0x00000006   Code   RO         2462    .text.OUTLINED_FUNCTION_37  stm32h5xx_hal_uart.o
    0x08004da6   0x08004da6   0x00000006   Code   RO         2466    .text.OUTLINED_FUNCTION_39  stm32h5xx_hal_uart.o
    0x08004dac   0x08004dac   0x00000006   Code   RO          495    .text.OUTLINED_FUNCTION_4  stm32h5xx_hal_dma_ex.o
    0x08004db2   0x08004db2   0x0000000a   Code   RO          566    .text.OUTLINED_FUNCTION_4  stm32h5xx_hal_rcc.o
    0x08004dbc   0x08004dbc   0x00000048   Code   RO          650    .text.OUTLINED_FUNCTION_4  stm32h5xx_hal_rcc_ex.o
    0x08004e04   0x08004e04   0x00000008   Code   RO         2059    .text.OUTLINED_FUNCTION_4  stm32h5xx_hal_pcd.o
    0x08004e0c   0x08004e0c   0x00000010   Code   RO         2175    .text.OUTLINED_FUNCTION_4  stm32h5xx_ll_usb.o
    0x08004e1c   0x08004e1c   0x00000010   Code   RO         2744    .text.OUTLINED_FUNCTION_4  usbd.o
    0x08004e2c   0x08004e2c   0x00000008   Code   RO         1709    .text.OUTLINED_FUNCTION_46  stm32h5xx_hal_tim.o
    0x08004e34   0x08004e34   0x0000000e   Code   RO          568    .text.OUTLINED_FUNCTION_5  stm32h5xx_hal_rcc.o
    0x08004e42   0x08004e42   0x00000008   Code   RO          652    .text.OUTLINED_FUNCTION_5  stm32h5xx_hal_rcc_ex.o
    0x08004e4a   0x08004e4a   0x0000001a   Code   RO         2061    .text.OUTLINED_FUNCTION_5  stm32h5xx_hal_pcd.o
    0x08004e64   0x08004e64   0x0000000c   Code   RO         2177    .text.OUTLINED_FUNCTION_5  stm32h5xx_ll_usb.o
    0x08004e70   0x08004e70   0x00000014   Code   RO         2398    .text.OUTLINED_FUNCTION_5  stm32h5xx_hal_uart.o
    0x08004e84   0x08004e84   0x00000010   Code   RO         2746    .text.OUTLINED_FUNCTION_5  usbd.o
    0x08004e94   0x08004e94   0x0000000a   Code   RO         1719    .text.OUTLINED_FUNCTION_51  stm32h5xx_hal_tim.o
    0x08004e9e   0x08004e9e   0x0000000c   Code   RO         1725    .text.OUTLINED_FUNCTION_54  stm32h5xx_hal_tim.o
    0x08004eaa   0x08004eaa   0x0000000c   Code   RO          247    .text.OUTLINED_FUNCTION_6  stm32h5xx_hal_adc.o
    0x08004eb6   0x08004eb6   0x00000008   Code   RO          499    .text.OUTLINED_FUNCTION_6  stm32h5xx_hal_dma_ex.o
    0x08004ebe   0x08004ebe   0x0000000e   Code   RO          570    .text.OUTLINED_FUNCTION_6  stm32h5xx_hal_rcc.o
    0x08004ecc   0x08004ecc   0x00000010   Code   RO          654    .text.OUTLINED_FUNCTION_6  stm32h5xx_hal_rcc_ex.o
    0x08004edc   0x08004edc   0x0000000c   Code   RO         1315    .text.OUTLINED_FUNCTION_6  stm32h5xx_hal_spi.o
    0x08004ee8   0x08004ee8   0x0000001a   Code   RO         2063    .text.OUTLINED_FUNCTION_6  stm32h5xx_hal_pcd.o
    0x08004f02   0x08004f02   0x0000000e   Code   RO         2179    .text.OUTLINED_FUNCTION_6  stm32h5xx_ll_usb.o
    0x08004f10   0x08004f10   0x0000000c   Code   RO         2400    .text.OUTLINED_FUNCTION_6  stm32h5xx_hal_uart.o
    0x08004f1c   0x08004f1c   0x00000010   Code   RO          501    .text.OUTLINED_FUNCTION_7  stm32h5xx_hal_dma_ex.o
    0x08004f2c   0x08004f2c   0x0000000e   Code   RO          572    .text.OUTLINED_FUNCTION_7  stm32h5xx_hal_rcc.o
    0x08004f3a   0x08004f3a   0x00000022   Code   RO          656    .text.OUTLINED_FUNCTION_7  stm32h5xx_hal_rcc_ex.o
    0x08004f5c   0x08004f5c   0x0000000e   Code   RO         1631    .text.OUTLINED_FUNCTION_7  stm32h5xx_hal_tim.o
    0x08004f6a   0x08004f6a   0x0000000a   Code   RO         2065    .text.OUTLINED_FUNCTION_7  stm32h5xx_hal_pcd.o
    0x08004f74   0x08004f74   0x0000000e   Code   RO         2181    .text.OUTLINED_FUNCTION_7  stm32h5xx_ll_usb.o
    0x08004f82   0x08004f82   0x00000020   Code   RO          658    .text.OUTLINED_FUNCTION_8  stm32h5xx_hal_rcc_ex.o
    0x08004fa2   0x08004fa2   0x00000006   Code   RO         1319    .text.OUTLINED_FUNCTION_8  stm32h5xx_hal_spi.o
    0x08004fa8   0x08004fa8   0x00000018   Code   RO         2067    .text.OUTLINED_FUNCTION_8  stm32h5xx_hal_pcd.o
    0x08004fc0   0x08004fc0   0x00000010   Code   RO          253    .text.OUTLINED_FUNCTION_9  stm32h5xx_hal_adc.o
    0x08004fd0   0x08004fd0   0x0000000e   Code   RO          660    .text.OUTLINED_FUNCTION_9  stm32h5xx_hal_rcc_ex.o
    0x08004fde   0x08004fde   0x00000014   Code   RO         2406    .text.OUTLINED_FUNCTION_9  stm32h5xx_hal_uart.o
    0x08004ff2   0x08004ff2   0x00000002   PAD
    0x08004ff4   0x08004ff4   0x00000024   Code   RO         2047    .text.PCD_GET_EP_DBUF0_CNT  stm32h5xx_hal_pcd.o
    0x08005018   0x08005018   0x00000020   Code   RO         2049    .text.PCD_GET_EP_DBUF1_CNT  stm32h5xx_hal_pcd.o
    0x08005038   0x08005038   0x00000024   Code   RO         2045    .text.PCD_GET_EP_RX_CNT  stm32h5xx_hal_pcd.o
    0x0800505c   0x0800505c   0x00000002   Code   RO           68    .text.PendSV_Handler  stm32h5xx_it.o
    0x0800505e   0x0800505e   0x00000002   PAD
    0x08005060   0x08005060   0x00000070   Code   RO          584    .text.RCCEx_PLL2_Config  stm32h5xx_hal_rcc_ex.o
    0x080050d0   0x080050d0   0x00000070   Code   RO          586    .text.RCCEx_PLL3_Config  stm32h5xx_hal_rcc_ex.o
    0x08005140   0x08005140   0x000000ac   Code   RO         1215    .text.SPI_CloseTransfer  stm32h5xx_hal_spi.o
    0x080051ec   0x080051ec   0x0000002a   Code   RO         1217    .text.SPI_WaitOnFlagUntilTimeout  stm32h5xx_hal_spi.o
    0x08005216   0x08005216   0x00000002   Code   RO           64    .text.SVC_Handler   stm32h5xx_it.o
    0x08005218   0x08005218   0x00000004   Code   RO           70    .text.SysTick_Handler  stm32h5xx_it.o
    0x0800521c   0x0800521c   0x000000a8   Code   RO           13    .text.SystemClock_Config  main.o
    0x080052c4   0x080052c4   0x00000098   Code   RO         2477    .text.SystemInit    system_stm32h5xx.o
    0x0800535c   0x0800535c   0x0000014c   Code   RO         1383    .text.TIM_Base_SetConfig  stm32h5xx_hal_tim.o
    0x080054a8   0x080054a8   0x000000a8   Code   RO         2254    .text.UART_AdvFeatureConfig  stm32h5xx_hal_uart.o
    0x08005550   0x08005550   0x00000092   Code   RO         2258    .text.UART_CheckIdleState  stm32h5xx_hal_uart.o
    0x080055e2   0x080055e2   0x00000002   PAD
    0x080055e4   0x080055e4   0x0000003c   Code   RO         2310    .text.UART_EndRxTransfer  stm32h5xx_hal_uart.o
    0x08005620   0x08005620   0x00000180   Code   RO         2256    .text.UART_SetConfig  stm32h5xx_hal_uart.o
    0x080057a0   0x080057a0   0x00000088   Code   RO         2272    .text.UART_WaitOnFlagUntilTimeout  stm32h5xx_hal_uart.o
    0x08005828   0x08005828   0x0000001e   Code   RO         2103    .text.USB_CoreInit  stm32h5xx_ll_usb.o
    0x08005846   0x08005846   0x00000002   PAD
    0x08005848   0x08005848   0x0000000c   Code   RO           76    .text.USB_DRD_FS_IRQHandler  stm32h5xx_it.o
    0x08005854   0x08005854   0x0000000c   Code   RO         2137    .text.USB_DevDisconnect  stm32h5xx_ll_usb.o
    0x08005860   0x08005860   0x0000001c   Code   RO         2111    .text.USB_DevInit   stm32h5xx_ll_usb.o
    0x0800587c   0x0800587c   0x0000000c   Code   RO         2107    .text.USB_DisableGlobalInt  stm32h5xx_ll_usb.o
    0x08005888   0x08005888   0x000002d0   Code   RO         2121    .text.USB_EPStartXfer  stm32h5xx_ll_usb.o
    0x08005b58   0x08005b58   0x00000004   Code   RO         2139    .text.USB_ReadInterrupts  stm32h5xx_ll_usb.o
    0x08005b5c   0x08005b5c   0x00000034   Code   RO         2145    .text.USB_ReadPMA   stm32h5xx_ll_usb.o
    0x08005b90   0x08005b90   0x0000001c   Code   RO         2109    .text.USB_SetCurrentMode  stm32h5xx_ll_usb.o
    0x08005bac   0x08005bac   0x0000000a   Code   RO         2133    .text.USB_SetDevAddress  stm32h5xx_ll_usb.o
    0x08005bb6   0x08005bb6   0x00000002   PAD
    0x08005bb8   0x08005bb8   0x00000038   Code   RO         2123    .text.USB_WritePMA  stm32h5xx_ll_usb.o
    0x08005bf0   0x08005bf0   0x00000002   Code   RO           62    .text.UsageFault_Handler  stm32h5xx_it.o
    0x08005bf2   0x08005bf2   0x00000016   Code   RO         2594    .text.advance_index  tusb_fifo.o
    0x08005c08   0x08005c08   0x00000044   Code   RO         2898    .text.btable_set_rx_bufsize  fsdev_common.o
    0x08005c4c   0x08005c4c   0x0000006c   Code   RO         2732    .text.configuration_reset  usbd.o
    0x08005cb8   0x08005cb8   0x0000005c   Code   RO         2773    .text.data_stage_xact  usbd_control.o
    0x08005d14   0x08005d14   0x00000028   Code   RO         2849    .text.dcd_edpt0_status_complete  dcd_stm32_fsdev.o
    0x08005d3c   0x08005d3c   0x00000084   Code   RO         2873    .text.dcd_edpt_clear_stall  dcd_stm32_fsdev.o
    0x08005dc0   0x08005dc0   0x00000044   Code   RO         2857    .text.dcd_edpt_close_all  dcd_stm32_fsdev.o
    0x08005e04   0x08005e04   0x000000f0   Code   RO         2851    .text.dcd_edpt_open  dcd_stm32_fsdev.o
    0x08005ef4   0x08005ef4   0x00000068   Code   RO         2871    .text.dcd_edpt_stall  dcd_stm32_fsdev.o
    0x08005f5c   0x08005f5c   0x00000028   Code   RO         2843    .text.dcd_edpt_xfer  dcd_stm32_fsdev.o
    0x08005f84   0x08005f84   0x0000002c   Code   RO         2869    .text.dcd_edpt_xfer_fifo  dcd_stm32_fsdev.o
    0x08005fb0   0x08005fb0   0x00000080   Code   RO         2853    .text.dcd_ep_alloc  dcd_stm32_fsdev.o
    0x08006030   0x08006030   0x00000024   Code   RO         2831    .text.dcd_init      dcd_stm32_fsdev.o
    0x08006054   0x08006054   0x00000018   Code   RO         2859    .text.dcd_int_disable  dcd_stm32_fsdev.o
    0x0800606c   0x0800606c   0x00000018   Code   RO         2861    .text.dcd_int_enable  dcd_stm32_fsdev.o
    0x08006084   0x08006084   0x00000048   Code   RO         2855    .text.dcd_pma_alloc  dcd_stm32_fsdev.o
    0x080060cc   0x080060cc   0x00000012   Code   RO         2841    .text.dcd_set_address  dcd_stm32_fsdev.o
    0x080060de   0x080060de   0x00000002   PAD
    0x080060e0   0x080060e0   0x00000010   Code   RO         2839    .text.dcd_sof_enable  dcd_stm32_fsdev.o
    0x080060f0   0x080060f0   0x000000bc   Code   RO         2877    .text.dcd_transmit_packet  dcd_stm32_fsdev.o
    0x080061ac   0x080061ac   0x00000080   Code   RO         2867    .text.edpt_xfer     dcd_stm32_fsdev.o
    0x0800622c   0x0800622c   0x00000028   Code   RO          153    .text.fputc         stm32h5xx_nucleo.o
    0x08006254   0x08006254   0x00000040   Code   RO         2892    .text.fsdev_core_reset  fsdev_common.o
    0x08006294   0x08006294   0x000000a8   Code   RO         2833    .text.handle_bus_reset  dcd_stm32_fsdev.o
    0x0800633c   0x0800633c   0x0000001c   Code   RO         2734    .text.invoke_class_control  usbd.o
    0x08006358   0x08006358   0x00000264   Code   RO           11    .text.main          main.o
    0x080065bc   0x080065bc   0x00000038   Code   RO           15    .text.mcp23s17_init  main.o
    0x080065f4   0x080065f4   0x0000004c   Code   RO           27    .text.mcp23s17_read_reg  main.o
    0x08006640   0x08006640   0x0000003c   Code   RO           25    .text.mcp23s17_write_reg  main.o
    0x0800667c   0x0800667c   0x00000050   Code   RO           23    .text.midi_task     main.o
    0x080066cc   0x080066cc   0x00000004   Code   RO         2818    .text.midid_control_xfer_cb  midi_device.o
    0x080066d0   0x080066d0   0x00000004   Code   RO         2812    .text.midid_deinit  midi_device.o
    0x080066d4   0x080066d4   0x00000044   Code   RO         2810    .text.midid_init    midi_device.o
    0x08006718   0x08006718   0x00000124   Code   RO         2816    .text.midid_open    midi_device.o
    0x0800683c   0x0800683c   0x00000028   Code   RO         2814    .text.midid_reset   midi_device.o
    0x08006864   0x08006864   0x000000a4   Code   RO         2820    .text.midid_xfer_cb  midi_device.o
    0x08006908   0x08006908   0x00000024   Code   RO         2896    .text.pma_align_buffer_size  fsdev_common.o
    0x0800692c   0x0800692c   0x000000f0   Code   RO           19    .text.scan_matrix   main.o
    0x08006a1c   0x08006a1c   0x00000068   Code   RO           21    .text.scan_potentiometer  main.o
    0x08006a84   0x08006a84   0x0000002c   Code   RO           31    .text.send_midi_cc  main.o
    0x08006ab0   0x08006ab0   0x0000003a   Code   RO           29    .text.send_midi_note  main.o
    0x08006aea   0x08006aea   0x00000018   Code   RO         2769    .text.status_stage_xact  usbd_control.o
    0x08006b02   0x08006b02   0x00000012   Code   RO         2553    .text.stream_claim  tusb.o
    0x08006b14   0x08006b14   0x00000010   Code   RO         2559    .text.stream_release  tusb.o
    0x08006b24   0x08006b24   0x00000034   Code   RO         2555    .text.stream_xfer   tusb.o
    0x08006b58   0x08006b58   0x00000058   Code   RO         2547    .text.tu_bind_driver_to_ep_itf  tusb.o
    0x08006bb0   0x08006bb0   0x00000028   Code   RO         2543    .text.tu_edpt_claim  tusb.o
    0x08006bd8   0x08006bd8   0x0000001c   Code   RO         2545    .text.tu_edpt_release  tusb.o
    0x08006bf4   0x08006bf4   0x00000026   Code   RO         2549    .text.tu_edpt_stream_init  tusb.o
    0x08006c1a   0x08006c1a   0x0000001a   Code   RO         2567    .text.tu_edpt_stream_read  tusb.o
    0x08006c34   0x08006c34   0x0000007c   Code   RO         2565    .text.tu_edpt_stream_read_xfer  tusb.o
    0x08006cb0   0x08006cb0   0x00000040   Code   RO         2561    .text.tu_edpt_stream_write  tusb.o
    0x08006cf0   0x08006cf0   0x00000018   Code   RO         2563    .text.tu_edpt_stream_write_available  tusb.o
    0x08006d08   0x08006d08   0x00000070   Code   RO         2557    .text.tu_edpt_stream_write_xfer  tusb.o
    0x08006d78   0x08006d78   0x00000040   Code   RO         2551    .text.tu_edpt_stream_write_zlp_if_needed  tusb.o
    0x08006db8   0x08006db8   0x00000008   Code   RO         2580    .text.tu_fifo_clear  tusb_fifo.o
    0x08006dc0   0x08006dc0   0x00000024   Code   RO         2578    .text.tu_fifo_config  tusb_fifo.o
    0x08006de4   0x08006de4   0x00000130   Code   RO         2588    .text.tu_fifo_peek_n_access_mode  tusb_fifo.o
    0x08006f14   0x08006f14   0x00000026   Code   RO         2592    .text.tu_fifo_read_n_access_mode  tusb_fifo.o
    0x08006f3a   0x08006f3a   0x00000196   Code   RO         2596    .text.tu_fifo_write_n_access_mode  tusb_fifo.o
    0x080070d0   0x080070d0   0x00000030   Code   RO         2586    .text.tu_hwfifo_read  tusb_fifo.o
    0x08007100   0x08007100   0x00000034   Code   RO         2584    .text.tu_hwfifo_write  tusb_fifo.o
    0x08007134   0x08007134   0x00000018   Code   RO         2767    .text.tud_control_status  usbd_control.o
    0x0800714c   0x0800714c   0x00000060   Code   RO         2771    .text.tud_control_xfer  usbd_control.o
    0x080071ac   0x080071ac   0x00000004   Code   RO         2630    .text.tud_descriptor_bos_cb  usbd.o
    0x080071b0   0x080071b0   0x00000008   Code   RO         2494    .text.tud_descriptor_configuration_cb  usb_descriptors.o
    0x080071b8   0x080071b8   0x00000008   Code   RO         2492    .text.tud_descriptor_device_cb  usb_descriptors.o
    0x080071c0   0x080071c0   0x00000004   Code   RO         2632    .text.tud_descriptor_device_qualifier_cb  usbd.o
    0x080071c4   0x080071c4   0x00000004   Code   RO         2634    .text.tud_descriptor_other_speed_configuration_cb  usbd.o
    0x080071c8   0x080071c8   0x00000060   Code   RO         2496    .text.tud_descriptor_string_cb  usb_descriptors.o
    0x08007228   0x08007228   0x0000002c   Code   RO         2796    .text.tud_midi_n_available  midi_device.o
    0x08007254   0x08007254   0x00000020   Code   RO         2794    .text.tud_midi_n_mounted  midi_device.o
    0x08007274   0x08007274   0x00000020   Code   RO         2800    .text.tud_midi_n_packet_read  midi_device.o
    0x08007294   0x08007294   0x00000150   Code   RO         2804    .text.tud_midi_n_stream_write  midi_device.o
    0x080073e4   0x080073e4   0x00000002   Code   RO         2792    .text.tud_midi_rx_cb  midi_device.o
    0x080073e6   0x080073e6   0x00000002   Code   RO         2636    .text.tud_mount_cb  usbd.o
    0x080073e8   0x080073e8   0x00000002   Code   RO         2642    .text.tud_resume_cb  usbd.o
    0x080073ea   0x080073ea   0x00000002   PAD
    0x080073ec   0x080073ec   0x000000cc   Code   RO         2688    .text.tud_rhport_init  usbd.o
    0x080074b8   0x080074b8   0x00000002   Code   RO         2628    .text.tud_sof_cb    usbd.o
    0x080074ba   0x080074ba   0x00000002   Code   RO         2640    .text.tud_suspend_cb  usbd.o
    0x080074bc   0x080074bc   0x00000648   Code   RO         2694    .text.tud_task_ext  usbd.o
    0x08007b04   0x08007b04   0x00000002   Code   RO         2638    .text.tud_umount_cb  usbd.o
    0x08007b06   0x08007b06   0x00000004   Code   RO         2644    .text.tud_vendor_control_xfer_cb  usbd.o
    0x08007b0a   0x08007b0a   0x00000002   Code   RO         2512    .text.tusb_hal_init  tusb_port.o
    0x08007b0c   0x08007b0c   0x00000064   Code   RO         2529    .text.tusb_rhport_init  tusb.o
    0x08007b70   0x08007b70   0x00000008   Code   RO         2660    .text.usbd_app_driver_get_cb  usbd.o
    0x08007b78   0x08007b78   0x0000000c   Code   RO         2775    .text.usbd_control_reset  usbd_control.o
    0x08007b84   0x08007b84   0x00000008   Code   RO         2777    .text.usbd_control_set_complete_callback  usbd_control.o
    0x08007b8c   0x08007b8c   0x00000014   Code   RO         2779    .text.usbd_control_set_request  usbd_control.o
    0x08007ba0   0x08007ba0   0x000000b8   Code   RO         2781    .text.usbd_control_xfer_cb  usbd_control.o
    0x08007c58   0x08007c58   0x00000018   Code   RO         2710    .text.usbd_edpt_claim  usbd.o
    0x08007c70   0x08007c70   0x00000028   Code   RO         2722    .text.usbd_edpt_clear_stall  usbd.o
    0x08007c98   0x08007c98   0x0000001c   Code   RO         2706    .text.usbd_edpt_open  usbd.o
    0x08007cb4   0x08007cb4   0x00000018   Code   RO         2712    .text.usbd_edpt_release  usbd.o
    0x08007ccc   0x08007ccc   0x00000028   Code   RO         2720    .text.usbd_edpt_stall  usbd.o
    0x08007cf4   0x08007cf4   0x00000040   Code   RO         2714    .text.usbd_edpt_xfer  usbd.o
    0x08007d34   0x08007d34   0x00000044   Code   RO         2716    .text.usbd_edpt_xfer_fifo  usbd.o
    0x08007d78   0x08007d78   0x00000014   Code   RO         2658    .text.usbd_int_set  usbd.o
    0x08007d8c   0x08007d8c   0x0000000e   Code   RO         2696    .text.usbd_reset    usbd.o
    0x08007d9a   0x08007d9a   0x00000002   PAD
    0x08007d9c   0x08007d9c   0x00000020   Code   RO         2965    i.__0printf$1       mc_w.l(printf1.o)
    0x08007dbc   0x08007dbc   0x0000000e   Code   RO         3230    i.__scatterload_copy  mc_w.l(handlers.o)
    0x08007dca   0x08007dca   0x00000002   Code   RO         3231    i.__scatterload_null  mc_w.l(handlers.o)
    0x08007dcc   0x08007dcc   0x0000000e   Code   RO         3232    i.__scatterload_zeroinit  mc_w.l(handlers.o)
    0x08007dda   0x08007dda   0x00000002   PAD
    0x08007ddc   0x08007ddc   0x00000154   Code   RO         2972    i._printf_core      mc_w.l(printf1.o)
    0x08007f30   0x08007f30   0x00000002   Data   RO         2500    .rodata..compoundliteral  usb_descriptors.o
    0x08007f32   0x08007f32   0x00000010   Data   RO         2482    .rodata.AHBPrescTable  system_stm32h5xx.o
    0x08007f42   0x08007f42   0x00000008   Data   RO         2483    .rodata.APBPrescTable  system_stm32h5xx.o
    0x08007f4a   0x08007f4a   0x00000018   Data   RO         2468    .rodata.UARTPrescTable  stm32h5xx_hal_uart.o
    0x08007f62   0x08007f62   0x00000002   PAD
    0x08007f64   0x08007f64   0x00000024   Data   RO         2754    .rodata._usbd_driver  usbd.o
    0x08007f88   0x08007f88   0x00000012   Data   RO         2498    .rodata.desc_device  usb_descriptors.o
    0x08007f9a   0x08007f9a   0x00000065   Data   RO         2499    .rodata.desc_fs_configuration  usb_descriptors.o
    0x08007fff   0x08007fff   0x0000003f   Data   RO         2501    .rodata.str1.1      usb_descriptors.o
    0x0800803e   0x0800803e   0x00000002   PAD
    0x08008040   0x08008040   0x00000020   Data   RO         3229    Region$$Table       anon$$obj.o


    Execution Region RW_IRAM1 (Exec base: 0x20000000, Load base: 0x08008060, Size: 0x00000d90, Max: 0x00044000, ABSOLUTE)

    Exec Addr    Load Addr    Size         Type   Attr      Idx    E Section Name        Object

    0x20000000   0x08008060   0x00000004   Data   RW         3195    .data               mc_w.l(stdout.o)
    0x20000004   0x08008064   0x00000008   Data   RW         1166    .data..L_MergedGlobals  stm32h5xx_hal.o
    0x2000000c   0x0800806c   0x00000018   Data   RW         2755    .data..L_MergedGlobals  usbd.o
    0x20000024   0x08008084   0x00000004   Data   RW          159    .data.COM_USART     stm32h5xx_nucleo.o
    0x20000028   0x08008088   0x00000004   Data   RW         2481    .data.SystemCoreClock  system_stm32h5xx.o
    0x2000002c   0x0800808c   0x00000001   Data   RW           38    .data.prev_midi_cc_value  main.o
    0x2000002d   0x0800808d   0x00000003   PAD
    0x20000030   0x08008090   0x00000014   Data   RW         2502    .data.string_desc_arr  usb_descriptors.o
    0x20000044   0x080080a4   0x00000004   PAD
    0x20000048        -       0x00000040   Zero   RW           45    .bss..L_MergedGlobals  main.o
    0x20000088        -       0x00000054   Zero   RW         2783    .bss..L_MergedGlobals  usbd_control.o
    0x200000dc        -       0x00000022   Zero   RW         2883    .bss..L_MergedGlobals  dcd_stm32_fsdev.o
    0x200000fe   0x080080a4   0x00000002   PAD
    0x20000100        -       0x00000043   Zero   RW         2756    .bss..L_MergedGlobals.1  usbd.o
    0x20000143        -       0x00000001   Zero   RW          162    .bss.COM_ActiveLogPort  stm32h5xx_nucleo.o
    0x20000144        -       0x00000018   Zero   RW           41    .bss.List_GPDMA1_Channel0  main.o
    0x2000015c        -       0x00000024   Zero   RW           40    .bss.Node_GPDMA1_Channel0  main.o
    0x20000180        -       0x00000040   Zero   RW         2503    .bss._desc_str      usb_descriptors.o
    0x200001c0        -       0x000000c0   Zero   RW         2822    .bss._midid_itf     midi_device.o
    0x20000280        -       0x00000002   Zero   RW         2569    .bss._tusb_rhport_role  tusb.o
    0x20000282        -       0x000000c0   Zero   RW         2752    .bss._usbd_qdef_buf  usbd.o
    0x20000342   0x080080a4   0x00000002   PAD
    0x20000344        -       0x00000068   Zero   RW           36    .bss.hadc1          main.o
    0x200003ac        -       0x00000078   Zero   RW           42    .bss.handle_GPDMA1_Channel0  main.o
    0x20000424        -       0x00000094   Zero   RW          161    .bss.hcom_uart      stm32h5xx_nucleo.o
    0x200004b8        -       0x0000000c   Zero   RW          160    .bss.hpb_exti       stm32h5xx_nucleo.o
    0x200004c4        -       0x000002e4   Zero   RW           43    .bss.hpcd_USB_DRD_FS  main.o
    0x200007a8        -       0x00000090   Zero   RW           37    .bss.hspi1          main.o
    0x20000838        -       0x0000004c   Zero   RW           35    .bss.htim6          main.o
    0x20000884        -       0x00000004   Zero   RW           39    .bss.midi_task.blink_ms  main.o
    0x20000888        -       0x00000004   Zero   RW         1165    .bss.uwTick         stm32h5xx_hal.o
    0x2000088c        -       0x00000100   Zero   RW         2882    .bss.xfer_status    dcd_stm32_fsdev.o
    0x2000098c   0x080080a4   0x00000004   PAD
    0x20000990        -       0x00000400   Zero   RW            1    STACK               startup_stm32h533xx.o


==============================================================================

Image component sizes


      Code (inc. data)   RO Data    RW Data    ZI Data      Debug   Object Name

      1480         92          0          0        290      29362   dcd_stm32_fsdev.o
       168          8          0          0          0       2689   fsdev_common.o
      1514         76          0          1       1312      25344   main.o
      1018         20          0          0        192      15801   midi_device.o
        40         10        596          0       1024        956   startup_stm32h533xx.o
       260         24          0          8          4      14607   stm32h5xx_hal.o
      1922        104          0          0          0      26513   stm32h5xx_hal_adc.o
       292         30          0          0          0      14191   stm32h5xx_hal_cortex.o
       560          0          0          0          0      10989   stm32h5xx_hal_dma.o
      2096        140          0          0          0      30223   stm32h5xx_hal_dma_ex.o
       112          4          0          0          0       7375   stm32h5xx_hal_exti.o
       396          8          0          0          0       5424   stm32h5xx_hal_gpio.o
       550         48          0          0          0      19756   stm32h5xx_hal_msp.o
      2204         20          0          0          0      15622   stm32h5xx_hal_pcd.o
        36          0          0          0          0       5683   stm32h5xx_hal_pcd_ex.o
        16          4          0          0          0       7691   stm32h5xx_hal_pwr_ex.o
      2330         80          0          0          0      13120   stm32h5xx_hal_rcc.o
      5534        266          0          0          0      22447   stm32h5xx_hal_rcc_ex.o
      2140         56          0          0          0      24447   stm32h5xx_hal_spi.o
       674        116          0          0          0      55707   stm32h5xx_hal_tim.o
       196          4          0          0          0      29431   stm32h5xx_hal_tim_ex.o
      1324         52         24          0          0      33551   stm32h5xx_hal_uart.o
        50          8          0          0          0       6172   stm32h5xx_it.o
      1032          4          0          0          0      18146   stm32h5xx_ll_usb.o
       402         44          0          4        161      15683   stm32h5xx_nucleo.o
       152         28         24          4          0       6014   system_stm32h5xx.o
       794         16          0          0          2      13549   tusb.o
       914          0          0          0          0      16285   tusb_fifo.o
         2          0          0          0          0        775   tusb_port.o
       112         16        184         20         64       3021   usb_descriptors.o
      2390         88         36         24        259      31297   usbd.o
       460         12          0          0         84       5402   usbd_control.o

    ----------------------------------------------------------------------
     31200       1378        900         64       3404     527273   Object Totals
         0          0         32          0          0          0   (incl. Generated)
        30          0          4          3         12          0   (incl. Padding)

    ----------------------------------------------------------------------

      Code (inc. data)   RO Data    RW Data    ZI Data      Debug   Library Member Name

         0          0          0          0          0          0   entry.o
         0          0          0          0          0          0   entry10a.o
         0          0          0          0          0          0   entry11a.o
         8          4          0          0          0          0   entry2.o
         4          0          0          0          0          0   entry5.o
         0          0          0          0          0          0   entry7b.o
         0          0          0          0          0          0   entry8b.o
         8          4          0          0          0          0   entry9a.o
        30          0          0          0          0          0   handlers.o
        48         10          0          0          0         68   init.o
        30          0          0          0          0         68   llshl.o
        32          0          0          0          0         68   llushr.o
        36          0          0          0          0         68   memcpya.o
        36          0          0          0          0        108   memseta.o
       372         14          0          0          0        184   printf1.o
         0          0          0          4          0          0   stdout.o
        14          0          0          0          0         68   strlen.o
        44          0          0          0          0         80   uidiv.o
        98          0          0          0          0         92   uldiv.o

    ----------------------------------------------------------------------
       764         32          0          4          0        804   Library Totals
         4          0          0          0          0          0   (incl. Padding)

    ----------------------------------------------------------------------

      Code (inc. data)   RO Data    RW Data    ZI Data      Debug   Library Name

       760         32          0          4          0        804   mc_w.l

    ----------------------------------------------------------------------
       764         32          0          4          0        804   Library Totals

    ----------------------------------------------------------------------

==============================================================================


      Code (inc. data)   RO Data    RW Data    ZI Data      Debug   

     31964       1410        900         68       3404     527369   Grand Totals
     31964       1410        900         68       3404     527369   ELF Image Totals
     31964       1410        900         68          0          0   ROM Totals

==============================================================================

    Total RO  Size (Code + RO Data)                32864 (  32.09kB)
    Total RW  Size (RW Data + ZI Data)              3472 (   3.39kB)
    Total ROM Size (Code + RO Data + RW Data)      32932 (  32.16kB)

==============================================================================

