Component: Arm Compiler for Embedded 6.22 Tool: armlink [5ee90200]

==============================================================================

Section Cross References

    startup_stm32h533xx.o(STACK) refers (Special) to heapauxi.o(.text) for __use_two_region_memory
    startup_stm32h533xx.o(HEAP) refers (Special) to heapauxi.o(.text) for __use_two_region_memory
    startup_stm32h533xx.o(RESET) refers (Special) to heapauxi.o(.text) for __use_two_region_memory
    startup_stm32h533xx.o(RESET) refers to startup_stm32h533xx.o(STACK) for __initial_sp
    startup_stm32h533xx.o(RESET) refers to startup_stm32h533xx.o(.text) for Reset_Handler
    startup_stm32h533xx.o(RESET) refers to stm32h5xx_it.o(.text.NMI_Handler) for NMI_Handler
    startup_stm32h533xx.o(RESET) refers to stm32h5xx_it.o(.text.HardFault_Handler) for HardFault_Handler
    startup_stm32h533xx.o(RESET) refers to stm32h5xx_it.o(.text.MemManage_Handler) for MemManage_Handler
    startup_stm32h533xx.o(RESET) refers to stm32h5xx_it.o(.text.BusFault_Handler) for BusFault_Handler
    startup_stm32h533xx.o(RESET) refers to stm32h5xx_it.o(.text.UsageFault_Handler) for UsageFault_Handler
    startup_stm32h533xx.o(RESET) refers to stm32h5xx_it.o(.text.SVC_Handler) for SVC_Handler
    startup_stm32h533xx.o(RESET) refers to stm32h5xx_it.o(.text.DebugMon_Handler) for DebugMon_Handler
    startup_stm32h533xx.o(RESET) refers to stm32h5xx_it.o(.text.PendSV_Handler) for PendSV_Handler
    startup_stm32h533xx.o(RESET) refers to stm32h5xx_it.o(.text.SysTick_Handler) for SysTick_Handler
    startup_stm32h533xx.o(RESET) refers to stm32h5xx_it.o(.text.EXTI13_IRQHandler) for EXTI13_IRQHandler
    startup_stm32h533xx.o(RESET) refers to stm32h5xx_it.o(.text.GPDMA1_Channel0_IRQHandler) for GPDMA1_Channel0_IRQHandler
    startup_stm32h533xx.o(RESET) refers to stm32h5xx_it.o(.text.USB_DRD_FS_IRQHandler) for USB_DRD_FS_IRQHandler
    startup_stm32h533xx.o(.text) refers (Special) to heapauxi.o(.text) for __use_two_region_memory
    startup_stm32h533xx.o(.text) refers to system_stm32h5xx.o(.text.SystemInit) for SystemInit
    startup_stm32h533xx.o(.text) refers to __main.o(!!!main) for __main
    startup_stm32h533xx.o(.text) refers to startup_stm32h533xx.o(HEAP) for Heap_Mem
    startup_stm32h533xx.o(.text) refers to startup_stm32h533xx.o(STACK) for Stack_Mem
    main.o(.text.main) refers to stm32h5xx_hal.o(.text.HAL_Init) for HAL_Init
    main.o(.text.main) refers to main.o(.text.SystemClock_Config) for SystemClock_Config
    main.o(.text.main) refers to rt_memclr_w.o(.text) for __aeabi_memclr4
    main.o(.text.main) refers to stm32h5xx_hal_gpio.o(.text.HAL_GPIO_WritePin) for HAL_GPIO_WritePin
    main.o(.text.main) refers to stm32h5xx_hal_gpio.o(.text.HAL_GPIO_Init) for HAL_GPIO_Init
    main.o(.text.main) refers to stm32h5xx_hal_cortex.o(.text.HAL_NVIC_SetPriority) for HAL_NVIC_SetPriority
    main.o(.text.main) refers to stm32h5xx_hal_cortex.o(.text.HAL_NVIC_EnableIRQ) for HAL_NVIC_EnableIRQ
    main.o(.text.main) refers to stm32h5xx_hal_adc.o(.text.HAL_ADC_Init) for HAL_ADC_Init
    main.o(.text.main) refers to stm32h5xx_hal_adc.o(.text.HAL_ADC_ConfigChannel) for HAL_ADC_ConfigChannel
    main.o(.text.main) refers to stm32h5xx_hal_tim.o(.text.HAL_TIM_Base_Init) for HAL_TIM_Base_Init
    main.o(.text.main) refers to stm32h5xx_hal_tim_ex.o(.text.HAL_TIMEx_MasterConfigSynchronization) for HAL_TIMEx_MasterConfigSynchronization
    main.o(.text.main) refers to stm32h5xx_hal_spi.o(.text.HAL_SPI_Init) for HAL_SPI_Init
    main.o(.text.main) refers to stm32h5xx_hal_cortex.o(.text.HAL_NVIC_DisableIRQ) for HAL_NVIC_DisableIRQ
    main.o(.text.main) refers to tusb.o(.text.tusb_rhport_init) for tusb_rhport_init
    main.o(.text.main) refers to tusb_port.o(.text.tusb_hal_init) for tusb_hal_init
    main.o(.text.main) refers to stm32h5xx_hal_cortex.o(.text.HAL_NVIC_ClearPendingIRQ) for HAL_NVIC_ClearPendingIRQ
    main.o(.text.main) refers to stm32h5xx_hal.o(.text.HAL_Delay) for HAL_Delay
    main.o(.text.main) refers to main.o(.text.mcp23s17_init) for mcp23s17_init
    main.o(.text.main) refers to stm32h5xx_hal_adc.o(.text.HAL_ADC_Start_DMA) for HAL_ADC_Start_DMA
    main.o(.text.main) refers to stm32h5xx_hal_tim.o(.text.HAL_TIM_Base_Start) for HAL_TIM_Base_Start
    main.o(.text.main) refers to stm32h5xx_nucleo.o(.text.BSP_PB_Init) for BSP_PB_Init
    main.o(.text.main) refers to stm32h5xx_nucleo.o(.text.BSP_COM_Init) for BSP_COM_Init
    main.o(.text.main) refers to usbd.o(.text.tud_task_ext) for tud_task_ext
    main.o(.text.main) refers to main.o(.text.scan_matrix) for scan_matrix
    main.o(.text.main) refers to main.o(.text.handle_potentiometers) for handle_potentiometers
    main.o(.text.main) refers to main.o(.text.midi_task) for midi_task
    main.o(.text.main) refers to main.o(.bss.hadc1) for hadc1
    main.o(.text.main) refers to main.o(.bss.htim6) for htim6
    main.o(.text.main) refers to main.o(.bss.hspi1) for hspi1
[...]
    __rt_lib_init_getenv_1                   0x080002fb   Thumb Code     0  libinit2.o(.ARM.Collect$$libinit$$00000025)
    __rt_lib_init_heap_1                     0x080002fb   Thumb Code     0  libinit2.o(.ARM.Collect$$libinit$$0000000C)
    __rt_lib_init_lc_collate_1               0x080002fb   Thumb Code     0  libinit2.o(.ARM.Collect$$libinit$$00000013)
    __rt_lib_init_lc_ctype_1                 0x080002fb   Thumb Code     0  libinit2.o(.ARM.Collect$$libinit$$00000015)
    __rt_lib_init_lc_monetary_1              0x080002fb   Thumb Code     0  libinit2.o(.ARM.Collect$$libinit$$00000017)
    __rt_lib_init_lc_numeric_1               0x080002fb   Thumb Code     0  libinit2.o(.ARM.Collect$$libinit$$00000019)
    __rt_lib_init_lc_time_1                  0x080002fb   Thumb Code     0  libinit2.o(.ARM.Collect$$libinit$$0000001B)
    __rt_lib_init_preinit_1                  0x080002fb   Thumb Code     0  libinit2.o(.ARM.Collect$$libinit$$00000006)
    __rt_lib_init_rand_1                     0x080002fb   Thumb Code     0  libinit2.o(.ARM.Collect$$libinit$$00000010)
    __rt_lib_init_relocate_pie_1             0x080002fb   Thumb Code     0  libinit2.o(.ARM.Collect$$libinit$$00000004)
    __rt_lib_init_return                     0x080002fb   Thumb Code     0  libinit2.o(.ARM.Collect$$libinit$$00000035)
    __rt_lib_init_signal_1                   0x080002fb   Thumb Code     0  libinit2.o(.ARM.Collect$$libinit$$0000001F)
    __rt_lib_init_stdio_1                    0x080002fb   Thumb Code     0  libinit2.o(.ARM.Collect$$libinit$$00000027)
    __rt_lib_init_user_alloc_1               0x080002fb   Thumb Code     0  libinit2.o(.ARM.Collect$$libinit$$0000000E)
    __rt_lib_shutdown                        0x080002fd   Thumb Code     0  libshutdown.o(.ARM.Collect$$libshutdown$$00000000)
    __rt_lib_shutdown_cpp_1                  0x080002ff   Thumb Code     0  libshutdown2.o(.ARM.Collect$$libshutdown$$00000002)
    __rt_lib_shutdown_fp_trap_1              0x080002ff   Thumb Code     0  libshutdown2.o(.ARM.Collect$$libshutdown$$00000007)
    __rt_lib_shutdown_heap_1                 0x080002ff   Thumb Code     0  libshutdown2.o(.ARM.Collect$$libshutdown$$0000000F)
    __rt_lib_shutdown_return                 0x080002ff   Thumb Code     0  libshutdown2.o(.ARM.Collect$$libshutdown$$00000010)
    __rt_lib_shutdown_signal_1               0x080002ff   Thumb Code     0  libshutdown2.o(.ARM.Collect$$libshutdown$$0000000A)
    __rt_lib_shutdown_stdio_1                0x080002ff   Thumb Code     0  libshutdown2.o(.ARM.Collect$$libshutdown$$00000004)
    __rt_lib_shutdown_user_alloc_1           0x080002ff   Thumb Code     0  libshutdown2.o(.ARM.Collect$$libshutdown$$0000000C)
    __rt_entry                               0x08000301   Thumb Code     0  __rtentry.o(.ARM.Collect$$rtentry$$00000000)
    __rt_entry_presh_1                       0x08000301   Thumb Code     0  __rtentry2.o(.ARM.Collect$$rtentry$$00000002)
    __rt_entry_sh                            0x08000301   Thumb Code     0  __rtentry4.o(.ARM.Collect$$rtentry$$00000004)
    __rt_entry_li                            0x08000307   Thumb Code     0  __rtentry2.o(.ARM.Collect$$rtentry$$0000000A)
    __rt_entry_postsh_1                      0x08000307   Thumb Code     0  __rtentry2.o(.ARM.Collect$$rtentry$$00000009)
    __rt_entry_main                          0x0800030b   Thumb Code     0  __rtentry2.o(.ARM.Collect$$rtentry$$0000000D)
    __rt_entry_postli_1                      0x0800030b   Thumb Code     0  __rtentry2.o(.ARM.Collect$$rtentry$$0000000C)
    __rt_exit                                0x08000313   Thumb Code     0  rtexit.o(.ARM.Collect$$rtexit$$00000000)
    __rt_exit_ls                             0x08000315   Thumb Code     0  rtexit2.o(.ARM.Collect$$rtexit$$00000003)
    __rt_exit_prels_1                        0x08000315   Thumb Code     0  rtexit2.o(.ARM.Collect$$rtexit$$00000002)
    __rt_exit_exit                           0x08000319   Thumb Code     0  rtexit2.o(.ARM.Collect$$rtexit$$00000004)
    Reset_Handler                            0x08000321   Thumb Code     8  startup_stm32h533xx.o(.text)
    SecureFault_Handler                      0x08000333   Thumb Code     2  startup_stm32h533xx.o(.text)
    ADC1_IRQHandler                          0x0800033d   Thumb Code     0  startup_stm32h533xx.o(.text)
    ADC2_IRQHandler                          0x0800033d   Thumb Code     0  startup_stm32h533xx.o(.text)
    AES_IRQHandler                           0x0800033d   Thumb Code     0  startup_stm32h533xx.o(.text)
    CEC_IRQHandler                           0x0800033d   Thumb Code     0  startup_stm32h533xx.o(.text)
    CRS_IRQHandler                           0x0800033d   Thumb Code     0  startup_stm32h533xx.o(.text)
    DAC1_IRQHandler                          0x0800033d   Thumb Code     0  startup_stm32h533xx.o(.text)
    DCACHE1_IRQHandler                       0x0800033d   Thumb Code     0  startup_stm32h533xx.o(.text)
    DCMI_PSSI_IRQHandler                     0x0800033d   Thumb Code     0  startup_stm32h533xx.o(.text)
    DTS_IRQHandler                           0x0800033d   Thumb Code     0  startup_stm32h533xx.o(.text)
    EXTI0_IRQHandler                         0x0800033d   Thumb Code     0  startup_stm32h533xx.o(.text)
    EXTI10_IRQHandler                        0x0800033d   Thumb Code     0  startup_stm32h533xx.o(.text)
    EXTI11_IRQHandler                        0x0800033d   Thumb Code     0  startup_stm32h533xx.o(.text)
    EXTI12_IRQHandler                        0x0800033d   Thumb Code     0  startup_stm32h533xx.o(.text)
    EXTI14_IRQHandler                        0x0800033d   Thumb Code     0  startup_stm32h533xx.o(.text)
    EXTI15_IRQHandler                        0x0800033d   Thumb Code     0  startup_stm32h533xx.o(.text)
    EXTI1_IRQHandler                         0x0800033d   Thumb Code     0  startup_stm32h533xx.o(.text)
    EXTI2_IRQHandler                         0x0800033d   Thumb Code     0  startup_stm32h533xx.o(.text)
    EXTI3_IRQHandler                         0x0800033d   Thumb Code     0  startup_stm32h533xx.o(.text)
    EXTI4_IRQHandler                         0x0800033d   Thumb Code     0  startup_stm32h533xx.o(.text)
    EXTI5_IRQHandler                         0x0800033d   Thumb Code     0  startup_stm32h533xx.o(.text)
    EXTI6_IRQHandler                         0x0800033d   Thumb Code     0  startup_stm32h533xx.o(.text)
    EXTI7_IRQHandler                         0x0800033d   Thumb Code     0  startup_stm32h533xx.o(.text)
    EXTI8_IRQHandler                         0x0800033d   Thumb Code     0  startup_stm32h533xx.o(.text)
    EXTI9_IRQHandler                         0x0800033d   Thumb Code     0  startup_stm32h533xx.o(.text)
    FDCAN1_IT0_IRQHandler                    0x0800033d   Thumb Code     0  startup_stm32h533xx.o(.text)
    FDCAN1_IT1_IRQHandler                    0x0800033d   Thumb Code     0  startup_stm32h533xx.o(.text)
    FDCAN2_IT0_IRQHandler                    0x0800033d   Thumb Code     0  startup_stm32h533xx.o(.text)
    FDCAN2_IT1_IRQHandler                    0x0800033d   Thumb Code     0  startup_stm32h533xx.o(.text)
    FLASH_IRQHandler                         0x0800033d   Thumb Code     0  startup_stm32h533xx.o(.text)
    FLASH_S_IRQHandler                       0x0800033d   Thumb Code     0  startup_stm32h533xx.o(.text)
    FMC_IRQHandler                           0x0800033d   Thumb Code     0  startup_stm32h533xx.o(.text)
    FPU_IRQHandler                           0x0800033d   Thumb Code     0  startup_stm32h533xx.o(.text)
    GPDMA1_Channel1_IRQHandler               0x0800033d   Thumb Code     0  startup_stm32h533xx.o(.text)
    GPDMA1_Channel2_IRQHandler               0x0800033d   Thumb Code     0  startup_stm32h533xx.o(.text)
    GPDMA1_Channel3_IRQHandler               0x0800033d   Thumb Code     0  startup_stm32h533xx.o(.text)
    GPDMA1_Channel4_IRQHandler               0x0800033d   Thumb Code     0  startup_stm32h533xx.o(.text)
    GPDMA1_Channel5_IRQHandler               0x0800033d   Thumb Code     0  startup_stm32h533xx.o(.text)
    GPDMA1_Channel6_IRQHandler               0x0800033d   Thumb Code     0  startup_stm32h533xx.o(.text)
    GPDMA1_Channel7_IRQHandler               0x0800033d   Thumb Code     0  startup_stm32h533xx.o(.text)
    GPDMA2_Channel0_IRQHandler               0x0800033d   Thumb Code     0  startup_stm32h533xx.o(.text)
    GPDMA2_Channel1_IRQHandler               0x0800033d   Thumb Code     0  startup_stm32h533xx.o(.text)
    GPDMA2_Channel2_IRQHandler               0x0800033d   Thumb Code     0  startup_stm32h533xx.o(.text)
    GPDMA2_Channel3_IRQHandler               0x0800033d   Thumb Code     0  startup_stm32h533xx.o(.text)
    GPDMA2_Channel4_IRQHandler               0x0800033d   Thumb Code     0  startup_stm32h533xx.o(.text)
    GPDMA2_Channel5_IRQHandler               0x0800033d   Thumb Code     0  startup_stm32h533xx.o(.text)
    GPDMA2_Channel6_IRQHandler               0x0800033d   Thumb Code     0  startup_stm32h533xx.o(.text)
    GPDMA2_Channel7_IRQHandler               0x0800033d   Thumb Code     0  startup_stm32h533xx.o(.text)
    GTZC_IRQHandler                          0x0800033d   Thumb Code     0  startup_stm32h533xx.o(.text)
    HASH_IRQHandler                          0x0800033d   Thumb Code     0  startup_stm32h533xx.o(.text)
    I2C1_ER_IRQHandler                       0x0800033d   Thumb Code     0  startup_stm32h533xx.o(.text)
    I2C1_EV_IRQHandler                       0x0800033d   Thumb Code     0  startup_stm32h533xx.o(.text)
    I2C2_ER_IRQHandler                       0x0800033d   Thumb Code     0  startup_stm32h533xx.o(.text)
    I2C2_EV_IRQHandler                       0x0800033d   Thumb Code     0  startup_stm32h533xx.o(.text)
    I2C3_ER_IRQHandler                       0x0800033d   Thumb Code     0  startup_stm32h533xx.o(.text)
    I2C3_EV_IRQHandler                       0x0800033d   Thumb Code     0  startup_stm32h533xx.o(.text)
    I3C1_ER_IRQHandler                       0x0800033d   Thumb Code     0  startup_stm32h533xx.o(.text)
    I3C1_EV_IRQHandler                       0x0800033d   Thumb Code     0  startup_stm32h533xx.o(.text)
    I3C2_ER_IRQHandler                       0x0800033d   Thumb Code     0  startup_stm32h533xx.o(.text)
    I3C2_EV_IRQHandler                       0x0800033d   Thumb Code     0  startup_stm32h533xx.o(.text)
    ICACHE_IRQHandler                        0x0800033d   Thumb Code     0  startup_stm32h533xx.o(.text)
    IWDG_IRQHandler                          0x0800033d   Thumb Code     0  startup_stm32h533xx.o(.text)
    LPTIM1_IRQHandler                        0x0800033d   Thumb Code     0  startup_stm32h533xx.o(.text)
    LPTIM2_IRQHandler                        0x0800033d   Thumb Code     0  startup_stm32h533xx.o(.text)
    LPUART1_IRQHandler                       0x0800033d   Thumb Code     0  startup_stm32h533xx.o(.text)
    OCTOSPI1_IRQHandler                      0x0800033d   Thumb Code     0  startup_stm32h533xx.o(.text)
    OTFDEC1_IRQHandler                       0x0800033d   Thumb Code     0  startup_stm32h533xx.o(.text)
    PKA_IRQHandler                           0x0800033d   Thumb Code     0  startup_stm32h533xx.o(.text)
    PVD_AVD_IRQHandler                       0x0800033d   Thumb Code     0  startup_stm32h533xx.o(.text)
    RAMCFG_IRQHandler                        0x0800033d   Thumb Code     0  startup_stm32h533xx.o(.text)
    RCC_IRQHandler                           0x0800033d   Thumb Code     0  startup_stm32h533xx.o(.text)
    RCC_S_IRQHandler                         0x0800033d   Thumb Code     0  startup_stm32h533xx.o(.text)
    RNG_IRQHandler                           0x0800033d   Thumb Code     0  startup_stm32h533xx.o(.text)
    RTC_IRQHandler                           0x0800033d   Thumb Code     0  startup_stm32h533xx.o(.text)
    RTC_S_IRQHandler                         0x0800033d   Thumb Code     0  startup_stm32h533xx.o(.text)
    SAES_IRQHandler                          0x0800033d   Thumb Code     0  startup_stm32h533xx.o(.text)
    SDMMC1_IRQHandler                        0x0800033d   Thumb Code     0  startup_stm32h533xx.o(.text)
    SPI1_IRQHandler                          0x0800033d   Thumb Code     0  startup_stm32h533xx.o(.text)
    SPI2_IRQHandler                          0x0800033d   Thumb Code     0  startup_stm32h533xx.o(.text)
    SPI3_IRQHandler                          0x0800033d   Thumb Code     0  startup_stm32h533xx.o(.text)
    SPI4_IRQHandler                          0x0800033d   Thumb Code     0  startup_stm32h533xx.o(.text)
    TAMP_IRQHandler                          0x0800033d   Thumb Code     0  startup_stm32h533xx.o(.text)
    TIM12_IRQHandler                         0x0800033d   Thumb Code     0  startup_stm32h533xx.o(.text)
    TIM15_IRQHandler                         0x0800033d   Thumb Code     0  startup_stm32h533xx.o(.text)
    TIM1_BRK_IRQHandler                      0x0800033d   Thumb Code     0  startup_stm32h533xx.o(.text)
    TIM1_CC_IRQHandler                       0x0800033d   Thumb Code     0  startup_stm32h533xx.o(.text)
    TIM1_TRG_COM_IRQHandler                  0x0800033d   Thumb Code     0  startup_stm32h533xx.o(.text)
    TIM1_UP_IRQHandler                       0x0800033d   Thumb Code     0  startup_stm32h533xx.o(.text)
    TIM2_IRQHandler                          0x0800033d   Thumb Code     0  startup_stm32h533xx.o(.text)
    TIM3_IRQHandler                          0x0800033d   Thumb Code     0  startup_stm32h533xx.o(.text)
    TIM4_IRQHandler                          0x0800033d   Thumb Code     0  startup_stm32h533xx.o(.text)
    TIM5_IRQHandler                          0x0800033d   Thumb Code     0  startup_stm32h533xx.o(.text)
    TIM6_IRQHandler                          0x0800033d   Thumb Code     0  startup_stm32h533xx.o(.text)
    TIM7_IRQHandler                          0x0800033d   Thumb Code     0  startup_stm32h533xx.o(.text)
    TIM8_BRK_IRQHandler                      0x0800033d   Thumb Code     0  startup_stm32h533xx.o(.text)
    TIM8_CC_IRQHandler                       0x0800033d   Thumb Code     0  startup_stm32h533xx.o(.text)
    TIM8_TRG_COM_IRQHandler                  0x0800033d   Thumb Code     0  startup_stm32h533xx.o(.text)
    TIM8_UP_IRQHandler                       0x0800033d   Thumb Code     0  startup_stm32h533xx.o(.text)
    UART4_IRQHandler                         0x0800033d   Thumb Code     0  startup_stm32h533xx.o(.text)
    UART5_IRQHandler                         0x0800033d   Thumb Code     0  startup_stm32h533xx.o(.text)
    UCPD1_IRQHandler                         0x0800033d   Thumb Code     0  startup_stm32h533xx.o(.text)
    USART1_IRQHandler                        0x0800033d   Thumb Code     0  startup_stm32h533xx.o(.text)
    USART2_IRQHandler                        0x0800033d   Thumb Code     0  startup_stm32h533xx.o(.text)
    USART3_IRQHandler                        0x0800033d   Thumb Code     0  startup_stm32h533xx.o(.text)
    USART6_IRQHandler                        0x0800033d   Thumb Code     0  startup_stm32h533xx.o(.text)
    WWDG_IRQHandler                          0x0800033d   Thumb Code     0  startup_stm32h533xx.o(.text)
    __user_initial_stackheap                 0x08000341   Thumb Code    10  startup_stm32h533xx.o(.text)
    __aeabi_uldivmod                         0x08000365   Thumb Code     0  lludivv7m.o(.text)
    _ll_udiv                                 0x08000365   Thumb Code   240  lludivv7m.o(.text)
    strlen                                   0x08000455   Thumb Code    62  strlen.o(.text)
    __aeabi_memcpy                           0x08000493   Thumb Code     0  rt_memcpy_v6.o(.text)
    __rt_memcpy                              0x08000493   Thumb Code   138  rt_memcpy_v6.o(.text)
    _memcpy_lastbytes                        0x080004f9   Thumb Code     0  rt_memcpy_v6.o(.text)
    __aeabi_memset                           0x0800051d   Thumb Code    16  aeabi_memset.o(.text)
    __aeabi_memclr4                          0x0800052d   Thumb Code     0  rt_memclr_w.o(.text)
    __aeabi_memclr8                          0x0800052d   Thumb Code     0  rt_memclr_w.o(.text)
    __rt_memclr_w                            0x0800052d   Thumb Code     0  rt_memclr_w.o(.text)
    _memset_w                                0x08000531   Thumb Code    74  rt_memclr_w.o(.text)
    __use_two_region_memory                  0x0800057b   Thumb Code     2  heapauxi.o(.text)
    __rt_heap_escrow$2region                 0x0800057d   Thumb Code     2  heapauxi.o(.text)
    __rt_heap_expand$2region                 0x0800057f   Thumb Code     2  heapauxi.o(.text)
    __aeabi_memcpy4                          0x08000581   Thumb Code     0  rt_memcpy_w.o(.text)
    __aeabi_memcpy8                          0x08000581   Thumb Code     0  rt_memcpy_w.o(.text)
    __rt_memcpy_w                            0x08000581   Thumb Code   100  rt_memcpy_w.o(.text)
    _memcpy_lastbytes_aligned                0x080005c9   Thumb Code     0  rt_memcpy_w.o(.text)
    __aeabi_memclr                           0x080005e5   Thumb Code     0  rt_memclr.o(.text)
    __rt_memclr                              0x080005e5   Thumb Code     0  rt_memclr.o(.text)
    _memset                                  0x080005e9   Thumb Code    64  rt_memclr.o(.text)
    __user_setup_stackheap                   0x08000629   Thumb Code    74  sys_stackheap_outer.o(.text)
    exit                                     0x08000673   Thumb Code    18  exit.o(.text)
    __user_libspace                          0x08000685   Thumb Code     8  libspace.o(.text)
    __user_perproc_libspace                  0x08000685   Thumb Code     0  libspace.o(.text)
    __user_perthread_libspace                0x08000685   Thumb Code     0  libspace.o(.text)
    _sys_exit                                0x0800068d   Thumb Code     8  sys_exit.o(.text)
    __I$use$semihosting                      0x08000699   Thumb Code     0  use_no_semi.o(.text)
    __use_no_semihosting_swi                 0x08000699   Thumb Code     2  use_no_semi.o(.text)
    ADC_DMAConvCplt                          0x0800069b   Thumb Code    92  stm32h5xx_hal_adc.o(.text.ADC_DMAConvCplt)
    __semihosting_library_function           0x0800069b   Thumb Code     0  indicate_semi.o(.text)
    ADC_DMAError                             0x080006f7   Thumb Code    22  stm32h5xx_hal_adc.o(.text.ADC_DMAError)
    ADC_DMAHalfConvCplt                      0x0800070d   Thumb Code     6  stm32h5xx_hal_adc.o(.text.ADC_DMAHalfConvCplt)
    ADC_Enable                               0x08000715   Thumb Code   128  stm32h5xx_hal_adc.o(.text.ADC_Enable)
    BSP_COM_Init                             0x080007a5   Thumb Code   116  stm32h5xx_nucleo.o(.text.BSP_COM_Init)
    BSP_PB_Callback                          0x08000821   Thumb Code     2  stm32h5xx_nucleo.o(.text.BSP_PB_Callback)
    BSP_PB_IRQHandler                        0x08000825   Thumb Code    16  stm32h5xx_nucleo.o(.text.BSP_PB_IRQHandler)
    BSP_PB_Init                              0x08000835   Thumb Code   116  stm32h5xx_nucleo.o(.text.BSP_PB_Init)
    BusFault_Handler                         0x080008c7   Thumb Code     2  stm32h5xx_it.o(.text.BusFault_Handler)
    DebugMon_Handler                         0x080009bd   Thumb Code     2  stm32h5xx_it.o(.text.DebugMon_Handler)
    EXTI13_IRQHandler                        0x080009bf   Thumb Code     6  stm32h5xx_it.o(.text.EXTI13_IRQHandler)
    Error_Handler                            0x080009c5   Thumb Code     4  main.o(.text.Error_Handler)
    GPDMA1_Channel0_IRQHandler               0x080009c9   Thumb Code     8  stm32h5xx_it.o(.text.GPDMA1_Channel0_IRQHandler)
    HAL_ADC_ConfigChannel                    0x080009d5   Thumb Code   832  stm32h5xx_hal_adc.o(.text.HAL_ADC_ConfigChannel)
    HAL_ADC_ConvCpltCallback                 0x08000d41   Thumb Code     2  stm32h5xx_hal_adc.o(.text.HAL_ADC_ConvCpltCallback)
    HAL_ADC_ConvHalfCpltCallback             0x08000d43   Thumb Code     2  stm32h5xx_hal_adc.o(.text.HAL_ADC_ConvHalfCpltCallback)
    HAL_ADC_ErrorCallback                    0x08000d45   Thumb Code     2  stm32h5xx_hal_adc.o(.text.HAL_ADC_ErrorCallback)
    HAL_ADC_Init                             0x08000d49   Thumb Code   356  stm32h5xx_hal_adc.o(.text.HAL_ADC_Init)
    HAL_ADC_MspInit                          0x08000ec5   Thumb Code   304  stm32h5xx_hal_msp.o(.text.HAL_ADC_MspInit)
    HAL_ADC_Start_DMA                        0x0800100d   Thumb Code   276  stm32h5xx_hal_adc.o(.text.HAL_ADC_Start_DMA)
    HAL_DMAEx_List_BuildNode                 0x08001135   Thumb Code   348  stm32h5xx_hal_dma_ex.o(.text.HAL_DMAEx_List_BuildNode)
    HAL_DMAEx_List_GetNodeConfig             0x08001295   Thumb Code   296  stm32h5xx_hal_dma_ex.o(.text.HAL_DMAEx_List_GetNodeConfig)
    HAL_DMAEx_List_Init                      0x080013c1   Thumb Code   364  stm32h5xx_hal_dma_ex.o(.text.HAL_DMAEx_List_Init)
    HAL_DMAEx_List_InsertNode                0x0800158d   Thumb Code   208  stm32h5xx_hal_dma_ex.o(.text.HAL_DMAEx_List_InsertNode)
    HAL_DMAEx_List_LinkQ                     0x0800165d   Thumb Code   144  stm32h5xx_hal_dma_ex.o(.text.HAL_DMAEx_List_LinkQ)
    HAL_DMAEx_List_SetCircularMode           0x0800170d   Thumb Code   108  stm32h5xx_hal_dma_ex.o(.text.HAL_DMAEx_List_SetCircularMode)
    HAL_DMAEx_List_Start_IT                  0x08001779   Thumb Code   164  stm32h5xx_hal_dma_ex.o(.text.HAL_DMAEx_List_Start_IT)
    HAL_DMA_ConfigChannelAttributes          0x08001821   Thumb Code    52  stm32h5xx_hal_dma.o(.text.HAL_DMA_ConfigChannelAttributes)
    HAL_DMA_IRQHandler                       0x08001855   Thumb Code   366  stm32h5xx_hal_dma.o(.text.HAL_DMA_IRQHandler)
    HAL_DMA_Start_IT                         0x080019c3   Thumb Code   128  stm32h5xx_hal_dma.o(.text.HAL_DMA_Start_IT)
    HAL_Delay                                0x08001a45   Thumb Code    32  stm32h5xx_hal.o(.text.HAL_Delay)
    HAL_EXTI_GetHandle                       0x08001a65   Thumb Code    12  stm32h5xx_hal_exti.o(.text.HAL_EXTI_GetHandle)
    HAL_EXTI_IRQHandler                      0x08001a71   Thumb Code    68  stm32h5xx_hal_exti.o(.text.HAL_EXTI_IRQHandler)
    HAL_EXTI_RegisterCallback                0x08001ab9   Thumb Code    28  stm32h5xx_hal_exti.o(.text.HAL_EXTI_RegisterCallback)
    HAL_GPIO_Init                            0x08001ad5   Thumb Code   360  stm32h5xx_hal_gpio.o(.text.HAL_GPIO_Init)
    HAL_GPIO_TogglePin                       0x08001c45   Thumb Code    16  stm32h5xx_hal_gpio.o(.text.HAL_GPIO_TogglePin)
    HAL_GPIO_WritePin                        0x08001c55   Thumb Code    12  stm32h5xx_hal_gpio.o(.text.HAL_GPIO_WritePin)
    HAL_GetTick                              0x08001c61   Thumb Code     8  stm32h5xx_hal.o(.text.HAL_GetTick)
    HAL_IncTick                              0x08001c69   Thumb Code    16  stm32h5xx_hal.o(.text.HAL_IncTick)
    HAL_Init                                 0x08001c7d   Thumb Code    56  stm32h5xx_hal.o(.text.HAL_Init)
    HAL_InitTick                             0x08001cbd   Thumb Code   124  stm32h5xx_hal.o(.text.HAL_InitTick)
    HAL_MspInit                              0x08001d45   Thumb Code     2  stm32h5xx_hal_msp.o(.text.HAL_MspInit)
    HAL_NVIC_ClearPendingIRQ                 0x08001d49   Thumb Code    20  stm32h5xx_hal_cortex.o(.text.HAL_NVIC_ClearPendingIRQ)
    HAL_NVIC_DisableIRQ                      0x08001d61   Thumb Code    28  stm32h5xx_hal_cortex.o(.text.HAL_NVIC_DisableIRQ)
    HAL_NVIC_EnableIRQ                       0x08001d81   Thumb Code    28  stm32h5xx_hal_cortex.o(.text.HAL_NVIC_EnableIRQ)
    HAL_NVIC_SetPriority                     0x08001da1   Thumb Code    72  stm32h5xx_hal_cortex.o(.text.HAL_NVIC_SetPriority)
    HAL_NVIC_SetPriorityGrouping             0x08001ded   Thumb Code    24  stm32h5xx_hal_cortex.o(.text.HAL_NVIC_SetPriorityGrouping)
    HAL_PWREx_EnableVddUSB                   0x08001e0d   Thumb Code    12  stm32h5xx_hal_pwr_ex.o(.text.HAL_PWREx_EnableVddUSB)
    HAL_RCCEx_GetPLL1ClockFreq               0x08001e1d   Thumb Code   192  stm32h5xx_hal_rcc_ex.o(.text.HAL_RCCEx_GetPLL1ClockFreq)
    HAL_RCCEx_GetPLL2ClockFreq               0x08001eed   Thumb Code   192  stm32h5xx_hal_rcc_ex.o(.text.HAL_RCCEx_GetPLL2ClockFreq)
    HAL_RCCEx_GetPLL3ClockFreq               0x08001fbd   Thumb Code   192  stm32h5xx_hal_rcc_ex.o(.text.HAL_RCCEx_GetPLL3ClockFreq)
    HAL_RCCEx_GetPeriphCLKFreq               0x08002091   Thumb Code  2116  stm32h5xx_hal_rcc_ex.o(.text.HAL_RCCEx_GetPeriphCLKFreq)
    HAL_RCCEx_PeriphCLKConfig                0x080028e9   Thumb Code  2036  stm32h5xx_hal_rcc_ex.o(.text.HAL_RCCEx_PeriphCLKConfig)
    HAL_RCC_ClockConfig                      0x080030e1   Thumb Code   500  stm32h5xx_hal_rcc.o(.text.HAL_RCC_ClockConfig)
    HAL_RCC_GetHCLKFreq                      0x080032e1   Thumb Code    32  stm32h5xx_hal_rcc.o(.text.HAL_RCC_GetHCLKFreq)
    HAL_RCC_GetPCLK1Freq                     0x08003309   Thumb Code    20  stm32h5xx_hal_rcc.o(.text.HAL_RCC_GetPCLK1Freq)
    HAL_RCC_GetPCLK2Freq                     0x0800331d   Thumb Code    20  stm32h5xx_hal_rcc.o(.text.HAL_RCC_GetPCLK2Freq)
    HAL_RCC_GetPCLK3Freq                     0x08003331   Thumb Code    20  stm32h5xx_hal_rcc.o(.text.HAL_RCC_GetPCLK3Freq)
    HAL_RCC_GetSysClockFreq                  0x0800334d   Thumb Code   236  stm32h5xx_hal_rcc.o(.text.HAL_RCC_GetSysClockFreq)
    HAL_RCC_OscConfig                        0x08003459   Thumb Code  1336  stm32h5xx_hal_rcc.o(.text.HAL_RCC_OscConfig)
    HAL_SPI_Init                             0x0800399d   Thumb Code   372  stm32h5xx_hal_spi.o(.text.HAL_SPI_Init)
    HAL_SPI_MspInit                          0x08003b1d   Thumb Code   168  stm32h5xx_hal_msp.o(.text.HAL_SPI_MspInit)
    HAL_SPI_Transmit                         0x08003bcd   Thumb Code   492  stm32h5xx_hal_spi.o(.text.HAL_SPI_Transmit)
    HAL_SPI_TransmitReceive                  0x08003dd1   Thumb Code   772  stm32h5xx_hal_spi.o(.text.HAL_SPI_TransmitReceive)
    HAL_SYSTICK_CLKSourceConfig              0x080040ed   Thumb Code    76  stm32h5xx_hal_cortex.o(.text.HAL_SYSTICK_CLKSourceConfig)
    HAL_SYSTICK_Config                       0x08004139   Thumb Code    32  stm32h5xx_hal_cortex.o(.text.HAL_SYSTICK_Config)
    HAL_SYSTICK_GetCLKSourceConfig           0x08004159   Thumb Code    36  stm32h5xx_hal_cortex.o(.text.HAL_SYSTICK_GetCLKSourceConfig)
    HAL_TIMEx_MasterConfigSynchronization    0x08004185   Thumb Code   192  stm32h5xx_hal_tim_ex.o(.text.HAL_TIMEx_MasterConfigSynchronization)
    HAL_TIM_Base_Init                        0x08004249   Thumb Code    30  stm32h5xx_hal_tim.o(.text.HAL_TIM_Base_Init)
    HAL_TIM_Base_MspInit                     0x08004269   Thumb Code    36  stm32h5xx_hal_msp.o(.text.HAL_TIM_Base_MspInit)
    HAL_TIM_Base_Start                       0x08004295   Thumb Code   144  stm32h5xx_hal_tim.o(.text.HAL_TIM_Base_Start)
    HAL_UART_Init                            0x08004361   Thumb Code    58  stm32h5xx_hal_uart.o(.text.HAL_UART_Init)
    HAL_UART_MspInit                         0x0800439b   Thumb Code     2  stm32h5xx_hal_uart.o(.text.HAL_UART_MspInit)
    HardFault_Handler                        0x0800439d   Thumb Code     2  stm32h5xx_it.o(.text.HardFault_Handler)
    MX_USART_Init                            0x080043bd   Thumb Code    44  stm32h5xx_nucleo.o(.text.MX_USART_Init)
    MemManage_Handler                        0x080043ed   Thumb Code     2  stm32h5xx_it.o(.text.MemManage_Handler)
    NMI_Handler                              0x080043ef   Thumb Code     2  stm32h5xx_it.o(.text.NMI_Handler)
    PendSV_Handler                           0x080049ab   Thumb Code     2  stm32h5xx_it.o(.text.PendSV_Handler)
    SVC_Handler                              0x08004b63   Thumb Code     2  stm32h5xx_it.o(.text.SVC_Handler)
    SysTick_Handler                          0x08004b65   Thumb Code     4  stm32h5xx_it.o(.text.SysTick_Handler)
    SystemClock_Config                       0x08004b69   Thumb Code   160  main.o(.text.SystemClock_Config)
    SystemInit                               0x08004c11   Thumb Code   124  system_stm32h5xx.o(.text.SystemInit)
    TIM_Base_SetConfig                       0x08004ca9   Thumb Code   276  stm32h5xx_hal_tim.o(.text.TIM_Base_SetConfig)
    UART_AdvFeatureConfig                    0x08004df5   Thumb Code   168  stm32h5xx_hal_uart.o(.text.UART_AdvFeatureConfig)
    UART_CheckIdleState                      0x08004e9d   Thumb Code   146  stm32h5xx_hal_uart.o(.text.UART_CheckIdleState)
    UART_SetConfig                           0x08004f6d   Thumb Code   336  stm32h5xx_hal_uart.o(.text.UART_SetConfig)
    UART_WaitOnFlagUntilTimeout              0x080050ed   Thumb Code   136  stm32h5xx_hal_uart.o(.text.UART_WaitOnFlagUntilTimeout)
    USB_DRD_FS_IRQHandler                    0x08005175   Thumb Code     6  stm32h5xx_it.o(.text.USB_DRD_FS_IRQHandler)
    UsageFault_Handler                       0x0800517b   Thumb Code     2  stm32h5xx_it.o(.text.UsageFault_Handler)
    btable_set_rx_bufsize                    0x08005195   Thumb Code    64  fsdev_common.o(.text.btable_set_rx_bufsize)
    dcd_edpt0_status_complete                0x0800529d   Thumb Code    36  dcd_stm32_fsdev.o(.text.dcd_edpt0_status_complete)
    dcd_edpt_clear_stall                     0x080052c5   Thumb Code   128  dcd_stm32_fsdev.o(.text.dcd_edpt_clear_stall)
    dcd_edpt_close_all                       0x08005349   Thumb Code    64  dcd_stm32_fsdev.o(.text.dcd_edpt_close_all)
    dcd_edpt_open                            0x0800538d   Thumb Code   236  dcd_stm32_fsdev.o(.text.dcd_edpt_open)
    dcd_edpt_stall                           0x0800547d   Thumb Code    96  dcd_stm32_fsdev.o(.text.dcd_edpt_stall)
    dcd_edpt_xfer                            0x080054e9   Thumb Code    40  dcd_stm32_fsdev.o(.text.dcd_edpt_xfer)
    dcd_edpt_xfer_fifo                       0x08005511   Thumb Code    40  dcd_stm32_fsdev.o(.text.dcd_edpt_xfer_fifo)
    dcd_event_handler                        0x080055c1   Thumb Code   496  usbd.o(.text.dcd_event_handler)
    dcd_init                                 0x080057c1   Thumb Code    36  dcd_stm32_fsdev.o(.text.dcd_init)
    dcd_int_disable                          0x080057e5   Thumb Code    20  dcd_stm32_fsdev.o(.text.dcd_int_disable)
    dcd_int_enable                           0x080057fd   Thumb Code    20  dcd_stm32_fsdev.o(.text.dcd_int_enable)
    dcd_int_handler                          0x08005815   Thumb Code   760  dcd_stm32_fsdev.o(.text.dcd_int_handler)
    dcd_set_address                          0x08005b61   Thumb Code    18  dcd_stm32_fsdev.o(.text.dcd_set_address)
    dcd_sof_enable                           0x08005b75   Thumb Code    16  dcd_stm32_fsdev.o(.text.dcd_sof_enable)
    fsdev_core_reset                         0x08005cbd   Thumb Code    60  fsdev_common.o(.text.fsdev_core_reset)
    handle_potentiometers                    0x08005da5   Thumb Code    72  main.o(.text.handle_potentiometers)
    main                                     0x08005e0d   Thumb Code   552  main.o(.text.main)
    mcp23s17_init                            0x0800604d   Thumb Code    52  main.o(.text.mcp23s17_init)
    mcp23s17_read_reg                        0x08006085   Thumb Code    76  main.o(.text.mcp23s17_read_reg)
    mcp23s17_write_reg                       0x080060d1   Thumb Code    52  main.o(.text.mcp23s17_write_reg)
    midi_task                                0x0800610d   Thumb Code    72  main.o(.text.midi_task)
    midid_control_xfer_cb                    0x0800615d   Thumb Code     4  midi_device.o(.text.midid_control_xfer_cb)
    midid_deinit                             0x08006161   Thumb Code     4  midi_device.o(.text.midid_deinit)
    midid_init                               0x08006165   Thumb Code    68  midi_device.o(.text.midid_init)
    midid_open                               0x080061a9   Thumb Code   292  midi_device.o(.text.midid_open)
    midid_reset                              0x080062cd   Thumb Code    40  midi_device.o(.text.midid_reset)
    midid_xfer_cb                            0x080062f5   Thumb Code   156  midi_device.o(.text.midid_xfer_cb)
    pma_align_buffer_size                    0x08006395   Thumb Code    36  fsdev_common.o(.text.pma_align_buffer_size)
    scan_matrix                              0x080063b9   Thumb Code   236  main.o(.text.scan_matrix)
    send_midi_cc                             0x080064a9   Thumb Code    44  main.o(.text.send_midi_cc)
    send_midi_note                           0x080064d5   Thumb Code    58  main.o(.text.send_midi_note)
    tu_bind_driver_to_ep_itf                 0x0800657d   Thumb Code    84  tusb.o(.text.tu_bind_driver_to_ep_itf)
    tu_edpt_claim                            0x080065d5   Thumb Code    40  tusb.o(.text.tu_edpt_claim)
    tu_edpt_release                          0x080065fd   Thumb Code    28  tusb.o(.text.tu_edpt_release)
    tu_edpt_stream_init                      0x08006619   Thumb Code    38  tusb.o(.text.tu_edpt_stream_init)
    tu_edpt_stream_read                      0x0800663f   Thumb Code    26  tusb.o(.text.tu_edpt_stream_read)
    tu_edpt_stream_read_xfer                 0x08006659   Thumb Code   120  tusb.o(.text.tu_edpt_stream_read_xfer)
    tu_edpt_stream_write                     0x080066d5   Thumb Code    64  tusb.o(.text.tu_edpt_stream_write)
    tu_edpt_stream_write_available           0x08006715   Thumb Code    24  tusb.o(.text.tu_edpt_stream_write_available)
    tu_edpt_stream_write_xfer                0x0800672d   Thumb Code   112  tusb.o(.text.tu_edpt_stream_write_xfer)
    tu_edpt_stream_write_zlp_if_needed       0x0800679d   Thumb Code    60  tusb.o(.text.tu_edpt_stream_write_zlp_if_needed)
    tu_fifo_clear                            0x080067dd   Thumb Code     8  tusb_fifo.o(.text.tu_fifo_clear)
    tu_fifo_config                           0x080067e5   Thumb Code    36  tusb_fifo.o(.text.tu_fifo_config)
    tu_fifo_peek_n_access_mode               0x08006809   Thumb Code   304  tusb_fifo.o(.text.tu_fifo_peek_n_access_mode)
    tu_fifo_read_n_access_mode               0x08006939   Thumb Code    38  tusb_fifo.o(.text.tu_fifo_read_n_access_mode)
    tu_fifo_write_n_access_mode              0x0800695f   Thumb Code   406  tusb_fifo.o(.text.tu_fifo_write_n_access_mode)
    tu_hwfifo_read                           0x08006af5   Thumb Code    48  tusb_fifo.o(.text.tu_hwfifo_read)
    tu_hwfifo_write                          0x08006b25   Thumb Code    52  tusb_fifo.o(.text.tu_hwfifo_write)
    tud_control_status                       0x08006b59   Thumb Code    24  usbd_control.o(.text.tud_control_status)
    tud_control_xfer                         0x08006b71   Thumb Code    92  usbd_control.o(.text.tud_control_xfer)
    tud_descriptor_bos_cb                    0x08006bd1   Thumb Code     4  usbd.o(.text.tud_descriptor_bos_cb)
    tud_descriptor_configuration_cb          0x08006bd5   Thumb Code     4  usb_descriptors.o(.text.tud_descriptor_configuration_cb)
    tud_descriptor_device_cb                 0x08006bdd   Thumb Code     4  usb_descriptors.o(.text.tud_descriptor_device_cb)
    tud_descriptor_device_qualifier_cb       0x08006be5   Thumb Code     4  usbd.o(.text.tud_descriptor_device_qualifier_cb)
    tud_descriptor_other_speed_configuration_cb 0x08006be9   Thumb Code     4  usbd.o(.text.tud_descriptor_other_speed_configuration_cb)
    tud_descriptor_string_cb                 0x08006bed   Thumb Code    88  usb_descriptors.o(.text.tud_descriptor_string_cb)
    tud_event_hook_cb                        0x08006c4d   Thumb Code     2  usbd.o(.text.tud_event_hook_cb)
    tud_midi_n_available                     0x08006c51   Thumb Code    44  midi_device.o(.text.tud_midi_n_available)
    tud_midi_n_mounted                       0x08006c7d   Thumb Code    32  midi_device.o(.text.tud_midi_n_mounted)
    tud_midi_n_packet_read                   0x08006c9d   Thumb Code    32  midi_device.o(.text.tud_midi_n_packet_read)
    tud_midi_n_stream_write                  0x08006cbd   Thumb Code   324  midi_device.o(.text.tud_midi_n_stream_write)
    tud_midi_rx_cb                           0x08006e0d   Thumb Code     2  midi_device.o(.text.tud_midi_rx_cb)
    tud_mount_cb                             0x08006e0f   Thumb Code     2  usbd.o(.text.tud_mount_cb)
    tud_resume_cb                            0x08006e11   Thumb Code     2  usbd.o(.text.tud_resume_cb)
    tud_rhport_init                          0x08006e15   Thumb Code   196  usbd.o(.text.tud_rhport_init)
    tud_sof_cb                               0x08006ee1   Thumb Code     2  usbd.o(.text.tud_sof_cb)
    tud_suspend_cb                           0x08006ee3   Thumb Code     2  usbd.o(.text.tud_suspend_cb)
    tud_task_ext                             0x08006ee5   Thumb Code  1600  usbd.o(.text.tud_task_ext)
    tud_umount_cb                            0x0800752d   Thumb Code     2  usbd.o(.text.tud_umount_cb)
    tud_vendor_control_xfer_cb               0x0800752f   Thumb Code     4  usbd.o(.text.tud_vendor_control_xfer_cb)
    tusb_hal_init                            0x08007535   Thumb Code    80  tusb_port.o(.text.tusb_hal_init)
    tusb_rhport_init                         0x08007589   Thumb Code    96  tusb.o(.text.tusb_rhport_init)
    usbd_app_driver_get_cb                   0x080075ed   Thumb Code     8  usbd.o(.text.usbd_app_driver_get_cb)
    usbd_control_reset                       0x080075f5   Thumb Code    12  usbd_control.o(.text.usbd_control_reset)
    usbd_control_set_complete_callback       0x08007601   Thumb Code     8  usbd_control.o(.text.usbd_control_set_complete_callback)
    usbd_control_set_request                 0x08007609   Thumb Code    20  usbd_control.o(.text.usbd_control_set_request)
    usbd_control_xfer_cb                     0x0800761d   Thumb Code   180  usbd_control.o(.text.usbd_control_xfer_cb)
    usbd_edpt_claim                          0x080076d5   Thumb Code    24  usbd.o(.text.usbd_edpt_claim)
    usbd_edpt_clear_stall                    0x080076ed   Thumb Code    40  usbd.o(.text.usbd_edpt_clear_stall)
    usbd_edpt_open                           0x08007715   Thumb Code    28  usbd.o(.text.usbd_edpt_open)
    usbd_edpt_release                        0x08007735   Thumb Code    24  usbd.o(.text.usbd_edpt_release)
    usbd_edpt_stall                          0x0800774d   Thumb Code    40  usbd.o(.text.usbd_edpt_stall)
    usbd_edpt_xfer                           0x08007775   Thumb Code    60  usbd.o(.text.usbd_edpt_xfer)
    usbd_edpt_xfer_fifo                      0x080077b1   Thumb Code    60  usbd.o(.text.usbd_edpt_xfer_fifo)
    usbd_int_set                             0x080077f5   Thumb Code    16  usbd.o(.text.usbd_int_set)
    _fp_init                                 0x08007817   Thumb Code    26  fpinit.o(x$fpl$fpinit)
    __fplib_config_fpu_vfp                   0x0800782f   Thumb Code     0  fpinit.o(x$fpl$fpinit)
    __fplib_config_pureend_doubles           0x0800782f   Thumb Code     0  fpinit.o(x$fpl$fpinit)
    AHBPrescTable                            0x08007832   Data          16  system_stm32h5xx.o(.rodata.AHBPrescTable)
    APBPrescTable                            0x08007842   Data           8  system_stm32h5xx.o(.rodata.APBPrescTable)
    UARTPrescTable                           0x0800784a   Data          24  stm32h5xx_hal_uart.o(.rodata.UARTPrescTable)
    desc_device                              0x08007888   Data          18  usb_descriptors.o(.rodata.desc_device)
    desc_fs_configuration                    0x0800789a   Data         101  usb_descriptors.o(.rodata.desc_fs_configuration)
    Region$$Table$$Base                      0x08007940   Number         0  anon$$obj.o(Region$$Table)
    Region$$Table$$Limit                     0x08007960   Number         0  anon$$obj.o(Region$$Table)
    uwTickFreq                               0x20000004   Data           1  stm32h5xx_hal.o(.data..L_MergedGlobals)
    uwTickPrio                               0x20000008   Data           4  stm32h5xx_hal.o(.data..L_MergedGlobals)
    _usbd_qdef                               0x20000010   Data          20  usbd.o(.data..L_MergedGlobals)
    COM_USART                                0x20000024   Data           4  stm32h5xx_nucleo.o(.data.COM_USART)
    SystemCoreClock                          0x20000028   Data           4  system_stm32h5xx.o(.data.SystemCoreClock)
    string_desc_arr                          0x2000002c   Data          20  usb_descriptors.o(.data.string_desc_arr)
    __libspace_start                         0x20000040   Data          96  libspace.o(.bss)
    __temporary_stack_top$libspace           0x200000a0   Data           0  libspace.o(.bss)
    BspCOMInit                               0x20000120   Data          16  main.o(.bss..L_MergedGlobals.1)
    List_GPDMA1_Channel0                     0x20000194   Data          24  main.o(.bss.List_GPDMA1_Channel0)
    Node_GPDMA1_Channel0                     0x200001ac   Data          36  main.o(.bss.Node_GPDMA1_Channel0)
    _tusb_rhport_role                        0x200002d0   Data           2  tusb.o(.bss._tusb_rhport_role)
    _usbd_qdef_buf                           0x200002d2   Data         192  usbd.o(.bss._usbd_qdef_buf)
    hadc1                                    0x20000394   Data         104  main.o(.bss.hadc1)
    handle_GPDMA1_Channel0                   0x200003fc   Data         120  main.o(.bss.handle_GPDMA1_Channel0)
    hcom_uart                                0x20000474   Data         148  stm32h5xx_nucleo.o(.bss.hcom_uart)
    hpb_exti                                 0x20000508   Data          12  stm32h5xx_nucleo.o(.bss.hpb_exti)
    hspi1                                    0x20000514   Data         144  main.o(.bss.hspi1)
    htim6                                    0x200005a4   Data          76  main.o(.bss.htim6)
    uwTick                                   0x200005f8   Data           4  stm32h5xx_hal.o(.bss.uwTick)



==============================================================================

Memory Map of the image

  Image Entry point : 0x08000255

  Load Region LR_IROM1 (Base: 0x08000000, Size: 0x000079a0, Max: 0x00080000, ABSOLUTE)

    Execution Region ER_IROM1 (Exec base: 0x08000000, Load base: 0x08000000, Size: 0x00007960, Max: 0x00080000, ABSOLUTE)

    Exec Addr    Load Addr    Size         Type   Attr      Idx    E Section Name        Object

    0x08000000   0x08000000   0x00000254   Data   RO            3    RESET               startup_stm32h533xx.o
    0x08000254   0x08000254   0x00000008   Code   RO         2921  * !!!main             c_w.l(__main.o)
    0x0800025c   0x0800025c   0x0000005c   Code   RO         3100    !!!scatter          c_w.l(__scatter.o)
    0x080002b8   0x080002b8   0x0000001a   Code   RO         3104    !!handler_copy      c_w.l(__scatter_copy.o)
    0x080002d2   0x080002d2   0x00000002   PAD
    0x080002d4   0x080002d4   0x00000002   Code   RO         3101    !!handler_null      c_w.l(__scatter.o)
    0x080002d6   0x080002d6   0x00000002   PAD
    0x080002d8   0x080002d8   0x0000001c   Code   RO         3106    !!handler_zi        c_w.l(__scatter_zi.o)
    0x080002f4   0x080002f4   0x00000002   Code   RO         2962    .ARM.Collect$$libinit$$00000000  c_w.l(libinit.o)
    0x080002f6   0x080002f6   0x00000004   Code   RO         2974    .ARM.Collect$$libinit$$00000001  c_w.l(libinit2.o)
    0x080002fa   0x080002fa   0x00000000   Code   RO         2977    .ARM.Collect$$libinit$$00000004  c_w.l(libinit2.o)
    0x080002fa   0x080002fa   0x00000000   Code   RO         2979    .ARM.Collect$$libinit$$00000006  c_w.l(libinit2.o)
    0x080002fa   0x080002fa   0x00000000   Code   RO         2982    .ARM.Collect$$libinit$$0000000C  c_w.l(libinit2.o)
    0x080002fa   0x080002fa   0x00000000   Code   RO         2984    .ARM.Collect$$libinit$$0000000E  c_w.l(libinit2.o)
    0x080002fa   0x080002fa   0x00000000   Code   RO         2986    .ARM.Collect$$libinit$$00000010  c_w.l(libinit2.o)
    0x080002fa   0x080002fa   0x00000000   Code   RO         2989    .ARM.Collect$$libinit$$00000013  c_w.l(libinit2.o)
    0x080002fa   0x080002fa   0x00000000   Code   RO         2991    .ARM.Collect$$libinit$$00000015  c_w.l(libinit2.o)
    0x080002fa   0x080002fa   0x00000000   Code   RO         2993    .ARM.Collect$$libinit$$00000017  c_w.l(libinit2.o)
    0x080002fa   0x080002fa   0x00000000   Code   RO         2995    .ARM.Collect$$libinit$$00000019  c_w.l(libinit2.o)
    0x080002fa   0x080002fa   0x00000000   Code   RO         2997    .ARM.Collect$$libinit$$0000001B  c_w.l(libinit2.o)
    0x080002fa   0x080002fa   0x00000000   Code   RO         2999    .ARM.Collect$$libinit$$0000001D  c_w.l(libinit2.o)
    0x080002fa   0x080002fa   0x00000000   Code   RO         3001    .ARM.Collect$$libinit$$0000001F  c_w.l(libinit2.o)
    0x080002fa   0x080002fa   0x00000000   Code   RO         3003    .ARM.Collect$$libinit$$00000021  c_w.l(libinit2.o)
    0x080002fa   0x080002fa   0x00000000   Code   RO         3005    .ARM.Collect$$libinit$$00000023  c_w.l(libinit2.o)
    0x080002fa   0x080002fa   0x00000000   Code   RO         3007    .ARM.Collect$$libinit$$00000025  c_w.l(libinit2.o)
    0x080002fa   0x080002fa   0x00000000   Code   RO         3009    .ARM.Collect$$libinit$$00000027  c_w.l(libinit2.o)
    0x080002fa   0x080002fa   0x00000000   Code   RO         3013    .ARM.Collect$$libinit$$0000002E  c_w.l(libinit2.o)
    0x080002fa   0x080002fa   0x00000000   Code   RO         3015    .ARM.Collect$$libinit$$00000030  c_w.l(libinit2.o)
    0x080002fa   0x080002fa   0x00000000   Code   RO         3017    .ARM.Collect$$libinit$$00000032  c_w.l(libinit2.o)
    0x080002fa   0x080002fa   0x00000000   Code   RO         3019    .ARM.Collect$$libinit$$00000034  c_w.l(libinit2.o)
    0x080002fa   0x080002fa   0x00000002   Code   RO         3020    .ARM.Collect$$libinit$$00000035  c_w.l(libinit2.o)
    0x080002fc   0x080002fc   0x00000002   Code   RO         3055    .ARM.Collect$$libshutdown$$00000000  c_w.l(libshutdown.o)
    0x080002fe   0x080002fe   0x00000000   Code   RO         3083    .ARM.Collect$$libshutdown$$00000002  c_w.l(libshutdown2.o)
    0x080002fe   0x080002fe   0x00000000   Code   RO         3085    .ARM.Collect$$libshutdown$$00000004  c_w.l(libshutdown2.o)
    0x080002fe   0x080002fe   0x00000000   Code   RO         3088    .ARM.Collect$$libshutdown$$00000007  c_w.l(libshutdown2.o)
    0x080002fe   0x080002fe   0x00000000   Code   RO         3091    .ARM.Collect$$libshutdown$$0000000A  c_w.l(libshutdown2.o)
    0x080002fe   0x080002fe   0x00000000   Code   RO         3093    .ARM.Collect$$libshutdown$$0000000C  c_w.l(libshutdown2.o)
    0x080002fe   0x080002fe   0x00000000   Code   RO         3096    .ARM.Collect$$libshutdown$$0000000F  c_w.l(libshutdown2.o)
    0x080002fe   0x080002fe   0x00000002   Code   RO         3097    .ARM.Collect$$libshutdown$$00000010  c_w.l(libshutdown2.o)
    0x08000300   0x08000300   0x00000000   Code   RO         2923    .ARM.Collect$$rtentry$$00000000  c_w.l(__rtentry.o)
    0x08000300   0x08000300   0x00000000   Code   RO         2933    .ARM.Collect$$rtentry$$00000002  c_w.l(__rtentry2.o)
    0x08000300   0x08000300   0x00000006   Code   RO         2945    .ARM.Collect$$rtentry$$00000004  c_w.l(__rtentry4.o)
    0x08000306   0x08000306   0x00000000   Code   RO         2935    .ARM.Collect$$rtentry$$00000009  c_w.l(__rtentry2.o)
    0x08000306   0x08000306   0x00000004   Code   RO         2936    .ARM.Collect$$rtentry$$0000000A  c_w.l(__rtentry2.o)
    0x0800030a   0x0800030a   0x00000000   Code   RO         2938    .ARM.Collect$$rtentry$$0000000C  c_w.l(__rtentry2.o)
    0x0800030a   0x0800030a   0x00000008   Code   RO         2939    .ARM.Collect$$rtentry$$0000000D  c_w.l(__rtentry2.o)
    0x08000312   0x08000312   0x00000002   Code   RO         2966    .ARM.Collect$$rtexit$$00000000  c_w.l(rtexit.o)
    0x08000314   0x08000314   0x00000000   Code   RO         3026    .ARM.Collect$$rtexit$$00000002  c_w.l(rtexit2.o)
    0x08000314   0x08000314   0x00000004   Code   RO         3027    .ARM.Collect$$rtexit$$00000003  c_w.l(rtexit2.o)
    0x08000318   0x08000318   0x00000006   Code   RO         3028    .ARM.Collect$$rtexit$$00000004  c_w.l(rtexit2.o)
    0x0800031e   0x0800031e   0x00000002   PAD
    0x08000320   0x08000320   0x00000044   Code   RO            4    .text               startup_stm32h533xx.o
    0x08000364   0x08000364   0x000000f0   Code   RO         2909    .text               c_w.l(lludivv7m.o)
    0x08000454   0x08000454   0x0000003e   Code   RO         2911    .text               c_w.l(strlen.o)
    0x08000492   0x08000492   0x0000008a   Code   RO         2913    .text               c_w.l(rt_memcpy_v6.o)
    0x0800051c   0x0800051c   0x00000010   Code   RO         2915    .text               c_w.l(aeabi_memset.o)
    0x0800052c   0x0800052c   0x0000004e   Code   RO         2917    .text               c_w.l(rt_memclr_w.o)
    0x0800057a   0x0800057a   0x00000006   Code   RO         2919    .text               c_w.l(heapauxi.o)
    0x08000580   0x08000580   0x00000064   Code   RO         2928    .text               c_w.l(rt_memcpy_w.o)
    0x080005e4   0x080005e4   0x00000044   Code   RO         2930    .text               c_w.l(rt_memclr.o)
    0x08000628   0x08000628   0x0000004a   Code   RO         2949    .text               c_w.l(sys_stackheap_outer.o)
    0x08000672   0x08000672   0x00000012   Code   RO         2951    .text               c_w.l(exit.o)
    0x08000684   0x08000684   0x00000008   Code   RO         2963    .text               c_w.l(libspace.o)
    0x0800068c   0x0800068c   0x0000000c   Code   RO         3021    .text               c_w.l(sys_exit.o)
    0x08000698   0x08000698   0x00000002   Code   RO         3044    .text               c_w.l(use_no_semi.o)
    0x0800069a   0x0800069a   0x00000000   Code   RO         3046    .text               c_w.l(indicate_semi.o)
    0x0800069a   0x0800069a   0x0000005c   Code   RO          198    .text.ADC_DMAConvCplt  stm32h5xx_hal_adc.o
    0x080006f6   0x080006f6   0x00000016   Code   RO          202    .text.ADC_DMAError  stm32h5xx_hal_adc.o
    0x0800070c   0x0800070c   0x00000006   Code   RO          200    .text.ADC_DMAHalfConvCplt  stm32h5xx_hal_adc.o
    0x08000712   0x08000712   0x00000002   PAD
    0x08000714   0x08000714   0x00000090   Code   RO          184    .text.ADC_Enable    stm32h5xx_hal_adc.o
    0x080007a4   0x080007a4   0x0000007c   Code   RO          144    .text.BSP_COM_Init  stm32h5xx_nucleo.o
    0x08000820   0x08000820   0x00000002   Code   RO          142    .text.BSP_PB_Callback  stm32h5xx_nucleo.o
    0x08000822   0x08000822   0x00000002   PAD
    0x08000824   0x08000824   0x00000010   Code   RO          140    .text.BSP_PB_IRQHandler  stm32h5xx_nucleo.o
    0x08000834   0x08000834   0x0000008c   Code   RO          132    .text.BSP_PB_Init   stm32h5xx_nucleo.o
    0x080008c0   0x080008c0   0x00000006   Code   RO          134    .text.BUTTON_USER_EXTI_Callback  stm32h5xx_nucleo.o
    0x080008c6   0x080008c6   0x00000002   Code   RO           61    .text.BusFault_Handler  stm32h5xx_it.o
    0x080008c8   0x080008c8   0x0000001e   Code   RO          420    .text.DMA_List_CheckNodesBaseAddresses  stm32h5xx_hal_dma_ex.o
    0x080008e6   0x080008e6   0x0000002e   Code   RO          422    .text.DMA_List_CheckNodesTypes  stm32h5xx_hal_dma_ex.o
    0x08000914   0x08000914   0x000000a8   Code   RO          424    .text.DMA_List_FindNode  stm32h5xx_hal_dma_ex.o
    0x080009bc   0x080009bc   0x00000002   Code   RO           67    .text.DebugMon_Handler  stm32h5xx_it.o
    0x080009be   0x080009be   0x00000006   Code   RO           73    .text.EXTI13_IRQHandler  stm32h5xx_it.o
    0x080009c4   0x080009c4   0x00000004   Code   RO           17    .text.Error_Handler  main.o
    0x080009c8   0x080009c8   0x0000000c   Code   RO           75    .text.GPDMA1_Channel0_IRQHandler  stm32h5xx_it.o
    0x080009d4   0x080009d4   0x0000036c   Code   RO          222    .text.HAL_ADC_ConfigChannel  stm32h5xx_hal_adc.o
    0x08000d40   0x08000d40   0x00000002   Code   RO          214    .text.HAL_ADC_ConvCpltCallback  stm32h5xx_hal_adc.o
    0x08000d42   0x08000d42   0x00000002   Code   RO          220    .text.HAL_ADC_ConvHalfCpltCallback  stm32h5xx_hal_adc.o
    0x08000d44   0x08000d44   0x00000002   Code   RO          218    .text.HAL_ADC_ErrorCallback  stm32h5xx_hal_adc.o
    0x08000d46   0x08000d46   0x00000002   PAD
    0x08000d48   0x08000d48   0x0000017c   Code   RO          170    .text.HAL_ADC_Init  stm32h5xx_hal_adc.o
    0x08000ec4   0x08000ec4   0x00000148   Code   RO           88    .text.HAL_ADC_MspInit  stm32h5xx_hal_msp.o
    0x0800100c   0x0800100c   0x00000128   Code   RO          196    .text.HAL_ADC_Start_DMA  stm32h5xx_hal_adc.o
    0x08001134   0x08001134   0x00000160   Code   RO          414    .text.HAL_DMAEx_List_BuildNode  stm32h5xx_hal_dma_ex.o
    0x08001294   0x08001294   0x0000012c   Code   RO          416    .text.HAL_DMAEx_List_GetNodeConfig  stm32h5xx_hal_dma_ex.o
    0x080013c0   0x080013c0   0x000001cc   Code   RO          406    .text.HAL_DMAEx_List_Init  stm32h5xx_hal_dma_ex.o
    0x0800158c   0x0800158c   0x000000d0   Code   RO          418    .text.HAL_DMAEx_List_InsertNode  stm32h5xx_hal_dma_ex.o
    0x0800165c   0x0800165c   0x000000b0   Code   RO          466    .text.HAL_DMAEx_List_LinkQ  stm32h5xx_hal_dma_ex.o
    0x0800170c   0x0800170c   0x0000006c   Code   RO          452    .text.HAL_DMAEx_List_SetCircularMode  stm32h5xx_hal_dma_ex.o
    0x08001778   0x08001778   0x000000a8   Code   RO          412    .text.HAL_DMAEx_List_Start_IT  stm32h5xx_hal_dma_ex.o
    0x08001820   0x08001820   0x00000034   Code   RO          388    .text.HAL_DMA_ConfigChannelAttributes  stm32h5xx_hal_dma.o
    0x08001854   0x08001854   0x0000016e   Code   RO          378    .text.HAL_DMA_IRQHandler  stm32h5xx_hal_dma.o
    0x080019c2   0x080019c2   0x00000080   Code   RO          370    .text.HAL_DMA_Start_IT  stm32h5xx_hal_dma.o
    0x08001a42   0x08001a42   0x00000002   PAD
    0x08001a44   0x08001a44   0x00000020   Code   RO         1048    .text.HAL_Delay     stm32h5xx_hal.o
    0x08001a64   0x08001a64   0x0000000c   Code   RO         1182    .text.HAL_EXTI_GetHandle  stm32h5xx_hal_exti.o
    0x08001a70   0x08001a70   0x00000048   Code   RO         1184    .text.HAL_EXTI_IRQHandler  stm32h5xx_hal_exti.o
    0x08001ab8   0x08001ab8   0x0000001c   Code   RO         1180    .text.HAL_EXTI_RegisterCallback  stm32h5xx_hal_exti.o
    0x08001ad4   0x08001ad4   0x00000170   Code   RO          792    .text.HAL_GPIO_Init  stm32h5xx_hal_gpio.o
    0x08001c44   0x08001c44   0x00000010   Code   RO          802    .text.HAL_GPIO_TogglePin  stm32h5xx_hal_gpio.o
    0x08001c54   0x08001c54   0x0000000c   Code   RO          798    .text.HAL_GPIO_WritePin  stm32h5xx_hal_gpio.o
    0x08001c60   0x08001c60   0x00000008   Code   RO         1040    .text.HAL_GetTick   stm32h5xx_hal.o
    0x08001c68   0x08001c68   0x00000014   Code   RO         1038    .text.HAL_IncTick   stm32h5xx_hal.o
    0x08001c7c   0x08001c7c   0x00000040   Code   RO         1028    .text.HAL_Init      stm32h5xx_hal.o
    0x08001cbc   0x08001cbc   0x00000088   Code   RO         1030    .text.HAL_InitTick  stm32h5xx_hal.o
    0x08001d44   0x08001d44   0x00000002   Code   RO           86    .text.HAL_MspInit   stm32h5xx_hal_msp.o
    0x08001d46   0x08001d46   0x00000002   PAD
    0x08001d48   0x08001d48   0x00000018   Code   RO          988    .text.HAL_NVIC_ClearPendingIRQ  stm32h5xx_hal_cortex.o
    0x08001d60   0x08001d60   0x00000020   Code   RO          974    .text.HAL_NVIC_DisableIRQ  stm32h5xx_hal_cortex.o
    0x08001d80   0x08001d80   0x00000020   Code   RO          972    .text.HAL_NVIC_EnableIRQ  stm32h5xx_hal_cortex.o
    0x08001da0   0x08001da0   0x0000004c   Code   RO          970    .text.HAL_NVIC_SetPriority  stm32h5xx_hal_cortex.o
    0x08001dec   0x08001dec   0x00000020   Code   RO          968    .text.HAL_NVIC_SetPriorityGrouping  stm32h5xx_hal_cortex.o
    0x08001e0c   0x08001e0c   0x00000010   Code   RO          896    .text.HAL_PWREx_EnableVddUSB  stm32h5xx_hal_pwr_ex.o
    0x08001e1c   0x08001e1c   0x000000d0   Code   RO          589    .text.HAL_RCCEx_GetPLL1ClockFreq  stm32h5xx_hal_rcc_ex.o
    0x08001eec   0x08001eec   0x000000d0   Code   RO          591    .text.HAL_RCCEx_GetPLL2ClockFreq  stm32h5xx_hal_rcc_ex.o
    0x08001fbc   0x08001fbc   0x000000d4   Code   RO          593    .text.HAL_RCCEx_GetPLL3ClockFreq  stm32h5xx_hal_rcc_ex.o
    0x08002090   0x08002090   0x00000858   Code   RO          595    .text.HAL_RCCEx_GetPeriphCLKFreq  stm32h5xx_hal_rcc_ex.o
    0x080028e8   0x080028e8   0x000007f8   Code   RO          581    .text.HAL_RCCEx_PeriphCLKConfig  stm32h5xx_hal_rcc_ex.o
    0x080030e0   0x080030e0   0x00000200   Code   RO          529    .text.HAL_RCC_ClockConfig  stm32h5xx_hal_rcc.o
    0x080032e0   0x080032e0   0x00000028   Code   RO          527    .text.HAL_RCC_GetHCLKFreq  stm32h5xx_hal_rcc.o
    0x08003308   0x08003308   0x00000014   Code   RO          535    .text.HAL_RCC_GetPCLK1Freq  stm32h5xx_hal_rcc.o
    0x0800331c   0x0800331c   0x00000014   Code   RO          537    .text.HAL_RCC_GetPCLK2Freq  stm32h5xx_hal_rcc.o
    0x08003330   0x08003330   0x0000001c   Code   RO          539    .text.HAL_RCC_GetPCLK3Freq  stm32h5xx_hal_rcc.o
    0x0800334c   0x0800334c   0x0000010c   Code   RO          531    .text.HAL_RCC_GetSysClockFreq  stm32h5xx_hal_rcc.o
    0x08003458   0x08003458   0x00000544   Code   RO          525    .text.HAL_RCC_OscConfig  stm32h5xx_hal_rcc.o
    0x0800399c   0x0800399c   0x00000180   Code   RO         1204    .text.HAL_SPI_Init  stm32h5xx_hal_spi.o
    0x08003b1c   0x08003b1c   0x000000b0   Code   RO           92    .text.HAL_SPI_MspInit  stm32h5xx_hal_msp.o
    0x08003bcc   0x08003bcc   0x00000204   Code   RO         1212    .text.HAL_SPI_Transmit  stm32h5xx_hal_spi.o
    0x08003dd0   0x08003dd0   0x0000031c   Code   RO         1220    .text.HAL_SPI_TransmitReceive  stm32h5xx_hal_spi.o
    0x080040ec   0x080040ec   0x0000004c   Code   RO          994    .text.HAL_SYSTICK_CLKSourceConfig  stm32h5xx_hal_cortex.o
    0x08004138   0x08004138   0x00000020   Code   RO          992    .text.HAL_SYSTICK_Config  stm32h5xx_hal_cortex.o
    0x08004158   0x08004158   0x0000002c   Code   RO          996    .text.HAL_SYSTICK_GetCLKSourceConfig  stm32h5xx_hal_cortex.o
    0x08004184   0x08004184   0x000000c4   Code   RO         1835    .text.HAL_TIMEx_MasterConfigSynchronization  stm32h5xx_hal_tim_ex.o
    0x08004248   0x08004248   0x0000001e   Code   RO         1378    .text.HAL_TIM_Base_Init  stm32h5xx_hal_tim.o
    0x08004266   0x08004266   0x00000002   PAD
    0x08004268   0x08004268   0x0000002c   Code   RO           96    .text.HAL_TIM_Base_MspInit  stm32h5xx_hal_msp.o
    0x08004294   0x08004294   0x000000cc   Code   RO         1388    .text.HAL_TIM_Base_Start  stm32h5xx_hal_tim.o
    0x08004360   0x08004360   0x0000003a   Code   RO         2249    .text.HAL_UART_Init  stm32h5xx_hal_uart.o
    0x0800439a   0x0800439a   0x00000002   Code   RO         2251    .text.HAL_UART_MspInit  stm32h5xx_hal_uart.o
    0x0800439c   0x0800439c   0x00000002   Code   RO           57    .text.HardFault_Handler  stm32h5xx_it.o
    0x0800439e   0x0800439e   0x0000001e   Code   RO          224    .text.LL_ADC_SetChannelSamplingTime  stm32h5xx_hal_adc.o
    0x080043bc   0x080043bc   0x00000030   Code   RO          146    .text.MX_USART_Init  stm32h5xx_nucleo.o
    0x080043ec   0x080043ec   0x00000002   Code   RO           59    .text.MemManage_Handler  stm32h5xx_it.o
    0x080043ee   0x080043ee   0x00000002   Code   RO           55    .text.NMI_Handler   stm32h5xx_it.o
    0x080043f0   0x080043f0   0x0000000c   Code   RO           33    .text.OUTLINED_FUNCTION_0  main.o
    0x080043fc   0x080043fc   0x00000008   Code   RO          104    .text.OUTLINED_FUNCTION_0  stm32h5xx_hal_msp.o
    0x08004404   0x08004404   0x00000014   Code   RO          154    .text.OUTLINED_FUNCTION_0  stm32h5xx_nucleo.o
    0x08004418   0x08004418   0x00000014   Code   RO          234    .text.OUTLINED_FUNCTION_0  stm32h5xx_hal_adc.o
    0x0800442c   0x0800442c   0x0000000e   Code   RO          394    .text.OUTLINED_FUNCTION_0  stm32h5xx_hal_dma.o
    0x0800443a   0x0800443a   0x00000006   Code   RO          557    .text.OUTLINED_FUNCTION_0  stm32h5xx_hal_rcc.o
    0x08004440   0x08004440   0x0000001a   Code   RO          641    .text.OUTLINED_FUNCTION_0  stm32h5xx_hal_rcc_ex.o
    0x0800445a   0x0800445a   0x00000038   Code   RO         1302    .text.OUTLINED_FUNCTION_0  stm32h5xx_hal_spi.o
    0x08004492   0x08004492   0x00000010   Code   RO         2736    .text.OUTLINED_FUNCTION_0  usbd.o
    0x080044a2   0x080044a2   0x0000000a   Code   RO         2879    .text.OUTLINED_FUNCTION_0  dcd_stm32_fsdev.o
    0x080044ac   0x080044ac   0x00000006   Code   RO          156    .text.OUTLINED_FUNCTION_1  stm32h5xx_nucleo.o
    0x080044b2   0x080044b2   0x00000008   Code   RO          559    .text.OUTLINED_FUNCTION_1  stm32h5xx_hal_rcc.o
    0x080044ba   0x080044ba   0x0000002e   Code   RO          643    .text.OUTLINED_FUNCTION_1  stm32h5xx_hal_rcc_ex.o
    0x080044e8   0x080044e8   0x00000010   Code   RO         1016    .text.OUTLINED_FUNCTION_1  stm32h5xx_hal_cortex.o
    0x080044f8   0x080044f8   0x0000001c   Code   RO         1304    .text.OUTLINED_FUNCTION_1  stm32h5xx_hal_spi.o
    0x08004514   0x08004514   0x00000036   Code   RO         1618    .text.OUTLINED_FUNCTION_1  stm32h5xx_hal_tim.o
    0x0800454a   0x0800454a   0x00000014   Code   RO         2738    .text.OUTLINED_FUNCTION_1  usbd.o
    0x0800455e   0x0800455e   0x00000008   Code   RO          254    .text.OUTLINED_FUNCTION_10  stm32h5xx_hal_adc.o
    0x08004566   0x08004566   0x0000000e   Code   RO          506    .text.OUTLINED_FUNCTION_10  stm32h5xx_hal_dma_ex.o
    0x08004574   0x08004574   0x0000000c   Code   RO          661    .text.OUTLINED_FUNCTION_10  stm32h5xx_hal_rcc_ex.o
    0x08004580   0x08004580   0x00000012   Code   RO         1322    .text.OUTLINED_FUNCTION_10  stm32h5xx_hal_spi.o
    0x08004592   0x08004592   0x00000014   Code   RO         2407    .text.OUTLINED_FUNCTION_10  stm32h5xx_hal_uart.o
    0x080045a6   0x080045a6   0x0000000e   Code   RO          508    .text.OUTLINED_FUNCTION_11  stm32h5xx_hal_dma_ex.o
    0x080045b4   0x080045b4   0x00000012   Code   RO          663    .text.OUTLINED_FUNCTION_11  stm32h5xx_hal_rcc_ex.o
    0x080045c6   0x080045c6   0x0000000c   Code   RO         2409    .text.OUTLINED_FUNCTION_11  stm32h5xx_hal_uart.o
    0x080045d2   0x080045d2   0x0000000e   Code   RO          510    .text.OUTLINED_FUNCTION_12  stm32h5xx_hal_dma_ex.o
    0x080045e0   0x080045e0   0x0000001e   Code   RO          665    .text.OUTLINED_FUNCTION_12  stm32h5xx_hal_rcc_ex.o
    0x080045fe   0x080045fe   0x0000000e   Code   RO          260    .text.OUTLINED_FUNCTION_13  stm32h5xx_hal_adc.o
    0x0800460c   0x0800460c   0x0000001e   Code   RO          667    .text.OUTLINED_FUNCTION_13  stm32h5xx_hal_rcc_ex.o
    0x0800462a   0x0800462a   0x0000000c   Code   RO         1328    .text.OUTLINED_FUNCTION_13  stm32h5xx_hal_spi.o
    0x08004636   0x08004636   0x0000000a   Code   RO          669    .text.OUTLINED_FUNCTION_14  stm32h5xx_hal_rcc_ex.o
    0x08004640   0x08004640   0x00000010   Code   RO         1330    .text.OUTLINED_FUNCTION_14  stm32h5xx_hal_spi.o
    0x08004650   0x08004650   0x00000006   Code   RO          671    .text.OUTLINED_FUNCTION_15  stm32h5xx_hal_rcc_ex.o
    0x08004656   0x08004656   0x0000000a   Code   RO         1332    .text.OUTLINED_FUNCTION_15  stm32h5xx_hal_spi.o
    0x08004660   0x08004660   0x0000000a   Code   RO          673    .text.OUTLINED_FUNCTION_16  stm32h5xx_hal_rcc_ex.o
    0x0800466a   0x0800466a   0x0000000e   Code   RO         1334    .text.OUTLINED_FUNCTION_16  stm32h5xx_hal_spi.o
    0x08004678   0x08004678   0x0000000a   Code   RO          675    .text.OUTLINED_FUNCTION_17  stm32h5xx_hal_rcc_ex.o
    0x08004682   0x08004682   0x00000008   Code   RO          677    .text.OUTLINED_FUNCTION_18  stm32h5xx_hal_rcc_ex.o
    0x0800468a   0x0800468a   0x0000000a   Code   RO          561    .text.OUTLINED_FUNCTION_2  stm32h5xx_hal_rcc.o
    0x08004694   0x08004694   0x00000008   Code   RO          645    .text.OUTLINED_FUNCTION_2  stm32h5xx_hal_rcc_ex.o
    0x0800469c   0x0800469c   0x00000008   Code   RO         2391    .text.OUTLINED_FUNCTION_2  stm32h5xx_hal_uart.o
    0x080046a4   0x080046a4   0x00000012   Code   RO         2740    .text.OUTLINED_FUNCTION_2  usbd.o
    0x080046b6   0x080046b6   0x00000008   Code   RO         1342    .text.OUTLINED_FUNCTION_20  stm32h5xx_hal_spi.o
    0x080046be   0x080046be   0x00000008   Code   RO          683    .text.OUTLINED_FUNCTION_21  stm32h5xx_hal_rcc_ex.o
    0x080046c6   0x080046c6   0x00000008   Code   RO          685    .text.OUTLINED_FUNCTION_22  stm32h5xx_hal_rcc_ex.o
    0x080046ce   0x080046ce   0x0000000a   Code   RO         1346    .text.OUTLINED_FUNCTION_22  stm32h5xx_hal_spi.o
    0x080046d8   0x080046d8   0x0000000e   Code   RO          687    .text.OUTLINED_FUNCTION_23  stm32h5xx_hal_rcc_ex.o
    0x080046e6   0x080046e6   0x0000000e   Code   RO          689    .text.OUTLINED_FUNCTION_24  stm32h5xx_hal_rcc_ex.o
    0x080046f4   0x080046f4   0x0000000a   Code   RO         1664    .text.OUTLINED_FUNCTION_24  stm32h5xx_hal_tim.o
    0x080046fe   0x080046fe   0x0000000e   Code   RO         1352    .text.OUTLINED_FUNCTION_25  stm32h5xx_hal_spi.o
    0x0800470c   0x0800470c   0x0000000c   Code   RO         2437    .text.OUTLINED_FUNCTION_25  stm32h5xx_hal_uart.o
    0x08004718   0x08004718   0x0000000a   Code   RO         1354    .text.OUTLINED_FUNCTION_26  stm32h5xx_hal_spi.o
    0x08004722   0x08004722   0x00000008   Code   RO          492    .text.OUTLINED_FUNCTION_3  stm32h5xx_hal_dma_ex.o
    0x0800472a   0x0800472a   0x00000012   Code   RO          563    .text.OUTLINED_FUNCTION_3  stm32h5xx_hal_rcc.o
    0x0800473c   0x0800473c   0x00000048   Code   RO          647    .text.OUTLINED_FUNCTION_3  stm32h5xx_hal_rcc_ex.o
    0x08004784   0x08004784   0x00000014   Code   RO         1308    .text.OUTLINED_FUNCTION_3  stm32h5xx_hal_spi.o
    0x08004798   0x08004798   0x00000016   Code   RO         2393    .text.OUTLINED_FUNCTION_3  stm32h5xx_hal_uart.o
    0x080047ae   0x080047ae   0x0000000e   Code   RO         2742    .text.OUTLINED_FUNCTION_3  usbd.o
    0x080047bc   0x080047bc   0x0000000e   Code   RO         2451    .text.OUTLINED_FUNCTION_32  stm32h5xx_hal_uart.o
    0x080047ca   0x080047ca   0x0000000e   Code   RO         2457    .text.OUTLINED_FUNCTION_35  stm32h5xx_hal_uart.o
    0x080047d8   0x080047d8   0x00000006   Code   RO         2461    .text.OUTLINED_FUNCTION_37  stm32h5xx_hal_uart.o
    0x080047de   0x080047de   0x00000006   Code   RO         2465    .text.OUTLINED_FUNCTION_39  stm32h5xx_hal_uart.o
    0x080047e4   0x080047e4   0x00000006   Code   RO          494    .text.OUTLINED_FUNCTION_4  stm32h5xx_hal_dma_ex.o
    0x080047ea   0x080047ea   0x0000000a   Code   RO          565    .text.OUTLINED_FUNCTION_4  stm32h5xx_hal_rcc.o
    0x080047f4   0x080047f4   0x00000048   Code   RO          649    .text.OUTLINED_FUNCTION_4  stm32h5xx_hal_rcc_ex.o
    0x0800483c   0x0800483c   0x00000010   Code   RO         2744    .text.OUTLINED_FUNCTION_4  usbd.o
    0x0800484c   0x0800484c   0x00000008   Code   RO         1708    .text.OUTLINED_FUNCTION_46  stm32h5xx_hal_tim.o
    0x08004854   0x08004854   0x0000000e   Code   RO          567    .text.OUTLINED_FUNCTION_5  stm32h5xx_hal_rcc.o
    0x08004862   0x08004862   0x00000008   Code   RO          651    .text.OUTLINED_FUNCTION_5  stm32h5xx_hal_rcc_ex.o
    0x0800486a   0x0800486a   0x00000014   Code   RO         2397    .text.OUTLINED_FUNCTION_5  stm32h5xx_hal_uart.o
    0x0800487e   0x0800487e   0x00000010   Code   RO         2746    .text.OUTLINED_FUNCTION_5  usbd.o
    0x0800488e   0x0800488e   0x0000000a   Code   RO         1718    .text.OUTLINED_FUNCTION_51  stm32h5xx_hal_tim.o
    0x08004898   0x08004898   0x0000000c   Code   RO         1724    .text.OUTLINED_FUNCTION_54  stm32h5xx_hal_tim.o
    0x080048a4   0x080048a4   0x0000000c   Code   RO          246    .text.OUTLINED_FUNCTION_6  stm32h5xx_hal_adc.o
    0x080048b0   0x080048b0   0x00000008   Code   RO          498    .text.OUTLINED_FUNCTION_6  stm32h5xx_hal_dma_ex.o
    0x080048b8   0x080048b8   0x0000000e   Code   RO          569    .text.OUTLINED_FUNCTION_6  stm32h5xx_hal_rcc.o
    0x080048c6   0x080048c6   0x00000010   Code   RO          653    .text.OUTLINED_FUNCTION_6  stm32h5xx_hal_rcc_ex.o
    0x080048d6   0x080048d6   0x0000000c   Code   RO         1314    .text.OUTLINED_FUNCTION_6  stm32h5xx_hal_spi.o
    0x080048e2   0x080048e2   0x0000000c   Code   RO         2399    .text.OUTLINED_FUNCTION_6  stm32h5xx_hal_uart.o
    0x080048ee   0x080048ee   0x00000010   Code   RO         2748    .text.OUTLINED_FUNCTION_6  usbd.o
    0x080048fe   0x080048fe   0x00000010   Code   RO          500    .text.OUTLINED_FUNCTION_7  stm32h5xx_hal_dma_ex.o
    0x0800490e   0x0800490e   0x0000000e   Code   RO          571    .text.OUTLINED_FUNCTION_7  stm32h5xx_hal_rcc.o
    0x0800491c   0x0800491c   0x00000022   Code   RO          655    .text.OUTLINED_FUNCTION_7  stm32h5xx_hal_rcc_ex.o
    0x0800493e   0x0800493e   0x0000000e   Code   RO         1630    .text.OUTLINED_FUNCTION_7  stm32h5xx_hal_tim.o
    0x0800494c   0x0800494c   0x00000006   Code   RO         2750    .text.OUTLINED_FUNCTION_7  usbd.o
    0x08004952   0x08004952   0x00000020   Code   RO          657    .text.OUTLINED_FUNCTION_8  stm32h5xx_hal_rcc_ex.o
    0x08004972   0x08004972   0x00000006   Code   RO         1318    .text.OUTLINED_FUNCTION_8  stm32h5xx_hal_spi.o
    0x08004978   0x08004978   0x00000010   Code   RO          252    .text.OUTLINED_FUNCTION_9  stm32h5xx_hal_adc.o
    0x08004988   0x08004988   0x0000000e   Code   RO          659    .text.OUTLINED_FUNCTION_9  stm32h5xx_hal_rcc_ex.o
    0x08004996   0x08004996   0x00000014   Code   RO         2405    .text.OUTLINED_FUNCTION_9  stm32h5xx_hal_uart.o
    0x080049aa   0x080049aa   0x00000002   Code   RO           69    .text.PendSV_Handler  stm32h5xx_it.o
    0x080049ac   0x080049ac   0x00000070   Code   RO          583    .text.RCCEx_PLL2_Config  stm32h5xx_hal_rcc_ex.o
    0x08004a1c   0x08004a1c   0x00000070   Code   RO          585    .text.RCCEx_PLL3_Config  stm32h5xx_hal_rcc_ex.o
    0x08004a8c   0x08004a8c   0x000000ac   Code   RO         1214    .text.SPI_CloseTransfer  stm32h5xx_hal_spi.o
    0x08004b38   0x08004b38   0x0000002a   Code   RO         1216    .text.SPI_WaitOnFlagUntilTimeout  stm32h5xx_hal_spi.o
    0x08004b62   0x08004b62   0x00000002   Code   RO           65    .text.SVC_Handler   stm32h5xx_it.o
    0x08004b64   0x08004b64   0x00000004   Code   RO           71    .text.SysTick_Handler  stm32h5xx_it.o
    0x08004b68   0x08004b68   0x000000a8   Code   RO           13    .text.SystemClock_Config  main.o
    0x08004c10   0x08004c10   0x00000098   Code   RO         2476    .text.SystemInit    system_stm32h5xx.o
    0x08004ca8   0x08004ca8   0x0000014c   Code   RO         1382    .text.TIM_Base_SetConfig  stm32h5xx_hal_tim.o
    0x08004df4   0x08004df4   0x000000a8   Code   RO         2253    .text.UART_AdvFeatureConfig  stm32h5xx_hal_uart.o
    0x08004e9c   0x08004e9c   0x00000092   Code   RO         2257    .text.UART_CheckIdleState  stm32h5xx_hal_uart.o
    0x08004f2e   0x08004f2e   0x00000002   PAD
    0x08004f30   0x08004f30   0x0000003c   Code   RO         2309    .text.UART_EndRxTransfer  stm32h5xx_hal_uart.o
    0x08004f6c   0x08004f6c   0x00000180   Code   RO         2255    .text.UART_SetConfig  stm32h5xx_hal_uart.o
    0x080050ec   0x080050ec   0x00000088   Code   RO         2271    .text.UART_WaitOnFlagUntilTimeout  stm32h5xx_hal_uart.o
    0x08005174   0x08005174   0x00000006   Code   RO           77    .text.USB_DRD_FS_IRQHandler  stm32h5xx_it.o
    0x0800517a   0x0800517a   0x00000002   Code   RO           63    .text.UsageFault_Handler  stm32h5xx_it.o
    0x0800517c   0x0800517c   0x00000016   Code   RO         2594    .text.advance_index  tusb_fifo.o
    0x08005192   0x08005192   0x00000002   PAD
    0x08005194   0x08005194   0x00000044   Code   RO         2898    .text.btable_set_rx_bufsize  fsdev_common.o
    0x080051d8   0x080051d8   0x00000068   Code   RO         2732    .text.configuration_reset  usbd.o
    0x08005240   0x08005240   0x0000005c   Code   RO         2773    .text.data_stage_xact  usbd_control.o
    0x0800529c   0x0800529c   0x00000028   Code   RO         2849    .text.dcd_edpt0_status_complete  dcd_stm32_fsdev.o
    0x080052c4   0x080052c4   0x00000084   Code   RO         2873    .text.dcd_edpt_clear_stall  dcd_stm32_fsdev.o
    0x08005348   0x08005348   0x00000044   Code   RO         2857    .text.dcd_edpt_close_all  dcd_stm32_fsdev.o
    0x0800538c   0x0800538c   0x000000f0   Code   RO         2851    .text.dcd_edpt_open  dcd_stm32_fsdev.o
    0x0800547c   0x0800547c   0x0000006c   Code   RO         2871    .text.dcd_edpt_stall  dcd_stm32_fsdev.o
    0x080054e8   0x080054e8   0x00000028   Code   RO         2843    .text.dcd_edpt_xfer  dcd_stm32_fsdev.o
    0x08005510   0x08005510   0x0000002c   Code   RO         2869    .text.dcd_edpt_xfer_fifo  dcd_stm32_fsdev.o
    0x0800553c   0x0800553c   0x00000084   Code   RO         2853    .text.dcd_ep_alloc  dcd_stm32_fsdev.o
    0x080055c0   0x080055c0   0x00000200   Code   RO         2698    .text.dcd_event_handler  usbd.o
    0x080057c0   0x080057c0   0x00000024   Code   RO         2831    .text.dcd_init      dcd_stm32_fsdev.o
    0x080057e4   0x080057e4   0x00000018   Code   RO         2859    .text.dcd_int_disable  dcd_stm32_fsdev.o
    0x080057fc   0x080057fc   0x00000018   Code   RO         2861    .text.dcd_int_enable  dcd_stm32_fsdev.o
    0x08005814   0x08005814   0x00000308   Code   RO         2847    .text.dcd_int_handler  dcd_stm32_fsdev.o
    0x08005b1c   0x08005b1c   0x00000044   Code   RO         2855    .text.dcd_pma_alloc  dcd_stm32_fsdev.o
    0x08005b60   0x08005b60   0x00000012   Code   RO         2841    .text.dcd_set_address  dcd_stm32_fsdev.o
    0x08005b72   0x08005b72   0x00000002   PAD
    0x08005b74   0x08005b74   0x00000014   Code   RO         2839    .text.dcd_sof_enable  dcd_stm32_fsdev.o
    0x08005b88   0x08005b88   0x000000bc   Code   RO         2877    .text.dcd_transmit_packet  dcd_stm32_fsdev.o
    0x08005c44   0x08005c44   0x00000078   Code   RO         2867    .text.edpt_xfer     dcd_stm32_fsdev.o
    0x08005cbc   0x08005cbc   0x00000040   Code   RO         2892    .text.fsdev_core_reset  fsdev_common.o
    0x08005cfc   0x08005cfc   0x000000a8   Code   RO         2833    .text.handle_bus_reset  dcd_stm32_fsdev.o
    0x08005da4   0x08005da4   0x0000004c   Code   RO           21    .text.handle_potentiometers  main.o
    0x08005df0   0x08005df0   0x0000001c   Code   RO         2734    .text.invoke_class_control  usbd.o
    0x08005e0c   0x08005e0c   0x00000240   Code   RO           11    .text.main          main.o
    0x0800604c   0x0800604c   0x00000038   Code   RO           15    .text.mcp23s17_init  main.o
    0x08006084   0x08006084   0x0000004c   Code   RO           27    .text.mcp23s17_read_reg  main.o
    0x080060d0   0x080060d0   0x0000003c   Code   RO           25    .text.mcp23s17_write_reg  main.o
    0x0800610c   0x0800610c   0x00000050   Code   RO           23    .text.midi_task     main.o
    0x0800615c   0x0800615c   0x00000004   Code   RO         2818    .text.midid_control_xfer_cb  midi_device.o
    0x08006160   0x08006160   0x00000004   Code   RO         2812    .text.midid_deinit  midi_device.o
    0x08006164   0x08006164   0x00000044   Code   RO         2810    .text.midid_init    midi_device.o
    0x080061a8   0x080061a8   0x00000124   Code   RO         2816    .text.midid_open    midi_device.o
    0x080062cc   0x080062cc   0x00000028   Code   RO         2814    .text.midid_reset   midi_device.o
    0x080062f4   0x080062f4   0x000000a0   Code   RO         2820    .text.midid_xfer_cb  midi_device.o
    0x08006394   0x08006394   0x00000024   Code   RO         2896    .text.pma_align_buffer_size  fsdev_common.o
    0x080063b8   0x080063b8   0x000000f0   Code   RO           19    .text.scan_matrix   main.o
    0x080064a8   0x080064a8   0x0000002c   Code   RO           31    .text.send_midi_cc  main.o
    0x080064d4   0x080064d4   0x0000003a   Code   RO           29    .text.send_midi_note  main.o
    0x0800650e   0x0800650e   0x00000018   Code   RO         2769    .text.status_stage_xact  usbd_control.o
    0x08006526   0x08006526   0x00000012   Code   RO         2553    .text.stream_claim  tusb.o
    0x08006538   0x08006538   0x00000010   Code   RO         2559    .text.stream_release  tusb.o
    0x08006548   0x08006548   0x00000034   Code   RO         2555    .text.stream_xfer   tusb.o
    0x0800657c   0x0800657c   0x00000058   Code   RO         2547    .text.tu_bind_driver_to_ep_itf  tusb.o
    0x080065d4   0x080065d4   0x00000028   Code   RO         2543    .text.tu_edpt_claim  tusb.o
    0x080065fc   0x080065fc   0x0000001c   Code   RO         2545    .text.tu_edpt_release  tusb.o
    0x08006618   0x08006618   0x00000026   Code   RO         2549    .text.tu_edpt_stream_init  tusb.o
    0x0800663e   0x0800663e   0x0000001a   Code   RO         2567    .text.tu_edpt_stream_read  tusb.o
    0x08006658   0x08006658   0x0000007c   Code   RO         2565    .text.tu_edpt_stream_read_xfer  tusb.o
    0x080066d4   0x080066d4   0x00000040   Code   RO         2561    .text.tu_edpt_stream_write  tusb.o
    0x08006714   0x08006714   0x00000018   Code   RO         2563    .text.tu_edpt_stream_write_available  tusb.o
    0x0800672c   0x0800672c   0x00000070   Code   RO         2557    .text.tu_edpt_stream_write_xfer  tusb.o
    0x0800679c   0x0800679c   0x00000040   Code   RO         2551    .text.tu_edpt_stream_write_zlp_if_needed  tusb.o
    0x080067dc   0x080067dc   0x00000008   Code   RO         2580    .text.tu_fifo_clear  tusb_fifo.o
    0x080067e4   0x080067e4   0x00000024   Code   RO         2578    .text.tu_fifo_config  tusb_fifo.o
    0x08006808   0x08006808   0x00000130   Code   RO         2588    .text.tu_fifo_peek_n_access_mode  tusb_fifo.o
    0x08006938   0x08006938   0x00000026   Code   RO         2592    .text.tu_fifo_read_n_access_mode  tusb_fifo.o
    0x0800695e   0x0800695e   0x00000196   Code   RO         2596    .text.tu_fifo_write_n_access_mode  tusb_fifo.o
    0x08006af4   0x08006af4   0x00000030   Code   RO         2586    .text.tu_hwfifo_read  tusb_fifo.o
    0x08006b24   0x08006b24   0x00000034   Code   RO         2584    .text.tu_hwfifo_write  tusb_fifo.o
    0x08006b58   0x08006b58   0x00000018   Code   RO         2767    .text.tud_control_status  usbd_control.o
    0x08006b70   0x08006b70   0x00000060   Code   RO         2771    .text.tud_control_xfer  usbd_control.o
    0x08006bd0   0x08006bd0   0x00000004   Code   RO         2630    .text.tud_descriptor_bos_cb  usbd.o
    0x08006bd4   0x08006bd4   0x00000008   Code   RO         2493    .text.tud_descriptor_configuration_cb  usb_descriptors.o
    0x08006bdc   0x08006bdc   0x00000008   Code   RO         2491    .text.tud_descriptor_device_cb  usb_descriptors.o
    0x08006be4   0x08006be4   0x00000004   Code   RO         2632    .text.tud_descriptor_device_qualifier_cb  usbd.o
    0x08006be8   0x08006be8   0x00000004   Code   RO         2634    .text.tud_descriptor_other_speed_configuration_cb  usbd.o
    0x08006bec   0x08006bec   0x00000060   Code   RO         2495    .text.tud_descriptor_string_cb  usb_descriptors.o
    0x08006c4c   0x08006c4c   0x00000002   Code   RO         2626    .text.tud_event_hook_cb  usbd.o
    0x08006c4e   0x08006c4e   0x00000002   PAD
    0x08006c50   0x08006c50   0x0000002c   Code   RO         2796    .text.tud_midi_n_available  midi_device.o
    0x08006c7c   0x08006c7c   0x00000020   Code   RO         2794    .text.tud_midi_n_mounted  midi_device.o
    0x08006c9c   0x08006c9c   0x00000020   Code   RO         2800    .text.tud_midi_n_packet_read  midi_device.o
    0x08006cbc   0x08006cbc   0x00000150   Code   RO         2804    .text.tud_midi_n_stream_write  midi_device.o
    0x08006e0c   0x08006e0c   0x00000002   Code   RO         2792    .text.tud_midi_rx_cb  midi_device.o
    0x08006e0e   0x08006e0e   0x00000002   Code   RO         2636    .text.tud_mount_cb  usbd.o
    0x08006e10   0x08006e10   0x00000002   Code   RO         2642    .text.tud_resume_cb  usbd.o
    0x08006e12   0x08006e12   0x00000002   PAD
    0x08006e14   0x08006e14   0x000000cc   Code   RO         2688    .text.tud_rhport_init  usbd.o
    0x08006ee0   0x08006ee0   0x00000002   Code   RO         2628    .text.tud_sof_cb    usbd.o
    0x08006ee2   0x08006ee2   0x00000002   Code   RO         2640    .text.tud_suspend_cb  usbd.o
    0x08006ee4   0x08006ee4   0x00000648   Code   RO         2694    .text.tud_task_ext  usbd.o
    0x0800752c   0x0800752c   0x00000002   Code   RO         2638    .text.tud_umount_cb  usbd.o
    0x0800752e   0x0800752e   0x00000004   Code   RO         2644    .text.tud_vendor_control_xfer_cb  usbd.o
    0x08007532   0x08007532   0x00000002   PAD
    0x08007534   0x08007534   0x00000054   Code   RO         2511    .text.tusb_hal_init  tusb_port.o
    0x08007588   0x08007588   0x00000064   Code   RO         2529    .text.tusb_rhport_init  tusb.o
    0x080075ec   0x080075ec   0x00000008   Code   RO         2660    .text.usbd_app_driver_get_cb  usbd.o
    0x080075f4   0x080075f4   0x0000000c   Code   RO         2775    .text.usbd_control_reset  usbd_control.o
    0x08007600   0x08007600   0x00000008   Code   RO         2777    .text.usbd_control_set_complete_callback  usbd_control.o
    0x08007608   0x08007608   0x00000014   Code   RO         2779    .text.usbd_control_set_request  usbd_control.o
    0x0800761c   0x0800761c   0x000000b8   Code   RO         2781    .text.usbd_control_xfer_cb  usbd_control.o
    0x080076d4   0x080076d4   0x00000018   Code   RO         2710    .text.usbd_edpt_claim  usbd.o
    0x080076ec   0x080076ec   0x00000028   Code   RO         2722    .text.usbd_edpt_clear_stall  usbd.o
    0x08007714   0x08007714   0x00000020   Code   RO         2706    .text.usbd_edpt_open  usbd.o
    0x08007734   0x08007734   0x00000018   Code   RO         2712    .text.usbd_edpt_release  usbd.o
    0x0800774c   0x0800774c   0x00000028   Code   RO         2720    .text.usbd_edpt_stall  usbd.o
    0x08007774   0x08007774   0x0000003c   Code   RO         2714    .text.usbd_edpt_xfer  usbd.o
    0x080077b0   0x080077b0   0x00000044   Code   RO         2716    .text.usbd_edpt_xfer_fifo  usbd.o
    0x080077f4   0x080077f4   0x00000014   Code   RO         2658    .text.usbd_int_set  usbd.o
    0x08007808   0x08007808   0x0000000e   Code   RO         2696    .text.usbd_reset    usbd.o
    0x08007816   0x08007816   0x0000001a   Code   RO         3038    x$fpl$fpinit        fz_wm.l(fpinit.o)
    0x08007830   0x08007830   0x00000002   Data   RO         2499    .rodata..compoundliteral  usb_descriptors.o
    0x08007832   0x08007832   0x00000010   Data   RO         2481    .rodata.AHBPrescTable  system_stm32h5xx.o
    0x08007842   0x08007842   0x00000008   Data   RO         2482    .rodata.APBPrescTable  system_stm32h5xx.o
    0x0800784a   0x0800784a   0x00000018   Data   RO         2467    .rodata.UARTPrescTable  stm32h5xx_hal_uart.o
    0x08007862   0x08007862   0x00000002   PAD
    0x08007864   0x08007864   0x00000024   Data   RO         2754    .rodata._usbd_driver  usbd.o
    0x08007888   0x08007888   0x00000012   Data   RO         2497    .rodata.desc_device  usb_descriptors.o
    0x0800789a   0x0800789a   0x00000065   Data   RO         2498    .rodata.desc_fs_configuration  usb_descriptors.o
    0x080078ff   0x080078ff   0x0000003f   Data   RO         2500    .rodata.str1.1      usb_descriptors.o
    0x0800793e   0x0800793e   0x00000002   PAD
    0x08007940   0x08007940   0x00000020   Data   RO         3099    Region$$Table       anon$$obj.o


    Execution Region RW_IRAM1 (Exec base: 0x20000000, Load base: 0x08007960, Size: 0x00000d00, Max: 0x00044000, ABSOLUTE)

    Exec Addr    Load Addr    Size         Type   Attr      Idx    E Section Name        Object

    0x20000000   0x08007960   0x00000002   Data   RW           45    .data..L_MergedGlobals  main.o
    0x20000002   0x08007962   0x00000002   PAD
    0x20000004   0x08007964   0x00000008   Data   RW         1165    .data..L_MergedGlobals  stm32h5xx_hal.o
    0x2000000c   0x0800796c   0x00000018   Data   RW         2755    .data..L_MergedGlobals  usbd.o
    0x20000024   0x08007984   0x00000004   Data   RW          158    .data.COM_USART     stm32h5xx_nucleo.o
    0x20000028   0x08007988   0x00000004   Data   RW         2480    .data.SystemCoreClock  system_stm32h5xx.o
    0x2000002c   0x0800798c   0x00000014   Data   RW         2501    .data.string_desc_arr  usb_descriptors.o
    0x20000040        -       0x00000060   Zero   RW         2964    .bss                c_w.l(libspace.o)
    0x200000a0        -       0x00000054   Zero   RW         2783    .bss..L_MergedGlobals  usbd_control.o
    0x200000f4        -       0x00000022   Zero   RW         2883    .bss..L_MergedGlobals  dcd_stm32_fsdev.o
    0x20000116   0x080079a0   0x00000002   PAD
    0x20000118        -       0x00000038   Zero   RW           46    .bss..L_MergedGlobals.1  main.o
    0x20000150        -       0x00000043   Zero   RW         2756    .bss..L_MergedGlobals.1  usbd.o
    0x20000193   0x080079a0   0x00000001   PAD
    0x20000194        -       0x00000018   Zero   RW           41    .bss.List_GPDMA1_Channel0  main.o
    0x200001ac        -       0x00000024   Zero   RW           40    .bss.Node_GPDMA1_Channel0  main.o
    0x200001d0        -       0x00000040   Zero   RW         2502    .bss._desc_str      usb_descriptors.o
    0x20000210        -       0x000000c0   Zero   RW         2822    .bss._midid_itf     midi_device.o
    0x200002d0        -       0x00000002   Zero   RW         2569    .bss._tusb_rhport_role  tusb.o
    0x200002d2        -       0x000000c0   Zero   RW         2752    .bss._usbd_qdef_buf  usbd.o
    0x20000392   0x080079a0   0x00000002   PAD
    0x20000394        -       0x00000068   Zero   RW           36    .bss.hadc1          main.o
    0x200003fc        -       0x00000078   Zero   RW           42    .bss.handle_GPDMA1_Channel0  main.o
    0x20000474        -       0x00000094   Zero   RW          160    .bss.hcom_uart      stm32h5xx_nucleo.o
    0x20000508        -       0x0000000c   Zero   RW          159    .bss.hpb_exti       stm32h5xx_nucleo.o
    0x20000514        -       0x00000090   Zero   RW           38    .bss.hspi1          main.o
    0x200005a4        -       0x0000004c   Zero   RW           37    .bss.htim6          main.o
    0x200005f0        -       0x00000004   Zero   RW           39    .bss.midi_task.blink_ms  main.o
    0x200005f4        -       0x00000001   Zero   RW         2881    .bss.remoteWakeCountdown  dcd_stm32_fsdev.o
    0x200005f5   0x080079a0   0x00000003   PAD
    0x200005f8        -       0x00000004   Zero   RW         1164    .bss.uwTick         stm32h5xx_hal.o
    0x200005fc        -       0x00000100   Zero   RW         2882    .bss.xfer_status    dcd_stm32_fsdev.o
    0x200006fc   0x080079a0   0x00000004   PAD
    0x20000700        -       0x00000200   Zero   RW            2    HEAP                startup_stm32h533xx.o
    0x20000900        -       0x00000400   Zero   RW            1    STACK               startup_stm32h533xx.o


==============================================================================

Image component sizes


      Code (inc. data)   RO Data    RW Data    ZI Data      Debug   Object Name

      2256        108          0          0        291      29386   dcd_stm32_fsdev.o
       168          8          0          0          0       2713   fsdev_common.o
      1450         60          0          2        564      25121   main.o
      1014         16          0          0        192      15825   midi_device.o
        68         28        596          0       1536       1036   startup_stm32h533xx.o
       260         24          0          8          4      14631   stm32h5xx_hal.o
      1922        104          0          0          0      26537   stm32h5xx_hal_adc.o
       364         38          0          0          0      14215   stm32h5xx_hal_cortex.o
       560          0          0          0          0      11013   stm32h5xx_hal_dma.o
      2096        140          0          0          0      30247   stm32h5xx_hal_dma_ex.o
       112          4          0          0          0       7399   stm32h5xx_hal_exti.o
       396          8          0          0          0       5448   stm32h5xx_hal_gpio.o
       558         40          0          0          0      19795   stm32h5xx_hal_msp.o
        16          4          0          0          0       7715   stm32h5xx_hal_pwr_ex.o
      2330         80          0          0          0      13144   stm32h5xx_hal_rcc.o
      5534        266          0          0          0      22471   stm32h5xx_hal_rcc_ex.o
      2144         60          0          0          0      24471   stm32h5xx_hal_spi.o
       674        116          0          0          0      55731   stm32h5xx_hal_tim.o
       196          4          0          0          0      29455   stm32h5xx_hal_tim_ex.o
      1120         52         24          0          0      33575   stm32h5xx_hal_uart.o
        44          4          0          0          0       4268   stm32h5xx_it.o
       362         36          0          4        160      15707   stm32h5xx_nucleo.o
       152         28         24          4          0       6038   system_stm32h5xx.o
       794         16          0          0          2      13573   tusb.o
       914          0          0          0          0      16309   tusb_fifo.o
        84          4          0          0          0       6872   tusb_port.o
       112         16        184         20         64       3045   usb_descriptors.o
      2936        106         36         24        259      31321   usbd.o
       460         12          0          0         84       5426   usbd_control.o

    ----------------------------------------------------------------------
     29120       1382        900         64       3168     492487   Object Totals
         0          0         32          0          0          0   (incl. Generated)
        24          0          4          2         12          0   (incl. Padding)

    ----------------------------------------------------------------------

      Code (inc. data)   RO Data    RW Data    ZI Data      Debug   Library Member Name

         8          0          0          0          0         68   __main.o
         0          0          0          0          0          0   __rtentry.o
        12          0          0          0          0          0   __rtentry2.o
         6          0          0          0          0          0   __rtentry4.o
        94          8          0          0          0          0   __scatter.o
        26          0          0          0          0          0   __scatter_copy.o
        28          0          0          0          0          0   __scatter_zi.o
        16          0          0          0          0         68   aeabi_memset.o
        18          0          0          0          0         80   exit.o
         6          0          0          0          0        152   heapauxi.o
         0          0          0          0          0          0   indicate_semi.o
         2          0          0          0          0          0   libinit.o
         6          0          0          0          0          0   libinit2.o
         2          0          0          0          0          0   libshutdown.o
         2          0          0          0          0          0   libshutdown2.o
         8          4          0          0         96         68   libspace.o
       240          0          0          0          0        100   lludivv7m.o
        68          0          0          0          0         68   rt_memclr.o
        78          0          0          0          0         80   rt_memclr_w.o
       138          0          0          0          0         68   rt_memcpy_v6.o
       100          0          0          0          0         80   rt_memcpy_w.o
         2          0          0          0          0          0   rtexit.o
        10          0          0          0          0          0   rtexit2.o
        62          0          0          0          0         76   strlen.o
        12          4          0          0          0         68   sys_exit.o
        74          0          0          0          0         80   sys_stackheap_outer.o
         2          0          0          0          0         68   use_no_semi.o
        26          0          0          0          0        116   fpinit.o

    ----------------------------------------------------------------------
      1052         16          0          0         96       1240   Library Totals
         6          0          0          0          0          0   (incl. Padding)

    ----------------------------------------------------------------------

      Code (inc. data)   RO Data    RW Data    ZI Data      Debug   Library Name

      1020         16          0          0         96       1124   c_w.l
        26          0          0          0          0        116   fz_wm.l

    ----------------------------------------------------------------------
      1052         16          0          0         96       1240   Library Totals

    ----------------------------------------------------------------------

==============================================================================


      Code (inc. data)   RO Data    RW Data    ZI Data      Debug   

     30172       1398        900         64       3264     492735   Grand Totals
     30172       1398        900         64       3264     492735   ELF Image Totals
     30172       1398        900         64          0          0   ROM Totals

==============================================================================

    Total RO  Size (Code + RO Data)                31072 (  30.34kB)
    Total RW  Size (RW Data + ZI Data)              3328 (   3.25kB)
    Total ROM Size (Code + RO Data + RW Data)      31136 (  30.41kB)

==============================================================================

